Component: Arm Compiler for Embedded 6.18 Tool: armlink [5e4cc100]

==============================================================================

Section Cross References

    main.o(.text.Init_Sensors) refers to main.o(.bss.sensors) for sensors
    main.o(.ARM.exidx.text.Init_Sensors) refers to main.o(.text.Init_Sensors) for [Anonymous Symbol]
    main.o(.text.USART2_IRQHandler) refers to main.o(.bss.uart_rx_head) for uart_rx_head
    main.o(.text.USART2_IRQHandler) refers to main.o(.bss.uart_rx_tail) for uart_rx_tail
    main.o(.text.USART2_IRQHandler) refers to main.o(.bss.uart_rx_buf) for uart_rx_buf
    main.o(.ARM.exidx.text.USART2_IRQHandler) refers to main.o(.text.USART2_IRQHandler) for [Anonymous Symbol]
    main.o(.text.USART2_Init) refers to main.o(.text.Get_APB1_FREQ) for Get_APB1_FREQ
    main.o(.text.USART2_Init) refers to main.o(.text.__NVIC_EnableIRQ) for __NVIC_EnableIRQ
    main.o(.ARM.exidx.text.USART2_Init) refers to main.o(.text.USART2_Init) for [Anonymous Symbol]
    main.o(.text.Get_APB1_FREQ) refers to system_stm32f10x.o(.data.SystemCoreClock) for SystemCoreClock
    main.o(.ARM.exidx.text.Get_APB1_FREQ) refers to main.o(.text.Get_APB1_FREQ) for [Anonymous Symbol]
    main.o(.ARM.exidx.text.__NVIC_EnableIRQ) refers to main.o(.text.__NVIC_EnableIRQ) for [Anonymous Symbol]
    main.o(.ARM.exidx.text.USART2_Send) refers to main.o(.text.USART2_Send) for [Anonymous Symbol]
    main.o(.text.USART2_Print) refers to main.o(.text.USART2_Send) for USART2_Send
    main.o(.ARM.exidx.text.USART2_Print) refers to main.o(.text.USART2_Print) for [Anonymous Symbol]
    main.o(.text.USART2_PrintFloat) refers to fcmp.o(x$fpl$fcmp) for __aeabi_fcmpge
    main.o(.text.USART2_PrintFloat) refers to main.o(.text.USART2_Send) for USART2_Send
    main.o(.text.USART2_PrintFloat) refers to ffix.o(x$fpl$ffix) for __aeabi_f2iz
    main.o(.text.USART2_PrintFloat) refers to fflt_clz.o(x$fpl$fflt) for __aeabi_i2f
    main.o(.text.USART2_PrintFloat) refers to faddsub_clz.o(x$fpl$fsub) for __aeabi_fsub
    main.o(.text.USART2_PrintFloat) refers to fmul.o(x$fpl$fmul) for __aeabi_fmul
    main.o(.text.USART2_PrintFloat) refers to faddsub_clz.o(x$fpl$fadd) for __aeabi_fadd
    main.o(.text.USART2_PrintFloat) refers to main.o(.text.USART2_PrintUInt) for USART2_PrintUInt
    main.o(.text.USART2_PrintFloat) refers to main.o(.text.USART2_Print) for USART2_Print
    main.o(.ARM.exidx.text.USART2_PrintFloat) refers to main.o(.text.USART2_PrintFloat) for [Anonymous Symbol]
    main.o(.text.USART2_PrintUInt) refers to main.o(.text.USART2_Send) for USART2_Send
    main.o(.ARM.exidx.text.USART2_PrintUInt) refers to main.o(.text.USART2_PrintUInt) for [Anonymous Symbol]
    main.o(.text.main) refers to system_stm32f10x.o(.data.SystemCoreClock) for SystemCoreClock
    main.o(.text.main) refers to main.o(.text.SysTick_Config) for SysTick_Config
    main.o(.text.main) refers to main.o(.text.LED_Init) for LED_Init
    main.o(.text.main) refers to main.o(.text.USART2_Init) for USART2_Init
    main.o(.text.main) refers to main.o(.text.I2C1_Init_LM75B) for I2C1_Init_LM75B
    main.o(.text.main) refers to main.o(.text.LM75B_OS_Init) for LM75B_OS_Init
    main.o(.text.main) refers to main.o(.bss.lm75b_ok) for lm75b_ok
    main.o(.text.main) refers to main.o(.text.LM75B_ConfigOS) for LM75B_ConfigOS
    main.o(.text.main) refers to main.o(.bss.lm75b_os_config_ok) for lm75b_os_config_ok
    main.o(.text.main) refers to ds18b20.o(.text.ds18b20_PortInit) for ds18b20_PortInit
    main.o(.text.main) refers to ds18b20.o(.text.ds18b20_Reset) for ds18b20_Reset
    main.o(.text.main) refers to main.o(.text.Init_Sensors) for Init_Sensors
    main.o(.text.main) refers to main.o(.bss.sensors) for sensors
    main.o(.text.main) refers to ds18b20.o(.text.Search_ROM) for Search_ROM
    main.o(.text.main) refers to main.o(.data.ds18b20_resolution_bits) for ds18b20_resolution_bits
    main.o(.text.main) refers to main.o(.bss.ds18b20_tl_c) for ds18b20_tl_c
    main.o(.text.main) refers to main.o(.data.ds18b20_th_c) for ds18b20_th_c
    main.o(.text.main) refers to main.o(.text.DS18B20_ApplyConfigToSlot) for DS18B20_ApplyConfigToSlot
    main.o(.text.main) refers to main.o(.rodata.str1.1) for .L.str
    main.o(.text.main) refers to main.o(.text.USART2_Print) for USART2_Print
    main.o(.text.main) refers to main.o(.text.USART2_PrintUInt) for USART2_PrintUInt
    main.o(.text.main) refers to main.o(.text.LM75B_OS_IsActive) for LM75B_OS_IsActive
    main.o(.text.main) refers to main.o(.text.ProcessUartCommands) for ProcessUartCommands
    main.o(.text.main) refers to ds18b20.o(.text.ds18b20_ConvertTemp) for ds18b20_ConvertTemp
    main.o(.text.main) refers to ds18b20.o(.text.DelayMicro) for DelayMicro
    main.o(.text.main) refers to ds18b20.o(.text.ds18b20_ReadStratchpad) for ds18b20_ReadStratchpad
    main.o(.text.main) refers to ds18b20.o(.text.Compute_CRC8) for Compute_CRC8
    main.o(.text.main) refers to main.o(.text.USART2_Send) for USART2_Send
[...]
    Removing main.o(.ARM.exidx.text.DS18B20_ReadSlotFromUart), (8 bytes).
    Removing main.o(.ARM.exidx.text.ParseIntSimple), (8 bytes).
    Removing main.o(.ARM.exidx.text.DS18B20_ApplyConfigSelected), (8 bytes).
    Removing main.o(.ARM.exidx.text.DS18B20_PrintROM), (8 bytes).
    Removing main.o(.ARM.exidx.text.NextField), (8 bytes).
    Removing main.o(.ARM.exidx.text.LED_On), (8 bytes).
    Removing main.o(.ARM.use_no_argv), (4 bytes).
    Removing ds18b20.o(.text), (0 bytes).
    Removing ds18b20.o(.ARM.exidx.text.SysTick_Handler), (8 bytes).
    Removing ds18b20.o(.ARM.exidx.text.DelayMicro), (8 bytes).
    Removing ds18b20.o(.ARM.exidx.text.ds18b20_PortInit), (8 bytes).
    Removing ds18b20.o(.ARM.exidx.text.ds18b20_Reset), (8 bytes).
    Removing ds18b20.o(.ARM.exidx.text.ds18b20_ReadBit), (8 bytes).
    Removing ds18b20.o(.ARM.exidx.text.ds18b20_ReadByte), (8 bytes).
    Removing ds18b20.o(.ARM.exidx.text.ds18b20_WriteBit), (8 bytes).
    Removing ds18b20.o(.ARM.exidx.text.ds18b20_WriteByte), (8 bytes).
    Removing ds18b20.o(.ARM.exidx.text.ds18b20_MatchRom), (8 bytes).
    Removing ds18b20.o(.ARM.exidx.text.ds18b20_WriteConfig), (8 bytes).
    Removing ds18b20.o(.ARM.exidx.text.ds18b20_ResolutionToConfig), (8 bytes).
    Removing ds18b20.o(.ARM.exidx.text.ds18b20_SelectDevice), (8 bytes).
    Removing ds18b20.o(.text.ds18b20_Init), (44 bytes).
    Removing ds18b20.o(.ARM.exidx.text.ds18b20_Init), (8 bytes).
    Removing ds18b20.o(.ARM.exidx.text.ds18b20_ConvertTemp), (8 bytes).
    Removing ds18b20.o(.ARM.exidx.text.ds18b20_ReadStratchpad), (8 bytes).
    Removing ds18b20.o(.text.ds18b20_ReadROM), (64 bytes).
    Removing ds18b20.o(.ARM.exidx.text.ds18b20_ReadROM), (8 bytes).
    Removing ds18b20.o(.ARM.exidx.text.Compute_CRC8), (8 bytes).
    Removing ds18b20.o(.ARM.exidx.text.Search_ROM), (8 bytes).
    Removing ds18b20.o(.bss.onewire_enum_fork_bit), (1 bytes).
    Removing system_stm32f10x.o(.text), (0 bytes).
    Removing system_stm32f10x.o(.ARM.exidx.text.SystemInit), (8 bytes).
    Removing system_stm32f10x.o(.ARM.exidx.text.SetSysClock), (8 bytes).
    Removing system_stm32f10x.o(.text.SystemCoreClockUpdate), (290 bytes).
    Removing system_stm32f10x.o(.ARM.exidx.text.SystemCoreClockUpdate), (8 bytes).
    Removing system_stm32f10x.o(.ARM.exidx.text.SetSysClockTo72), (8 bytes).
    Removing system_stm32f10x.o(.rodata.AHBPrescTable), (16 bytes).

88 unused section(s) (total 1051 bytes) removed from the image.

==============================================================================

Image Symbol Table

    Local Symbols

    Symbol Name                              Value     Ov Type        Size  Object(Section)

    ../clib/angel/boardlib.s                 0x00000000   Number         0  boardinit1.o ABSOLUTE
    ../clib/angel/boardlib.s                 0x00000000   Number         0  boardinit2.o ABSOLUTE
    ../clib/angel/boardlib.s                 0x00000000   Number         0  boardinit3.o ABSOLUTE
    ../clib/angel/boardlib.s                 0x00000000   Number         0  boardshut.o ABSOLUTE
    ../clib/angel/handlers.s                 0x00000000   Number         0  __scatter_copy.o ABSOLUTE
    ../clib/angel/handlers.s                 0x00000000   Number         0  __scatter_zi.o ABSOLUTE
    ../clib/angel/kernel.s                   0x00000000   Number         0  __rtentry.o ABSOLUTE
    ../clib/angel/kernel.s                   0x00000000   Number         0  __rtentry2.o ABSOLUTE
    ../clib/angel/kernel.s                   0x00000000   Number         0  __rtentry4.o ABSOLUTE
    ../clib/angel/kernel.s                   0x00000000   Number         0  rtexit.o ABSOLUTE
    ../clib/angel/kernel.s                   0x00000000   Number         0  rtexit2.o ABSOLUTE
    ../clib/angel/rt.s                       0x00000000   Number         0  rt_raise.o ABSOLUTE
    ../clib/angel/scatter.s                  0x00000000   Number         0  __scatter.o ABSOLUTE
    ../clib/angel/startup.s                  0x00000000   Number         0  __main.o ABSOLUTE
    ../clib/angel/sys.s                      0x00000000   Number         0  sys_stackheap_outer.o ABSOLUTE
    ../clib/angel/sys.s                      0x00000000   Number         0  libspace.o ABSOLUTE
    ../clib/angel/sys.s                      0x00000000   Number         0  use_no_semi.o ABSOLUTE
    ../clib/angel/sys.s                      0x00000000   Number         0  indicate_semi.o ABSOLUTE
    ../clib/angel/sysapp.c                   0x00000000   Number         0  sys_exit.o ABSOLUTE
    ../clib/angel/sysapp.c                   0x00000000   Number         0  sys_exit_hlt.o ABSOLUTE
    ../clib/angel/sysapp.c                   0x00000000   Number         0  sys_command.o ABSOLUTE
    ../clib/angel/sysapp.c                   0x00000000   Number         0  sys_command_hlt.o ABSOLUTE
    ../clib/angel/sysapp.c                   0x00000000   Number         0  sys_wrch.o ABSOLUTE
    ../clib/angel/sysapp.c                   0x00000000   Number         0  sys_wrch_hlt.o ABSOLUTE
    ../clib/armsys.c                         0x00000000   Number         0  argv_veneer.o ABSOLUTE
    ../clib/armsys.c                         0x00000000   Number         0  argv_veneer.o ABSOLUTE
    ../clib/armsys.c                         0x00000000   Number         0  _get_argv_nomalloc.o ABSOLUTE
    ../clib/armsys.c                         0x00000000   Number         0  no_argv.o ABSOLUTE
    ../clib/heapalloc.c                      0x00000000   Number         0  hrguard.o ABSOLUTE
    ../clib/heapaux.c                        0x00000000   Number         0  heapauxi.o ABSOLUTE
    ../clib/libinit.s                        0x00000000   Number         0  libinit.o ABSOLUTE
    ../clib/libinit.s                        0x00000000   Number         0  libinit2.o ABSOLUTE
    ../clib/libinit.s                        0x00000000   Number         0  libshutdown.o ABSOLUTE
    ../clib/libinit.s                        0x00000000   Number         0  libshutdown2.o ABSOLUTE
    ../clib/signal.c                         0x00000000   Number         0  defsig_rtmem_outer.o ABSOLUTE
    ../clib/signal.c                         0x00000000   Number         0  defsig_rtmem_formal.o ABSOLUTE
    ../clib/signal.c                         0x00000000   Number         0  defsig_exit.o ABSOLUTE
    ../clib/signal.c                         0x00000000   Number         0  defsig_rtmem_inner.o ABSOLUTE
    ../clib/signal.c                         0x00000000   Number         0  __raise.o ABSOLUTE
    ../clib/signal.c                         0x00000000   Number         0  defsig_general.o ABSOLUTE
    ../clib/signal.c                         0x00000000   Number         0  defsig_abrt_inner.o ABSOLUTE
    ../clib/signal.c                         0x00000000   Number         0  defsig_fpe_inner.o ABSOLUTE
    ../clib/signal.c                         0x00000000   Number         0  defsig_rtred_inner.o ABSOLUTE
    ../clib/signal.c                         0x00000000   Number         0  defsig_stak_inner.o ABSOLUTE
    ../clib/signal.c                         0x00000000   Number         0  defsig_pvfn_inner.o ABSOLUTE
    ../clib/signal.c                         0x00000000   Number         0  defsig_cppl_inner.o ABSOLUTE
    ../clib/signal.c                         0x00000000   Number         0  defsig_segv_inner.o ABSOLUTE
    ../clib/signal.c                         0x00000000   Number         0  defsig_other.o ABSOLUTE
    ../clib/signal.s                         0x00000000   Number         0  defsig.o ABSOLUTE
    ../clib/stdlib.c                         0x00000000   Number         0  exit.o ABSOLUTE
    ../fplib/faddsub.s                       0x00000000   Number         0  faddsub_clz.o ABSOLUTE
    ../fplib/fcmp.s                          0x00000000   Number         0  fcmp.o ABSOLUTE
    ../fplib/fcmpi.s                         0x00000000   Number         0  fcmpi.o ABSOLUTE
    ../fplib/fdiv.s                          0x00000000   Number         0  fdiv.o ABSOLUTE
    ../fplib/feqf.s                          0x00000000   Number         0  feqf.o ABSOLUTE
    ../fplib/ffix.s                          0x00000000   Number         0  ffix.o ABSOLUTE
    ../fplib/fflt.s                          0x00000000   Number         0  fflt_clz.o ABSOLUTE
    ../fplib/fgeqf.s                         0x00000000   Number         0  fgeqf.o ABSOLUTE
    ../fplib/fleqf.s                         0x00000000   Number         0  fleqf.o ABSOLUTE
    ../fplib/fmul.s                          0x00000000   Number         0  fmul.o ABSOLUTE
    ../fplib/fnaninf.s                       0x00000000   Number         0  fnaninf.o ABSOLUTE
    ../fplib/fpinit.s                        0x00000000   Number         0  fpinit.o ABSOLUTE
    ../fplib/fpinit_empty.s                  0x00000000   Number         0  fpinit_empty.o ABSOLUTE
    ../fplib/fretinf.s                       0x00000000   Number         0  fretinf.o ABSOLUTE
    ../fplib/usenofp.s                       0x00000000   Number         0  usenofp.o ABSOLUTE
    RTE/Device/STM32F103RB/startup_stm32f10x_md.s 0x00000000   Number         0  startup_stm32f10x_md.o ABSOLUTE
    dc.s                                     0x00000000   Number         0  dc.o ABSOLUTE
    ds18b20.c                                0x00000000   Number         0  ds18b20.o ABSOLUTE
    main.c                                   0x00000000   Number         0  main.o ABSOLUTE
    system_stm32f10x.c                       0x00000000   Number         0  system_stm32f10x.o ABSOLUTE
    RESET                                    0x08000000   Section      236  startup_stm32f10x_md.o(RESET)
    !!!main                                  0x080000ec   Section        8  __main.o(!!!main)
    !!!scatter                               0x080000f4   Section       52  __scatter.o(!!!scatter)
    !!handler_copy                           0x08000128   Section       26  __scatter_copy.o(!!handler_copy)
    !!handler_zi                             0x08000144   Section       28  __scatter_zi.o(!!handler_zi)
    .ARM.Collect$$libinit$$00000000          0x08000160   Section        2  libinit.o(.ARM.Collect$$libinit$$00000000)
    .ARM.Collect$$libinit$$00000002          0x08000162   Section        0  libinit2.o(.ARM.Collect$$libinit$$00000002)
    .ARM.Collect$$libinit$$00000004          0x08000162   Section        0  libinit2.o(.ARM.Collect$$libinit$$00000004)
    .ARM.Collect$$libinit$$00000006          0x08000162   Section        0  libinit2.o(.ARM.Collect$$libinit$$00000006)
    .ARM.Collect$$libinit$$0000000C          0x08000162   Section        0  libinit2.o(.ARM.Collect$$libinit$$0000000C)
    .ARM.Collect$$libinit$$0000000E          0x08000162   Section        0  libinit2.o(.ARM.Collect$$libinit$$0000000E)
    .ARM.Collect$$libinit$$00000010          0x08000162   Section        0  libinit2.o(.ARM.Collect$$libinit$$00000010)
    .ARM.Collect$$libinit$$00000013          0x08000162   Section        0  libinit2.o(.ARM.Collect$$libinit$$00000013)
    .ARM.Collect$$libinit$$00000015          0x08000162   Section        0  libinit2.o(.ARM.Collect$$libinit$$00000015)
    .ARM.Collect$$libinit$$00000017          0x08000162   Section        0  libinit2.o(.ARM.Collect$$libinit$$00000017)
    .ARM.Collect$$libinit$$00000019          0x08000162   Section        0  libinit2.o(.ARM.Collect$$libinit$$00000019)
    .ARM.Collect$$libinit$$0000001B          0x08000162   Section        0  libinit2.o(.ARM.Collect$$libinit$$0000001B)
    .ARM.Collect$$libinit$$0000001D          0x08000162   Section        0  libinit2.o(.ARM.Collect$$libinit$$0000001D)
    .ARM.Collect$$libinit$$0000001F          0x08000162   Section        0  libinit2.o(.ARM.Collect$$libinit$$0000001F)
    .ARM.Collect$$libinit$$00000021          0x08000162   Section        0  libinit2.o(.ARM.Collect$$libinit$$00000021)
    .ARM.Collect$$libinit$$00000023          0x08000162   Section        0  libinit2.o(.ARM.Collect$$libinit$$00000023)
    .ARM.Collect$$libinit$$00000025          0x08000162   Section        0  libinit2.o(.ARM.Collect$$libinit$$00000025)
    .ARM.Collect$$libinit$$00000027          0x08000162   Section        0  libinit2.o(.ARM.Collect$$libinit$$00000027)
    .ARM.Collect$$libinit$$0000002E          0x08000162   Section        0  libinit2.o(.ARM.Collect$$libinit$$0000002E)
    .ARM.Collect$$libinit$$00000030          0x08000162   Section        0  libinit2.o(.ARM.Collect$$libinit$$00000030)
    .ARM.Collect$$libinit$$00000032          0x08000162   Section        0  libinit2.o(.ARM.Collect$$libinit$$00000032)
    .ARM.Collect$$libinit$$00000034          0x08000162   Section        0  libinit2.o(.ARM.Collect$$libinit$$00000034)
    .ARM.Collect$$libinit$$00000035          0x08000162   Section        2  libinit2.o(.ARM.Collect$$libinit$$00000035)
    .ARM.Collect$$libshutdown$$00000000      0x08000164   Section        2  libshutdown.o(.ARM.Collect$$libshutdown$$00000000)
    .ARM.Collect$$libshutdown$$00000002      0x08000166   Section        0  libshutdown2.o(.ARM.Collect$$libshutdown$$00000002)
    .ARM.Collect$$libshutdown$$00000004      0x08000166   Section        0  libshutdown2.o(.ARM.Collect$$libshutdown$$00000004)
    .ARM.Collect$$libshutdown$$00000007      0x08000166   Section        0  libshutdown2.o(.ARM.Collect$$libshutdown$$00000007)
    .ARM.Collect$$libshutdown$$0000000A      0x08000166   Section        0  libshutdown2.o(.ARM.Collect$$libshutdown$$0000000A)
    .ARM.Collect$$libshutdown$$0000000C      0x08000166   Section        0  libshutdown2.o(.ARM.Collect$$libshutdown$$0000000C)
    .ARM.Collect$$libshutdown$$0000000F      0x08000166   Section        0  libshutdown2.o(.ARM.Collect$$libshutdown$$0000000F)
    .ARM.Collect$$libshutdown$$00000010      0x08000166   Section        2  libshutdown2.o(.ARM.Collect$$libshutdown$$00000010)
    .ARM.Collect$$rtentry$$00000000          0x08000168   Section        0  __rtentry.o(.ARM.Collect$$rtentry$$00000000)
    .ARM.Collect$$rtentry$$00000002          0x08000168   Section        0  __rtentry2.o(.ARM.Collect$$rtentry$$00000002)
    .ARM.Collect$$rtentry$$00000004          0x08000168   Section        6  __rtentry4.o(.ARM.Collect$$rtentry$$00000004)
    .ARM.Collect$$rtentry$$00000009          0x0800016e   Section        0  __rtentry2.o(.ARM.Collect$$rtentry$$00000009)
    .ARM.Collect$$rtentry$$0000000A          0x0800016e   Section        4  __rtentry2.o(.ARM.Collect$$rtentry$$0000000A)
    .ARM.Collect$$rtentry$$0000000C          0x08000172   Section        0  __rtentry2.o(.ARM.Collect$$rtentry$$0000000C)
    .ARM.Collect$$rtentry$$0000000D          0x08000172   Section        8  __rtentry2.o(.ARM.Collect$$rtentry$$0000000D)
    .ARM.Collect$$rtexit$$00000000           0x0800017a   Section        2  rtexit.o(.ARM.Collect$$rtexit$$00000000)
    .ARM.Collect$$rtexit$$00000002           0x0800017c   Section        0  rtexit2.o(.ARM.Collect$$rtexit$$00000002)
    .ARM.Collect$$rtexit$$00000003           0x0800017c   Section        4  rtexit2.o(.ARM.Collect$$rtexit$$00000003)
    .ARM.Collect$$rtexit$$00000004           0x08000180   Section        6  rtexit2.o(.ARM.Collect$$rtexit$$00000004)
    .text                                    0x08000188   Section       64  startup_stm32f10x_md.o(.text)
    .text                                    0x080001c8   Section        0  heapauxi.o(.text)
    .text                                    0x080001ce   Section       74  sys_stackheap_outer.o(.text)
    .text                                    0x08000218   Section        0  exit.o(.text)
    .text                                    0x0800022c   Section        8  libspace.o(.text)
    .text                                    0x08000234   Section        0  sys_exit.o(.text)
    .text                                    0x08000240   Section        2  use_no_semi.o(.text)
    .text                                    0x08000242   Section        0  indicate_semi.o(.text)
    [Anonymous Symbol]                       0x08000244   Section        0  ds18b20.o(.text.Compute_CRC8)
    DS18B20_ApplyConfigSelected              0x080002f9   Thumb Code   142  main.o(.text.DS18B20_ApplyConfigSelected)
    [Anonymous Symbol]                       0x080002f8   Section        0  main.o(.text.DS18B20_ApplyConfigSelected)
    DS18B20_ApplyConfigToSlot                0x08000389   Thumb Code    50  main.o(.text.DS18B20_ApplyConfigToSlot)
    [Anonymous Symbol]                       0x08000388   Section        0  main.o(.text.DS18B20_ApplyConfigToSlot)
    DS18B20_ApplyConfigToSlotValues          0x080003bd   Thumb Code   354  main.o(.text.DS18B20_ApplyConfigToSlotValues)
    [Anonymous Symbol]                       0x080003bc   Section        0  main.o(.text.DS18B20_ApplyConfigToSlotValues)
    DS18B20_ConfigByteToResolution           0x08000521   Thumb Code    78  main.o(.text.DS18B20_ConfigByteToResolution)
    [Anonymous Symbol]                       0x08000520   Section        0  main.o(.text.DS18B20_ConfigByteToResolution)
    DS18B20_ConfigMenu                       0x08000571   Thumb Code  1190  main.o(.text.DS18B20_ConfigMenu)
    [Anonymous Symbol]                       0x08000570   Section        0  main.o(.text.DS18B20_ConfigMenu)
    DS18B20_PrintROM                         0x08000a19   Thumb Code   168  main.o(.text.DS18B20_PrintROM)
    [Anonymous Symbol]                       0x08000a18   Section        0  main.o(.text.DS18B20_PrintROM)
    DS18B20_RawApplyResolution               0x08000ac1   Thumb Code   100  main.o(.text.DS18B20_RawApplyResolution)
    [Anonymous Symbol]                       0x08000ac0   Section        0  main.o(.text.DS18B20_RawApplyResolution)
    DS18B20_ReadSlotFromUart                 0x08000b25   Thumb Code   236  main.o(.text.DS18B20_ReadSlotFromUart)
    [Anonymous Symbol]                       0x08000b24   Section        0  main.o(.text.DS18B20_ReadSlotFromUart)
    DS18B20_ShowSensors                      0x08000c11   Thumb Code   426  main.o(.text.DS18B20_ShowSensors)
    [Anonymous Symbol]                       0x08000c10   Section        0  main.o(.text.DS18B20_ShowSensors)
    [Anonymous Symbol]                       0x08000dbc   Section        0  ds18b20.o(.text.DelayMicro)
    Get_APB1_FREQ                            0x08000ded   Thumb Code   124  main.o(.text.Get_APB1_FREQ)
    [Anonymous Symbol]                       0x08000dec   Section        0  main.o(.text.Get_APB1_FREQ)
    HandlePcCommand                          0x08000e69   Thumb Code   764  main.o(.text.HandlePcCommand)
    [Anonymous Symbol]                       0x08000e68   Section        0  main.o(.text.HandlePcCommand)
    I2C1_Init_LM75B                          0x08001165   Thumb Code   270  main.o(.text.I2C1_Init_LM75B)
    [Anonymous Symbol]                       0x08001164   Section        0  main.o(.text.I2C1_Init_LM75B)
    I2C1_ReadData                            0x08001275   Thumb Code   424  main.o(.text.I2C1_ReadData)
    [Anonymous Symbol]                       0x08001274   Section        0  main.o(.text.I2C1_ReadData)
    I2C1_SelectRegisterForRead               0x0800141d   Thumb Code   286  main.o(.text.I2C1_SelectRegisterForRead)
    [Anonymous Symbol]                       0x0800141c   Section        0  main.o(.text.I2C1_SelectRegisterForRead)
    I2C1_StopAndClearErrors                  0x0800153d   Thumb Code    50  main.o(.text.I2C1_StopAndClearErrors)
    [Anonymous Symbol]                       0x0800153c   Section        0  main.o(.text.I2C1_StopAndClearErrors)
    I2C1_WriteData                           0x08001571   Thumb Code   362  main.o(.text.I2C1_WriteData)
    [Anonymous Symbol]                       0x08001570   Section        0  main.o(.text.I2C1_WriteData)
    I2C_WaitSet                              0x080016dd   Thumb Code    58  main.o(.text.I2C_WaitSet)
    [Anonymous Symbol]                       0x080016dc   Section        0  main.o(.text.I2C_WaitSet)
    [Anonymous Symbol]                       0x08001718   Section        0  main.o(.text.Init_Sensors)
    LED_Blink                                0x08001801   Thumb Code    30  main.o(.text.LED_Blink)
    [Anonymous Symbol]                       0x08001800   Section        0  main.o(.text.LED_Blink)
    LED_Init                                 0x08001821   Thumb Code    42  main.o(.text.LED_Init)
    [Anonymous Symbol]                       0x08001820   Section        0  main.o(.text.LED_Init)
    LED_Off                                  0x0800184d   Thumb Code    16  main.o(.text.LED_Off)
    [Anonymous Symbol]                       0x0800184c   Section        0  main.o(.text.LED_Off)
    LED_On                                   0x0800185d   Thumb Code    14  main.o(.text.LED_On)
    [Anonymous Symbol]                       0x0800185c   Section        0  main.o(.text.LED_On)
    LM75B_ApplySettings                      0x0800186d   Thumb Code   138  main.o(.text.LM75B_ApplySettings)
    [Anonymous Symbol]                       0x0800186c   Section        0  main.o(.text.LM75B_ApplySettings)
    LM75B_ConfigMenu                         0x080018f9   Thumb Code   606  main.o(.text.LM75B_ConfigMenu)
    [Anonymous Symbol]                       0x080018f8   Section        0  main.o(.text.LM75B_ConfigMenu)
    LM75B_ConfigOS                           0x08001b59   Thumb Code    52  main.o(.text.LM75B_ConfigOS)
    [Anonymous Symbol]                       0x08001b58   Section        0  main.o(.text.LM75B_ConfigOS)
    LM75B_OS_Init                            0x08001b8d   Thumb Code    58  main.o(.text.LM75B_OS_Init)
    [Anonymous Symbol]                       0x08001b8c   Section        0  main.o(.text.LM75B_OS_Init)
    LM75B_OS_IsActive                        0x08001bc9   Thumb Code    22  main.o(.text.LM75B_OS_IsActive)
    [Anonymous Symbol]                       0x08001bc8   Section        0  main.o(.text.LM75B_OS_IsActive)
    LM75B_PrintCurrentSettings               0x08001be1   Thumb Code   286  main.o(.text.LM75B_PrintCurrentSettings)
    [Anonymous Symbol]                       0x08001be0   Section        0  main.o(.text.LM75B_PrintCurrentSettings)
    LM75B_ReadConfig                         0x08001d01   Thumb Code    60  main.o(.text.LM75B_ReadConfig)
    [Anonymous Symbol]                       0x08001d00   Section        0  main.o(.text.LM75B_ReadConfig)
    LM75B_ReadFloatFromUart                  0x08001d3d   Thumb Code   138  main.o(.text.LM75B_ReadFloatFromUart)
    [Anonymous Symbol]                       0x08001d3c   Section        0  main.o(.text.LM75B_ReadFloatFromUart)
    LM75B_ReadSetpoint                       0x08001dc9   Thumb Code    70  main.o(.text.LM75B_ReadSetpoint)
    [Anonymous Symbol]                       0x08001dc8   Section        0  main.o(.text.LM75B_ReadSetpoint)
    LM75B_ReadTemperature                    0x08001e11   Thumb Code    86  main.o(.text.LM75B_ReadTemperature)
    [Anonymous Symbol]                       0x08001e10   Section        0  main.o(.text.LM75B_ReadTemperature)
    LM75B_RegisterToTemp                     0x08001e69   Thumb Code    50  main.o(.text.LM75B_RegisterToTemp)
    [Anonymous Symbol]                       0x08001e68   Section        0  main.o(.text.LM75B_RegisterToTemp)
    LM75B_TempToRegister                     0x08001e9d   Thumb Code   102  main.o(.text.LM75B_TempToRegister)
    [Anonymous Symbol]                       0x08001e9c   Section        0  main.o(.text.LM75B_TempToRegister)
    LM75B_WriteConfig                        0x08001f05   Thumb Code    70  main.o(.text.LM75B_WriteConfig)
    [Anonymous Symbol]                       0x08001f04   Section        0  main.o(.text.LM75B_WriteConfig)
    LM75B_WriteSetpoint                      0x08001f4d   Thumb Code    38  main.o(.text.LM75B_WriteSetpoint)
    [Anonymous Symbol]                       0x08001f4c   Section        0  main.o(.text.LM75B_WriteSetpoint)
    NextField                                0x08001f75   Thumb Code   100  main.o(.text.NextField)
    [Anonymous Symbol]                       0x08001f74   Section        0  main.o(.text.NextField)
    ParseFloatSimple                         0x08001fd9   Thumb Code   538  main.o(.text.ParseFloatSimple)
    [Anonymous Symbol]                       0x08001fd8   Section        0  main.o(.text.ParseFloatSimple)
    ParseHexByteSimple                       0x080021f5   Thumb Code   420  main.o(.text.ParseHexByteSimple)
    [Anonymous Symbol]                       0x080021f4   Section        0  main.o(.text.ParseHexByteSimple)
    ParseIntSimple                           0x08002399   Thumb Code   348  main.o(.text.ParseIntSimple)
    [Anonymous Symbol]                       0x08002398   Section        0  main.o(.text.ParseIntSimple)
    ProcessUartCommands                      0x080024f5   Thumb Code   308  main.o(.text.ProcessUartCommands)
    [Anonymous Symbol]                       0x080024f4   Section        0  main.o(.text.ProcessUartCommands)
    [Anonymous Symbol]                       0x08002628   Section        0  ds18b20.o(.text.Search_ROM)
    Send_Data_To_PC                          0x08002829   Thumb Code   322  main.o(.text.Send_Data_To_PC)
    [Anonymous Symbol]                       0x08002828   Section        0  main.o(.text.Send_Data_To_PC)
    SetSysClock                              0x0800296d   Thumb Code     8  system_stm32f10x.o(.text.SetSysClock)
    [Anonymous Symbol]                       0x0800296c   Section        0  system_stm32f10x.o(.text.SetSysClock)
    SetSysClockTo72                          0x08002975   Thumb Code   290  system_stm32f10x.o(.text.SetSysClockTo72)
    [Anonymous Symbol]                       0x08002974   Section        0  system_stm32f10x.o(.text.SetSysClockTo72)
    SysTick_Config                           0x08002a99   Thumb Code    82  main.o(.text.SysTick_Config)
    [Anonymous Symbol]                       0x08002a98   Section        0  main.o(.text.SysTick_Config)
    [Anonymous Symbol]                       0x08002aec   Section        0  ds18b20.o(.text.SysTick_Handler)
    [Anonymous Symbol]                       0x08002afc   Section        0  system_stm32f10x.o(.text.SystemInit)
    USART2_CharAvailable                     0x08002b65   Thumb Code    16  main.o(.text.USART2_CharAvailable)
    [Anonymous Symbol]                       0x08002b64   Section        0  main.o(.text.USART2_CharAvailable)
    USART2_GetCharBlocking                   0x08002b75   Thumb Code    28  main.o(.text.USART2_GetCharBlocking)
    [Anonymous Symbol]                       0x08002b74   Section        0  main.o(.text.USART2_GetCharBlocking)
    [Anonymous Symbol]                       0x08002b90   Section        0  main.o(.text.USART2_IRQHandler)
    [Anonymous Symbol]                       0x08002c30   Section        0  main.o(.text.USART2_Init)
    [Anonymous Symbol]                       0x08002cac   Section        0  main.o(.text.USART2_Print)
    [Anonymous Symbol]                       0x08002cd0   Section        0  main.o(.text.USART2_PrintFloat)
    USART2_PrintInt                          0x08002d91   Thumb Code    40  main.o(.text.USART2_PrintInt)
    [Anonymous Symbol]                       0x08002d90   Section        0  main.o(.text.USART2_PrintInt)
    USART2_PrintUInt                         0x08002db9   Thumb Code   116  main.o(.text.USART2_PrintUInt)
    [Anonymous Symbol]                       0x08002db8   Section        0  main.o(.text.USART2_PrintUInt)
    USART2_ReadChar                          0x08002e2d   Thumb Code    88  main.o(.text.USART2_ReadChar)
    [Anonymous Symbol]                       0x08002e2c   Section        0  main.o(.text.USART2_ReadChar)
    USART2_ReadLine                          0x08002e85   Thumb Code   252  main.o(.text.USART2_ReadLine)
    [Anonymous Symbol]                       0x08002e84   Section        0  main.o(.text.USART2_ReadLine)
    [Anonymous Symbol]                       0x08002f80   Section        0  main.o(.text.USART2_Send)
    __NVIC_EnableIRQ                         0x08002fb1   Thumb Code    48  main.o(.text.__NVIC_EnableIRQ)
    [Anonymous Symbol]                       0x08002fb0   Section        0  main.o(.text.__NVIC_EnableIRQ)
    __NVIC_SetPriority                       0x08002fe1   Thumb Code    66  main.o(.text.__NVIC_SetPriority)
    [Anonymous Symbol]                       0x08002fe0   Section        0  main.o(.text.__NVIC_SetPriority)
    [Anonymous Symbol]                       0x08003024   Section        0  ds18b20.o(.text.ds18b20_ConvertTemp)
    [Anonymous Symbol]                       0x08003054   Section        0  ds18b20.o(.text.ds18b20_MatchRom)
    [Anonymous Symbol]                       0x08003094   Section        0  ds18b20.o(.text.ds18b20_PortInit)
    [Anonymous Symbol]                       0x080030c8   Section        0  ds18b20.o(.text.ds18b20_ReadBit)
    [Anonymous Symbol]                       0x08003118   Section        0  ds18b20.o(.text.ds18b20_ReadByte)
    [Anonymous Symbol]                       0x08003160   Section        0  ds18b20.o(.text.ds18b20_ReadStratchpad)
    [Anonymous Symbol]                       0x080031c0   Section        0  ds18b20.o(.text.ds18b20_Reset)
    ds18b20_ResolutionToConfig               0x08003215   Thumb Code    94  ds18b20.o(.text.ds18b20_ResolutionToConfig)
    [Anonymous Symbol]                       0x08003214   Section        0  ds18b20.o(.text.ds18b20_ResolutionToConfig)
    ds18b20_SelectDevice                     0x08003275   Thumb Code   110  ds18b20.o(.text.ds18b20_SelectDevice)
    [Anonymous Symbol]                       0x08003274   Section        0  ds18b20.o(.text.ds18b20_SelectDevice)
    [Anonymous Symbol]                       0x080032e4   Section        0  ds18b20.o(.text.ds18b20_WriteBit)
    [Anonymous Symbol]                       0x08003328   Section        0  ds18b20.o(.text.ds18b20_WriteByte)
    [Anonymous Symbol]                       0x0800336c   Section        0  ds18b20.o(.text.ds18b20_WriteConfig)
    [Anonymous Symbol]                       0x08003450   Section        0  main.o(.text.main)
    x$fpl$fadd                               0x08003a24   Section      196  faddsub_clz.o(x$fpl$fadd)
    _fadd1                                   0x08003a33   Thumb Code     0  faddsub_clz.o(x$fpl$fadd)
    x$fpl$fcmp                               0x08003ae8   Section       84  fcmp.o(x$fpl$fcmp)
    x$fpl$fcmpinf                            0x08003b3c   Section       24  fcmpi.o(x$fpl$fcmpinf)
    _fdiv1                                   0x08003b55   Thumb Code     0  fdiv.o(x$fpl$fdiv)
    x$fpl$fdiv                               0x08003b54   Section      388  fdiv.o(x$fpl$fdiv)
    x$fpl$feqf                               0x08003cd8   Section      104  feqf.o(x$fpl$feqf)
    x$fpl$ffix                               0x08003d40   Section       54  ffix.o(x$fpl$ffix)
    x$fpl$fflt                               0x08003d78   Section       48  fflt_clz.o(x$fpl$fflt)
    x$fpl$ffltu                              0x08003da8   Section       38  fflt_clz.o(x$fpl$ffltu)
    x$fpl$fgeqf                              0x08003dd0   Section      104  fgeqf.o(x$fpl$fgeqf)
    x$fpl$fleqf                              0x08003e38   Section      104  fleqf.o(x$fpl$fleqf)
    x$fpl$fmul                               0x08003ea0   Section      258  fmul.o(x$fpl$fmul)
    x$fpl$fnaninf                            0x08003fa2   Section      140  fnaninf.o(x$fpl$fnaninf)
    x$fpl$fretinf                            0x0800402e   Section       10  fretinf.o(x$fpl$fretinf)
    x$fpl$fsub                               0x08004038   Section      234  faddsub_clz.o(x$fpl$fsub)
    _fsub1                                   0x08004047   Thumb Code     0  faddsub_clz.o(x$fpl$fsub)
    .L.str.46                                0x08004122   Data           4  main.o(.rodata.str1.1)
    [Anonymous Symbol]                       0x08004122   Section        0  main.o(.rodata.str1.1)
    x$fpl$usenofp                            0x08004122   Section        0  usenofp.o(x$fpl$usenofp)
    .L.str.25                                0x08004126   Data          35  main.o(.rodata.str1.1)
    .L.str.26                                0x08004149   Data          38  main.o(.rodata.str1.1)
    .L.str.4                                 0x0800416f   Data          57  main.o(.rodata.str1.1)
    .L.str.48                                0x080041a8   Data          20  main.o(.rodata.str1.1)
    .L.str.69                                0x080041bc   Data          21  main.o(.rodata.str1.1)
    .L.str.7                                 0x080041d1   Data          27  main.o(.rodata.str1.1)
    .L.str.22                                0x080041ec   Data          35  main.o(.rodata.str1.1)
    .L.str.24                                0x080041ee   Data          33  main.o(.rodata.str1.1)
    .L.str.47                                0x0800420f   Data          30  main.o(.rodata.str1.1)
    .L.str.13                                0x08004228   Data           5  main.o(.rodata.str1.1)
    .L.str.88                                0x0800422d   Data          25  main.o(.rodata.str1.1)
    .L.str.97                                0x08004246   Data          22  main.o(.rodata.str1.1)
    .L.str.84                                0x0800425c   Data          39  main.o(.rodata.str1.1)
    .L.str.21                                0x08004283   Data          23  main.o(.rodata.str1.1)
    .L.str.81                                0x0800429a   Data          40  main.o(.rodata.str1.1)
    .L.str.41                                0x080042c2   Data          18  main.o(.rodata.str1.1)
    .L.str.34                                0x080042d4   Data          17  main.o(.rodata.str1.1)
    .L.str.38                                0x080042e5   Data          19  main.o(.rodata.str1.1)
    .L.str.91                                0x080042f8   Data          29  main.o(.rodata.str1.1)
    .L.str.92                                0x08004315   Data          29  main.o(.rodata.str1.1)
    .L.str.89                                0x08004332   Data          25  main.o(.rodata.str1.1)
    .L.str.83                                0x0800434b   Data          23  main.o(.rodata.str1.1)
    .L.str.90                                0x08004362   Data          23  main.o(.rodata.str1.1)
    .L.str.3                                 0x08004379   Data          50  main.o(.rodata.str1.1)
    .L.str.56                                0x080043ab   Data          28  main.o(.rodata.str1.1)
    .L.str.23                                0x080043c7   Data          27  main.o(.rodata.str1.1)
    .L.str.6                                 0x080043e2   Data          68  main.o(.rodata.str1.1)
    .L.str.60                                0x08004426   Data          29  main.o(.rodata.str1.1)
    .L.str.59                                0x08004443   Data          29  main.o(.rodata.str1.1)
    .L.str.70                                0x08004460   Data          19  main.o(.rodata.str1.1)
    .L.str.55                                0x08004473   Data          47  main.o(.rodata.str1.1)
    .L.str.15                                0x080044a2   Data          21  main.o(.rodata.str1.1)
    .L.str.44                                0x080044b7   Data          17  main.o(.rodata.str1.1)
    .L.str.61                                0x080044c8   Data          29  main.o(.rodata.str1.1)
    .L.str.27                                0x080044e5   Data          32  main.o(.rodata.str1.1)
    .L.str.77                                0x08004505   Data          30  main.o(.rodata.str1.1)
    .L.str.14                                0x08004517   Data          12  main.o(.rodata.str1.1)
    .L.str.67                                0x08004523   Data          11  main.o(.rodata.str1.1)
    .L.str.65                                0x0800452e   Data          11  main.o(.rodata.str1.1)
    .L.str.17                                0x08004539   Data          24  main.o(.rodata.str1.1)
    .L.str.50                                0x08004551   Data          18  main.o(.rodata.str1.1)
    .L.str.52                                0x08004563   Data          17  main.o(.rodata.str1.1)
    .L.str.54                                0x08004574   Data          19  main.o(.rodata.str1.1)
    .L.str.42                                0x08004587   Data          19  main.o(.rodata.str1.1)
    .L.str.35                                0x0800459a   Data          18  main.o(.rodata.str1.1)
    .L.str.39                                0x080045ac   Data          20  main.o(.rodata.str1.1)
    .L.str.82                                0x080045c0   Data          35  main.o(.rodata.str1.1)
    .L.str.63                                0x080045e3   Data          19  main.o(.rodata.str1.1)
    .L.str.18                                0x080045f6   Data          24  main.o(.rodata.str1.1)
    .L.str.80                                0x0800460e   Data          13  main.o(.rodata.str1.1)
    .L.str.43                                0x0800461b   Data          14  main.o(.rodata.str1.1)
    .L.str.37                                0x08004629   Data          38  main.o(.rodata.str1.1)
    .L.str.28                                0x0800464f   Data          35  main.o(.rodata.str1.1)
    .L.str.57                                0x08004672   Data          27  main.o(.rodata.str1.1)
    .L.str.58                                0x0800468d   Data          32  main.o(.rodata.str1.1)
    .L.str.76                                0x080046a6   Data           7  main.o(.rodata.str1.1)
    .L.str.33                                0x080046ad   Data          39  main.o(.rodata.str1.1)
    .L.str.68                                0x080046d4   Data          20  main.o(.rodata.str1.1)
    .L.str.45                                0x080046e8   Data          18  main.o(.rodata.str1.1)
    .L.str.5                                 0x080046fa   Data          59  main.o(.rodata.str1.1)
    .L.str.29                                0x08004735   Data          18  main.o(.rodata.str1.1)
    .L.str.1                                 0x08004744   Data           3  main.o(.rodata.str1.1)
    .L.str.8                                 0x08004747   Data           9  main.o(.rodata.str1.1)
    .L.str.66                                0x08004750   Data          25  main.o(.rodata.str1.1)
    .L.str.64                                0x08004769   Data          25  main.o(.rodata.str1.1)
    .L.str.40                                0x08004782   Data          34  main.o(.rodata.str1.1)
    .L.str.62                                0x080047a4   Data          25  main.o(.rodata.str1.1)
    .L.str.32                                0x080047bd   Data          34  main.o(.rodata.str1.1)
    .L.str.36                                0x080047df   Data          37  main.o(.rodata.str1.1)
    .L.str.31                                0x08004804   Data          15  main.o(.rodata.str1.1)
    .L.str.79                                0x08004813   Data          16  main.o(.rodata.str1.1)
    .L.str.9                                 0x08004820   Data           3  main.o(.rodata.str1.1)
    .L.str.51                                0x08004823   Data          17  main.o(.rodata.str1.1)
    .L.str.53                                0x08004834   Data          19  main.o(.rodata.str1.1)
    .L.str.10                                0x08004847   Data          16  main.o(.rodata.str1.1)
    .L.str.71                                0x08004857   Data           6  main.o(.rodata.str1.1)
    .L.str.2                                 0x0800485d   Data          44  main.o(.rodata.str1.1)
    .L.str                                   0x08004889   Data          40  main.o(.rodata.str1.1)
    .L.str.78                                0x080048b1   Data          23  main.o(.rodata.str1.1)
    .L.str.104                               0x080048c8   Data           2  main.o(.rodata.str1.1)
    .L.str.106                               0x080048ca   Data           2  main.o(.rodata.str1.1)
    .L.str.100                               0x080048cc   Data           6  main.o(.rodata.str1.1)
    .L.str.101                               0x080048d2   Data           6  main.o(.rodata.str1.1)
    .L.str.98                                0x080048d8   Data          12  main.o(.rodata.str1.1)
    .L.str.20                                0x080048e4   Data           9  main.o(.rodata.str1.1)
    .L.str.87                                0x080048ed   Data           6  main.o(.rodata.str1.1)
    .L.str.12                                0x080048f3   Data           8  main.o(.rodata.str1.1)
    .L.str.96                                0x080048fb   Data           5  main.o(.rodata.str1.1)
    .L.str.11                                0x08004900   Data          10  main.o(.rodata.str1.1)
    .L.str.74                                0x0800490a   Data          25  main.o(.rodata.str1.1)
    .L.str.95                                0x08004923   Data           5  main.o(.rodata.str1.1)
    .L.str.72                                0x08004928   Data           7  main.o(.rodata.str1.1)
    .L.str.105                               0x0800492f   Data           8  main.o(.rodata.str1.1)
    .L.str.30                                0x08004937   Data          33  main.o(.rodata.str1.1)
    .L.str.19                                0x08004958   Data          22  main.o(.rodata.str1.1)
    .L.str.85                                0x0800496e   Data          14  main.o(.rodata.str1.1)
    .L.str.94                                0x0800497c   Data           6  main.o(.rodata.str1.1)
    .L.str.102                               0x08004982   Data           5  main.o(.rodata.str1.1)
    .L.str.93                                0x08004987   Data          18  main.o(.rodata.str1.1)
    .L.str.75                                0x08004999   Data          16  main.o(.rodata.str1.1)
    .L.str.73                                0x080049a9   Data          30  main.o(.rodata.str1.1)
    .L.str.16                                0x080049c7   Data          17  main.o(.rodata.str1.1)
    .L.str.103                               0x080049d8   Data           6  main.o(.rodata.str1.1)
    .L.str.99                                0x080049de   Data           4  main.o(.rodata.str1.1)
    .L.str.49                                0x080049e2   Data          10  main.o(.rodata.str1.1)
    .L.str.86                                0x080049eb   Data           1  main.o(.rodata.str1.1)
    alarm_off_c                              0x20000004   Data           4  main.o(.data.alarm_off_c)
    [Anonymous Symbol]                       0x20000004   Section        0  main.o(.data.alarm_off_c)
    alarm_on_c                               0x20000008   Data           4  main.o(.data.alarm_on_c)
    [Anonymous Symbol]                       0x20000008   Section        0  main.o(.data.alarm_on_c)
    ds18b20_resolution_bits                  0x2000000c   Data           2  main.o(.data.ds18b20_resolution_bits)
    [Anonymous Symbol]                       0x2000000c   Section        0  main.o(.data.ds18b20_resolution_bits)
    ds18b20_th_c                             0x2000000e   Data           2  main.o(.data.ds18b20_th_c)
    [Anonymous Symbol]                       0x2000000e   Section        0  main.o(.data.ds18b20_th_c)
    .bss                                     0x20000010   Section       96  libspace.o(.bss)
    ProcessUartCommands.pc_cmd_active        0x20000070   Data           1  main.o(.bss.ProcessUartCommands.pc_cmd_active)
    [Anonymous Symbol]                       0x20000070   Section        0  main.o(.bss.ProcessUartCommands.pc_cmd_active)
    ProcessUartCommands.pc_cmd_buf           0x20000071   Data          64  main.o(.bss.ProcessUartCommands.pc_cmd_buf)
    [Anonymous Symbol]                       0x20000071   Section        0  main.o(.bss.ProcessUartCommands.pc_cmd_buf)
    ProcessUartCommands.pc_cmd_pos           0x200000b1   Data           1  main.o(.bss.ProcessUartCommands.pc_cmd_pos)
    [Anonymous Symbol]                       0x200000b1   Section        0  main.o(.bss.ProcessUartCommands.pc_cmd_pos)
    alarm_latched                            0x200000b2   Data           1  main.o(.bss.alarm_latched)
    [Anonymous Symbol]                       0x200000b2   Section        0  main.o(.bss.alarm_latched)
    ds18b20_tl_c                             0x200000b3   Data           2  main.o(.bss.ds18b20_tl_c)
    [Anonymous Symbol]                       0x200000b3   Section        0  main.o(.bss.ds18b20_tl_c)
    lm75b_conf_value                         0x200000b5   Data           1  main.o(.bss.lm75b_conf_value)
    [Anonymous Symbol]                       0x200000b5   Section        0  main.o(.bss.lm75b_conf_value)
    lm75b_ok                                 0x200000b6   Data           1  main.o(.bss.lm75b_ok)
    [Anonymous Symbol]                       0x200000b6   Section        0  main.o(.bss.lm75b_ok)
    lm75b_os_config_ok                       0x200000b7   Data           1  main.o(.bss.lm75b_os_config_ok)
    [Anonymous Symbol]                       0x200000b7   Section        0  main.o(.bss.lm75b_os_config_ok)
    uart_rx_buf                              0x200000fc   Data         128  main.o(.bss.uart_rx_buf)
    [Anonymous Symbol]                       0x200000fc   Section        0  main.o(.bss.uart_rx_buf)
    uart_rx_head                             0x2000017c   Data           1  main.o(.bss.uart_rx_head)
    [Anonymous Symbol]                       0x2000017c   Section        0  main.o(.bss.uart_rx_head)
    uart_rx_tail                             0x2000017d   Data           1  main.o(.bss.uart_rx_tail)
    [Anonymous Symbol]                       0x2000017d   Section        0  main.o(.bss.uart_rx_tail)
    Heap_Mem                                 0x20000180   Data         512  startup_stm32f10x_md.o(HEAP)
    HEAP                                     0x20000180   Section      512  startup_stm32f10x_md.o(HEAP)
    Stack_Mem                                0x20000380   Data        1024  startup_stm32f10x_md.o(STACK)
    STACK                                    0x20000380   Section     1024  startup_stm32f10x_md.o(STACK)
    __initial_sp                             0x20000780   Data           0  startup_stm32f10x_md.o(STACK)

    Global Symbols

    Symbol Name                              Value     Ov Type        Size  Object(Section)

    BuildAttributes$$THM_ISAv4$P$D$K$B$S$PE$A:L22UL41UL21$X:L11$S22US41US21$IEEE1$IW$~IW$USESV6$~STKCKD$USESV7$~SHL$OSPACE$ROPI$EBA8$UX$STANDARDLIB$REQ8$PRES8$EABIv2 0x00000000   Number         0  anon$$obj.o ABSOLUTE
    __fp_init_empty                          0x00000000   Number         0  fpinit_empty.o ABSOLUTE
    __ARM_exceptions_init                     - Undefined Weak Reference
    __alloca_initialize                       - Undefined Weak Reference
    __arm_preinit_                            - Undefined Weak Reference
    __arm_relocate_pie_                       - Undefined Weak Reference
    __cpp_initialize__aeabi_                  - Undefined Weak Reference
    __cxa_finalize                            - Undefined Weak Reference
    __rt_locale                               - Undefined Weak Reference
    __sigvec_lookup                           - Undefined Weak Reference
    _atexit_init                              - Undefined Weak Reference
    _call_atexit_fns                          - Undefined Weak Reference
    _clock_init                               - Undefined Weak Reference
    _fp_trap_init                             - Undefined Weak Reference
    _fp_trap_shutdown                         - Undefined Weak Reference
    _get_lc_collate                           - Undefined Weak Reference
    _get_lc_ctype                             - Undefined Weak Reference
    _get_lc_monetary                          - Undefined Weak Reference
    _get_lc_numeric                           - Undefined Weak Reference
    _get_lc_time                              - Undefined Weak Reference
    _getenv_init                              - Undefined Weak Reference
    _handle_redirection                       - Undefined Weak Reference
    _init_alloc                               - Undefined Weak Reference
    _init_user_alloc                          - Undefined Weak Reference
    _initio                                   - Undefined Weak Reference
    _rand_init                                - Undefined Weak Reference
    _signal_finish                            - Undefined Weak Reference
    _signal_init                              - Undefined Weak Reference
    _terminate_alloc                          - Undefined Weak Reference
    _terminate_user_alloc                     - Undefined Weak Reference
    _terminateio                              - Undefined Weak Reference
    __Vectors_Size                           0x000000ec   Number         0  startup_stm32f10x_md.o ABSOLUTE
    __Vectors                                0x08000000   Data           4  startup_stm32f10x_md.o(RESET)
    __Vectors_End                            0x080000ec   Data           0  startup_stm32f10x_md.o(RESET)
    __main                                   0x080000ed   Thumb Code     8  __main.o(!!!main)
    __scatterload                            0x080000f5   Thumb Code     0  __scatter.o(!!!scatter)
    __scatterload_rt2                        0x080000f5   Thumb Code    44  __scatter.o(!!!scatter)
    __scatterload_rt2_thumb_only             0x080000f5   Thumb Code     0  __scatter.o(!!!scatter)
    __scatterload_null                       0x08000103   Thumb Code     0  __scatter.o(!!!scatter)
    __scatterload_copy                       0x08000129   Thumb Code    26  __scatter_copy.o(!!handler_copy)
    __scatterload_zeroinit                   0x08000145   Thumb Code    28  __scatter_zi.o(!!handler_zi)
    __rt_lib_init                            0x08000161   Thumb Code     0  libinit.o(.ARM.Collect$$libinit$$00000000)
    __rt_lib_init_alloca_1                   0x08000163   Thumb Code     0  libinit2.o(.ARM.Collect$$libinit$$00000030)
    __rt_lib_init_argv_1                     0x08000163   Thumb Code     0  libinit2.o(.ARM.Collect$$libinit$$0000002E)
    __rt_lib_init_atexit_1                   0x08000163   Thumb Code     0  libinit2.o(.ARM.Collect$$libinit$$0000001D)
    __rt_lib_init_clock_1                    0x08000163   Thumb Code     0  libinit2.o(.ARM.Collect$$libinit$$00000023)
    __rt_lib_init_cpp_1                      0x08000163   Thumb Code     0  libinit2.o(.ARM.Collect$$libinit$$00000034)
    __rt_lib_init_exceptions_1               0x08000163   Thumb Code     0  libinit2.o(.ARM.Collect$$libinit$$00000032)
    __rt_lib_init_fp_1                       0x08000163   Thumb Code     0  libinit2.o(.ARM.Collect$$libinit$$00000002)
    __rt_lib_init_fp_trap_1                  0x08000163   Thumb Code     0  libinit2.o(.ARM.Collect$$libinit$$00000021)
    __rt_lib_init_getenv_1                   0x08000163   Thumb Code     0  libinit2.o(.ARM.Collect$$libinit$$00000025)
    __rt_lib_init_heap_1                     0x08000163   Thumb Code     0  libinit2.o(.ARM.Collect$$libinit$$0000000C)
    __rt_lib_init_lc_collate_1               0x08000163   Thumb Code     0  libinit2.o(.ARM.Collect$$libinit$$00000013)
    __rt_lib_init_lc_ctype_1                 0x08000163   Thumb Code     0  libinit2.o(.ARM.Collect$$libinit$$00000015)
    __rt_lib_init_lc_monetary_1              0x08000163   Thumb Code     0  libinit2.o(.ARM.Collect$$libinit$$00000017)
    __rt_lib_init_lc_numeric_1               0x08000163   Thumb Code     0  libinit2.o(.ARM.Collect$$libinit$$00000019)
    __rt_lib_init_lc_time_1                  0x08000163   Thumb Code     0  libinit2.o(.ARM.Collect$$libinit$$0000001B)
    __rt_lib_init_preinit_1                  0x08000163   Thumb Code     0  libinit2.o(.ARM.Collect$$libinit$$00000006)
    __rt_lib_init_rand_1                     0x08000163   Thumb Code     0  libinit2.o(.ARM.Collect$$libinit$$00000010)
    __rt_lib_init_relocate_pie_1             0x08000163   Thumb Code     0  libinit2.o(.ARM.Collect$$libinit$$00000004)
    __rt_lib_init_return                     0x08000163   Thumb Code     0  libinit2.o(.ARM.Collect$$libinit$$00000035)
    __rt_lib_init_signal_1                   0x08000163   Thumb Code     0  libinit2.o(.ARM.Collect$$libinit$$0000001F)
    __rt_lib_init_stdio_1                    0x08000163   Thumb Code     0  libinit2.o(.ARM.Collect$$libinit$$00000027)
    __rt_lib_init_user_alloc_1               0x08000163   Thumb Code     0  libinit2.o(.ARM.Collect$$libinit$$0000000E)
    __rt_lib_shutdown                        0x08000165   Thumb Code     0  libshutdown.o(.ARM.Collect$$libshutdown$$00000000)
    __rt_lib_shutdown_cpp_1                  0x08000167   Thumb Code     0  libshutdown2.o(.ARM.Collect$$libshutdown$$00000002)
    __rt_lib_shutdown_fp_trap_1              0x08000167   Thumb Code     0  libshutdown2.o(.ARM.Collect$$libshutdown$$00000007)
    __rt_lib_shutdown_heap_1                 0x08000167   Thumb Code     0  libshutdown2.o(.ARM.Collect$$libshutdown$$0000000F)
    __rt_lib_shutdown_return                 0x08000167   Thumb Code     0  libshutdown2.o(.ARM.Collect$$libshutdown$$00000010)
    __rt_lib_shutdown_signal_1               0x08000167   Thumb Code     0  libshutdown2.o(.ARM.Collect$$libshutdown$$0000000A)
    __rt_lib_shutdown_stdio_1                0x08000167   Thumb Code     0  libshutdown2.o(.ARM.Collect$$libshutdown$$00000004)
    __rt_lib_shutdown_user_alloc_1           0x08000167   Thumb Code     0  libshutdown2.o(.ARM.Collect$$libshutdown$$0000000C)
    __rt_entry                               0x08000169   Thumb Code     0  __rtentry.o(.ARM.Collect$$rtentry$$00000000)
    __rt_entry_presh_1                       0x08000169   Thumb Code     0  __rtentry2.o(.ARM.Collect$$rtentry$$00000002)
    __rt_entry_sh                            0x08000169   Thumb Code     0  __rtentry4.o(.ARM.Collect$$rtentry$$00000004)
    __rt_entry_li                            0x0800016f   Thumb Code     0  __rtentry2.o(.ARM.Collect$$rtentry$$0000000A)
    __rt_entry_postsh_1                      0x0800016f   Thumb Code     0  __rtentry2.o(.ARM.Collect$$rtentry$$00000009)
    __rt_entry_main                          0x08000173   Thumb Code     0  __rtentry2.o(.ARM.Collect$$rtentry$$0000000D)
    __rt_entry_postli_1                      0x08000173   Thumb Code     0  __rtentry2.o(.ARM.Collect$$rtentry$$0000000C)
    __rt_exit                                0x0800017b   Thumb Code     0  rtexit.o(.ARM.Collect$$rtexit$$00000000)
    __rt_exit_ls                             0x0800017d   Thumb Code     0  rtexit2.o(.ARM.Collect$$rtexit$$00000003)
    __rt_exit_prels_1                        0x0800017d   Thumb Code     0  rtexit2.o(.ARM.Collect$$rtexit$$00000002)
    __rt_exit_exit                           0x08000181   Thumb Code     0  rtexit2.o(.ARM.Collect$$rtexit$$00000004)
    Reset_Handler                            0x08000189   Thumb Code     8  startup_stm32f10x_md.o(.text)
    NMI_Handler                              0x08000191   Thumb Code     2  startup_stm32f10x_md.o(.text)
    HardFault_Handler                        0x08000193   Thumb Code     2  startup_stm32f10x_md.o(.text)
    MemManage_Handler                        0x08000195   Thumb Code     2  startup_stm32f10x_md.o(.text)
    BusFault_Handler                         0x08000197   Thumb Code     2  startup_stm32f10x_md.o(.text)
    UsageFault_Handler                       0x08000199   Thumb Code     2  startup_stm32f10x_md.o(.text)
    SVC_Handler                              0x0800019b   Thumb Code     2  startup_stm32f10x_md.o(.text)
    DebugMon_Handler                         0x0800019d   Thumb Code     2  startup_stm32f10x_md.o(.text)
    PendSV_Handler                           0x0800019f   Thumb Code     2  startup_stm32f10x_md.o(.text)
    ADC1_2_IRQHandler                        0x080001a3   Thumb Code     0  startup_stm32f10x_md.o(.text)
    CAN1_RX1_IRQHandler                      0x080001a3   Thumb Code     0  startup_stm32f10x_md.o(.text)
    CAN1_SCE_IRQHandler                      0x080001a3   Thumb Code     0  startup_stm32f10x_md.o(.text)
    DMA1_Channel1_IRQHandler                 0x080001a3   Thumb Code     0  startup_stm32f10x_md.o(.text)
    DMA1_Channel2_IRQHandler                 0x080001a3   Thumb Code     0  startup_stm32f10x_md.o(.text)
    DMA1_Channel3_IRQHandler                 0x080001a3   Thumb Code     0  startup_stm32f10x_md.o(.text)
    DMA1_Channel4_IRQHandler                 0x080001a3   Thumb Code     0  startup_stm32f10x_md.o(.text)
    DMA1_Channel5_IRQHandler                 0x080001a3   Thumb Code     0  startup_stm32f10x_md.o(.text)
    DMA1_Channel6_IRQHandler                 0x080001a3   Thumb Code     0  startup_stm32f10x_md.o(.text)
    DMA1_Channel7_IRQHandler                 0x080001a3   Thumb Code     0  startup_stm32f10x_md.o(.text)
    EXTI0_IRQHandler                         0x080001a3   Thumb Code     0  startup_stm32f10x_md.o(.text)
    EXTI15_10_IRQHandler                     0x080001a3   Thumb Code     0  startup_stm32f10x_md.o(.text)
    EXTI1_IRQHandler                         0x080001a3   Thumb Code     0  startup_stm32f10x_md.o(.text)
    EXTI2_IRQHandler                         0x080001a3   Thumb Code     0  startup_stm32f10x_md.o(.text)
    EXTI3_IRQHandler                         0x080001a3   Thumb Code     0  startup_stm32f10x_md.o(.text)
    EXTI4_IRQHandler                         0x080001a3   Thumb Code     0  startup_stm32f10x_md.o(.text)
    EXTI9_5_IRQHandler                       0x080001a3   Thumb Code     0  startup_stm32f10x_md.o(.text)
    FLASH_IRQHandler                         0x080001a3   Thumb Code     0  startup_stm32f10x_md.o(.text)
    I2C1_ER_IRQHandler                       0x080001a3   Thumb Code     0  startup_stm32f10x_md.o(.text)
    I2C1_EV_IRQHandler                       0x080001a3   Thumb Code     0  startup_stm32f10x_md.o(.text)
    I2C2_ER_IRQHandler                       0x080001a3   Thumb Code     0  startup_stm32f10x_md.o(.text)
    I2C2_EV_IRQHandler                       0x080001a3   Thumb Code     0  startup_stm32f10x_md.o(.text)
    PVD_IRQHandler                           0x080001a3   Thumb Code     0  startup_stm32f10x_md.o(.text)
    RCC_IRQHandler                           0x080001a3   Thumb Code     0  startup_stm32f10x_md.o(.text)
    RTCAlarm_IRQHandler                      0x080001a3   Thumb Code     0  startup_stm32f10x_md.o(.text)
    RTC_IRQHandler                           0x080001a3   Thumb Code     0  startup_stm32f10x_md.o(.text)
    SPI1_IRQHandler                          0x080001a3   Thumb Code     0  startup_stm32f10x_md.o(.text)
    SPI2_IRQHandler                          0x080001a3   Thumb Code     0  startup_stm32f10x_md.o(.text)
    TAMPER_IRQHandler                        0x080001a3   Thumb Code     0  startup_stm32f10x_md.o(.text)
    TIM1_BRK_IRQHandler                      0x080001a3   Thumb Code     0  startup_stm32f10x_md.o(.text)
    TIM1_CC_IRQHandler                       0x080001a3   Thumb Code     0  startup_stm32f10x_md.o(.text)
    TIM1_TRG_COM_IRQHandler                  0x080001a3   Thumb Code     0  startup_stm32f10x_md.o(.text)
    TIM1_UP_IRQHandler                       0x080001a3   Thumb Code     0  startup_stm32f10x_md.o(.text)
    TIM2_IRQHandler                          0x080001a3   Thumb Code     0  startup_stm32f10x_md.o(.text)
    TIM3_IRQHandler                          0x080001a3   Thumb Code     0  startup_stm32f10x_md.o(.text)
    TIM4_IRQHandler                          0x080001a3   Thumb Code     0  startup_stm32f10x_md.o(.text)
    USART1_IRQHandler                        0x080001a3   Thumb Code     0  startup_stm32f10x_md.o(.text)
    USART3_IRQHandler                        0x080001a3   Thumb Code     0  startup_stm32f10x_md.o(.text)
    USBWakeUp_IRQHandler                     0x080001a3   Thumb Code     0  startup_stm32f10x_md.o(.text)
    USB_HP_CAN1_TX_IRQHandler                0x080001a3   Thumb Code     0  startup_stm32f10x_md.o(.text)
    USB_LP_CAN1_RX0_IRQHandler               0x080001a3   Thumb Code     0  startup_stm32f10x_md.o(.text)
    WWDG_IRQHandler                          0x080001a3   Thumb Code     0  startup_stm32f10x_md.o(.text)
    __user_initial_stackheap                 0x080001a5   Thumb Code     0  startup_stm32f10x_md.o(.text)
    __use_two_region_memory                  0x080001c9   Thumb Code     2  heapauxi.o(.text)
    __rt_heap_escrow$2region                 0x080001cb   Thumb Code     2  heapauxi.o(.text)
    __rt_heap_expand$2region                 0x080001cd   Thumb Code     2  heapauxi.o(.text)
    __user_setup_stackheap                   0x080001cf   Thumb Code    74  sys_stackheap_outer.o(.text)
    exit                                     0x08000219   Thumb Code    18  exit.o(.text)
    __user_libspace                          0x0800022d   Thumb Code     8  libspace.o(.text)
    __user_perproc_libspace                  0x0800022d   Thumb Code     0  libspace.o(.text)
    __user_perthread_libspace                0x0800022d   Thumb Code     0  libspace.o(.text)
    _sys_exit                                0x08000235   Thumb Code     8  sys_exit.o(.text)
    __I$use$semihosting                      0x08000241   Thumb Code     0  use_no_semi.o(.text)
    __use_no_semihosting_swi                 0x08000241   Thumb Code     2  use_no_semi.o(.text)
    __semihosting_library_function           0x08000243   Thumb Code     0  indicate_semi.o(.text)
    Compute_CRC8                             0x08000245   Thumb Code   178  ds18b20.o(.text.Compute_CRC8)
    DelayMicro                               0x08000dbd   Thumb Code    48  ds18b20.o(.text.DelayMicro)
    Init_Sensors                             0x08001719   Thumb Code   232  main.o(.text.Init_Sensors)
    Search_ROM                               0x08002629   Thumb Code   510  ds18b20.o(.text.Search_ROM)
    SysTick_Handler                          0x08002aed   Thumb Code    16  ds18b20.o(.text.SysTick_Handler)
    SystemInit                               0x08002afd   Thumb Code   102  system_stm32f10x.o(.text.SystemInit)
    USART2_IRQHandler                        0x08002b91   Thumb Code   158  main.o(.text.USART2_IRQHandler)
    USART2_Init                              0x08002c31   Thumb Code   124  main.o(.text.USART2_Init)
    USART2_Print                             0x08002cad   Thumb Code    34  main.o(.text.USART2_Print)
    USART2_PrintFloat                        0x08002cd1   Thumb Code   190  main.o(.text.USART2_PrintFloat)
    USART2_Send                              0x08002f81   Thumb Code    46  main.o(.text.USART2_Send)
    ds18b20_ConvertTemp                      0x08003025   Thumb Code    48  ds18b20.o(.text.ds18b20_ConvertTemp)
    ds18b20_MatchRom                         0x08003055   Thumb Code    64  ds18b20.o(.text.ds18b20_MatchRom)
    ds18b20_PortInit                         0x08003095   Thumb Code    50  ds18b20.o(.text.ds18b20_PortInit)
    ds18b20_ReadBit                          0x080030c9   Thumb Code    78  ds18b20.o(.text.ds18b20_ReadBit)
    ds18b20_ReadByte                         0x08003119   Thumb Code    70  ds18b20.o(.text.ds18b20_ReadByte)
    ds18b20_ReadStratchpad                   0x08003161   Thumb Code    94  ds18b20.o(.text.ds18b20_ReadStratchpad)
    ds18b20_Reset                            0x080031c1   Thumb Code    82  ds18b20.o(.text.ds18b20_Reset)
    ds18b20_WriteBit                         0x080032e5   Thumb Code    68  ds18b20.o(.text.ds18b20_WriteBit)
    ds18b20_WriteByte                        0x08003329   Thumb Code    68  ds18b20.o(.text.ds18b20_WriteByte)
    ds18b20_WriteConfig                      0x0800336d   Thumb Code   228  ds18b20.o(.text.ds18b20_WriteConfig)
    main                                     0x08003451   Thumb Code  1492  main.o(.text.main)
    __aeabi_fadd                             0x08003a25   Thumb Code     0  faddsub_clz.o(x$fpl$fadd)
    _fadd                                    0x08003a25   Thumb Code   196  faddsub_clz.o(x$fpl$fadd)
    __aeabi_fcmpeq                           0x08003ae9   Thumb Code     0  fcmp.o(x$fpl$fcmp)
    _feq                                     0x08003ae9   Thumb Code    14  fcmp.o(x$fpl$fcmp)
    _fneq                                    0x08003af7   Thumb Code    14  fcmp.o(x$fpl$fcmp)
    __aeabi_fcmpgt                           0x08003b05   Thumb Code     0  fcmp.o(x$fpl$fcmp)
    _fgr                                     0x08003b05   Thumb Code    14  fcmp.o(x$fpl$fcmp)
    __aeabi_fcmpge                           0x08003b13   Thumb Code     0  fcmp.o(x$fpl$fcmp)
    _fgeq                                    0x08003b13   Thumb Code    14  fcmp.o(x$fpl$fcmp)
    __aeabi_fcmple                           0x08003b21   Thumb Code     0  fcmp.o(x$fpl$fcmp)
    _fleq                                    0x08003b21   Thumb Code    14  fcmp.o(x$fpl$fcmp)
    __aeabi_fcmplt                           0x08003b2f   Thumb Code     0  fcmp.o(x$fpl$fcmp)
    _fls                                     0x08003b2f   Thumb Code    14  fcmp.o(x$fpl$fcmp)
    __fpl_fcmp_Inf                           0x08003b3d   Thumb Code    24  fcmpi.o(x$fpl$fcmpinf)
    __aeabi_fdiv                             0x08003b55   Thumb Code     0  fdiv.o(x$fpl$fdiv)
    _fdiv                                    0x08003b55   Thumb Code   384  fdiv.o(x$fpl$fdiv)
    __aeabi_cfcmpeq                          0x08003cd9   Thumb Code     0  feqf.o(x$fpl$feqf)
    _fcmpeq                                  0x08003cd9   Thumb Code   104  feqf.o(x$fpl$feqf)
    __aeabi_f2iz                             0x08003d41   Thumb Code     0  ffix.o(x$fpl$ffix)
    _ffix                                    0x08003d41   Thumb Code    54  ffix.o(x$fpl$ffix)
    __aeabi_i2f                              0x08003d79   Thumb Code     0  fflt_clz.o(x$fpl$fflt)
    _fflt                                    0x08003d79   Thumb Code    48  fflt_clz.o(x$fpl$fflt)
    __aeabi_ui2f                             0x08003da9   Thumb Code     0  fflt_clz.o(x$fpl$ffltu)
    _ffltu                                   0x08003da9   Thumb Code    38  fflt_clz.o(x$fpl$ffltu)
    _fcmpge                                  0x08003dd1   Thumb Code   104  fgeqf.o(x$fpl$fgeqf)
    __aeabi_cfcmple                          0x08003e39   Thumb Code     0  fleqf.o(x$fpl$fleqf)
    _fcmple                                  0x08003e39   Thumb Code   104  fleqf.o(x$fpl$fleqf)
    __fpl_fcmple_InfNaN                      0x08003e8b   Thumb Code     0  fleqf.o(x$fpl$fleqf)
    __aeabi_fmul                             0x08003ea1   Thumb Code     0  fmul.o(x$fpl$fmul)
    _fmul                                    0x08003ea1   Thumb Code   258  fmul.o(x$fpl$fmul)
    __fpl_fnaninf                            0x08003fa3   Thumb Code   140  fnaninf.o(x$fpl$fnaninf)
    __fpl_fretinf                            0x0800402f   Thumb Code    10  fretinf.o(x$fpl$fretinf)
    __aeabi_fsub                             0x08004039   Thumb Code     0  faddsub_clz.o(x$fpl$fsub)
    _fsub                                    0x08004039   Thumb Code   234  faddsub_clz.o(x$fpl$fsub)
    __I$use$fp                               0x08004122   Number         0  usenofp.o(x$fpl$usenofp)
    Region$$Table$$Base                      0x080049ec   Number         0  anon$$obj.o(Region$$Table)
    Region$$Table$$Limit                     0x08004a0c   Number         0  anon$$obj.o(Region$$Table)
    SystemCoreClock                          0x20000000   Data           4  system_stm32f10x.o(.data.SystemCoreClock)
    __libspace_start                         0x20000010   Data          96  libspace.o(.bss)
    __temporary_stack_top$libspace           0x20000070   Data           0  libspace.o(.bss)
    msTicks                                  0x200000b8   Data           4  ds18b20.o(.bss.msTicks)
    sensors                                  0x200000bc   Data          64  main.o(.bss.sensors)



==============================================================================

Memory Map of the image

  Image Entry point : 0x08000189

  Load Region LR_1 (Base: 0x08000000, Size: 0x00004a1c, Max: 0xffffffff, ABSOLUTE)

    Execution Region ER_RO (Exec base: 0x08000000, Load base: 0x08000000, Size: 0x00004a0c, Max: 0xffffffff, ABSOLUTE)

    Exec Addr    Load Addr    Size         Type   Attr      Idx    E Section Name        Object

    0x08000000   0x08000000   0x000000ec   Data   RO          187    RESET               startup_stm32f10x_md.o
    0x080000ec   0x080000ec   0x00000008   Code   RO          215  * !!!main             c_w.l(__main.o)
    0x080000f4   0x080000f4   0x00000034   Code   RO          417    !!!scatter          c_w.l(__scatter.o)
    0x08000128   0x08000128   0x0000001a   Code   RO          419    !!handler_copy      c_w.l(__scatter_copy.o)
    0x08000142   0x08000142   0x00000002   PAD
    0x08000144   0x08000144   0x0000001c   Code   RO          421    !!handler_zi        c_w.l(__scatter_zi.o)
    0x08000160   0x08000160   0x00000002   Code   RO          279    .ARM.Collect$$libinit$$00000000  c_w.l(libinit.o)
    0x08000162   0x08000162   0x00000000   Code   RO          286    .ARM.Collect$$libinit$$00000002  c_w.l(libinit2.o)
    0x08000162   0x08000162   0x00000000   Code   RO          288    .ARM.Collect$$libinit$$00000004  c_w.l(libinit2.o)
    0x08000162   0x08000162   0x00000000   Code   RO          290    .ARM.Collect$$libinit$$00000006  c_w.l(libinit2.o)
    0x08000162   0x08000162   0x00000000   Code   RO          293    .ARM.Collect$$libinit$$0000000C  c_w.l(libinit2.o)
    0x08000162   0x08000162   0x00000000   Code   RO          295    .ARM.Collect$$libinit$$0000000E  c_w.l(libinit2.o)
    0x08000162   0x08000162   0x00000000   Code   RO          297    .ARM.Collect$$libinit$$00000010  c_w.l(libinit2.o)
    0x08000162   0x08000162   0x00000000   Code   RO          300    .ARM.Collect$$libinit$$00000013  c_w.l(libinit2.o)
    0x08000162   0x08000162   0x00000000   Code   RO          302    .ARM.Collect$$libinit$$00000015  c_w.l(libinit2.o)
    0x08000162   0x08000162   0x00000000   Code   RO          304    .ARM.Collect$$libinit$$00000017  c_w.l(libinit2.o)
    0x08000162   0x08000162   0x00000000   Code   RO          306    .ARM.Collect$$libinit$$00000019  c_w.l(libinit2.o)
    0x08000162   0x08000162   0x00000000   Code   RO          308    .ARM.Collect$$libinit$$0000001B  c_w.l(libinit2.o)
    0x08000162   0x08000162   0x00000000   Code   RO          310    .ARM.Collect$$libinit$$0000001D  c_w.l(libinit2.o)
    0x08000162   0x08000162   0x00000000   Code   RO          312    .ARM.Collect$$libinit$$0000001F  c_w.l(libinit2.o)
    0x08000162   0x08000162   0x00000000   Code   RO          314    .ARM.Collect$$libinit$$00000021  c_w.l(libinit2.o)
    0x08000162   0x08000162   0x00000000   Code   RO          316    .ARM.Collect$$libinit$$00000023  c_w.l(libinit2.o)
    0x08000162   0x08000162   0x00000000   Code   RO          318    .ARM.Collect$$libinit$$00000025  c_w.l(libinit2.o)
    0x08000162   0x08000162   0x00000000   Code   RO          320    .ARM.Collect$$libinit$$00000027  c_w.l(libinit2.o)
    0x08000162   0x08000162   0x00000000   Code   RO          324    .ARM.Collect$$libinit$$0000002E  c_w.l(libinit2.o)
    0x08000162   0x08000162   0x00000000   Code   RO          326    .ARM.Collect$$libinit$$00000030  c_w.l(libinit2.o)
    0x08000162   0x08000162   0x00000000   Code   RO          328    .ARM.Collect$$libinit$$00000032  c_w.l(libinit2.o)
    0x08000162   0x08000162   0x00000000   Code   RO          330    .ARM.Collect$$libinit$$00000034  c_w.l(libinit2.o)
    0x08000162   0x08000162   0x00000002   Code   RO          331    .ARM.Collect$$libinit$$00000035  c_w.l(libinit2.o)
    0x08000164   0x08000164   0x00000002   Code   RO          353    .ARM.Collect$$libshutdown$$00000000  c_w.l(libshutdown.o)
    0x08000166   0x08000166   0x00000000   Code   RO          368    .ARM.Collect$$libshutdown$$00000002  c_w.l(libshutdown2.o)
    0x08000166   0x08000166   0x00000000   Code   RO          370    .ARM.Collect$$libshutdown$$00000004  c_w.l(libshutdown2.o)
    0x08000166   0x08000166   0x00000000   Code   RO          373    .ARM.Collect$$libshutdown$$00000007  c_w.l(libshutdown2.o)
    0x08000166   0x08000166   0x00000000   Code   RO          376    .ARM.Collect$$libshutdown$$0000000A  c_w.l(libshutdown2.o)
    0x08000166   0x08000166   0x00000000   Code   RO          378    .ARM.Collect$$libshutdown$$0000000C  c_w.l(libshutdown2.o)
    0x08000166   0x08000166   0x00000000   Code   RO          381    .ARM.Collect$$libshutdown$$0000000F  c_w.l(libshutdown2.o)
    0x08000166   0x08000166   0x00000002   Code   RO          382    .ARM.Collect$$libshutdown$$00000010  c_w.l(libshutdown2.o)
    0x08000168   0x08000168   0x00000000   Code   RO          241    .ARM.Collect$$rtentry$$00000000  c_w.l(__rtentry.o)
    0x08000168   0x08000168   0x00000000   Code   RO          254    .ARM.Collect$$rtentry$$00000002  c_w.l(__rtentry2.o)
    0x08000168   0x08000168   0x00000006   Code   RO          266    .ARM.Collect$$rtentry$$00000004  c_w.l(__rtentry4.o)
    0x0800016e   0x0800016e   0x00000000   Code   RO          256    .ARM.Collect$$rtentry$$00000009  c_w.l(__rtentry2.o)
    0x0800016e   0x0800016e   0x00000004   Code   RO          257    .ARM.Collect$$rtentry$$0000000A  c_w.l(__rtentry2.o)
    0x08000172   0x08000172   0x00000000   Code   RO          259    .ARM.Collect$$rtentry$$0000000C  c_w.l(__rtentry2.o)
    0x08000172   0x08000172   0x00000008   Code   RO          260    .ARM.Collect$$rtentry$$0000000D  c_w.l(__rtentry2.o)
    0x0800017a   0x0800017a   0x00000002   Code   RO          283    .ARM.Collect$$rtexit$$00000000  c_w.l(rtexit.o)
    0x0800017c   0x0800017c   0x00000000   Code   RO          333    .ARM.Collect$$rtexit$$00000002  c_w.l(rtexit2.o)
    0x0800017c   0x0800017c   0x00000004   Code   RO          334    .ARM.Collect$$rtexit$$00000003  c_w.l(rtexit2.o)
    0x08000180   0x08000180   0x00000006   Code   RO          335    .ARM.Collect$$rtexit$$00000004  c_w.l(rtexit2.o)
    0x08000186   0x08000186   0x00000002   PAD
    0x08000188   0x08000188   0x00000040   Code   RO          188  * .text               startup_stm32f10x_md.o
    0x080001c8   0x080001c8   0x00000006   Code   RO          213    .text               c_w.l(heapauxi.o)
    0x080001ce   0x080001ce   0x0000004a   Code   RO          270    .text               c_w.l(sys_stackheap_outer.o)
    0x08000218   0x08000218   0x00000012   Code   RO          272    .text               c_w.l(exit.o)
    0x0800022a   0x0800022a   0x00000002   PAD
    0x0800022c   0x0800022c   0x00000008   Code   RO          280    .text               c_w.l(libspace.o)
    0x08000234   0x08000234   0x0000000c   Code   RO          343    .text               c_w.l(sys_exit.o)
    0x08000240   0x08000240   0x00000002   Code   RO          358    .text               c_w.l(use_no_semi.o)
    0x08000242   0x08000242   0x00000000   Code   RO          360    .text               c_w.l(indicate_semi.o)
    0x08000242   0x08000242   0x00000002   PAD
    0x08000244   0x08000244   0x000000b2   Code   RO          173    .text.Compute_CRC8  ds18b20.o
    0x080002f6   0x080002f6   0x00000002   PAD
    0x080002f8   0x080002f8   0x0000008e   Code   RO          108    .text.DS18B20_ApplyConfigSelected  main.o
    0x08000386   0x08000386   0x00000002   PAD
    0x08000388   0x08000388   0x00000032   Code   RO           32    .text.DS18B20_ApplyConfigToSlot  main.o
    0x080003ba   0x080003ba   0x00000002   PAD
    0x080003bc   0x080003bc   0x00000162   Code   RO           68    .text.DS18B20_ApplyConfigToSlotValues  main.o
    0x0800051e   0x0800051e   0x00000002   PAD
    0x08000520   0x08000520   0x0000004e   Code   RO           38    .text.DS18B20_ConfigByteToResolution  main.o
    0x0800056e   0x0800056e   0x00000002   PAD
    0x08000570   0x08000570   0x000004a6   Code   RO           74    .text.DS18B20_ConfigMenu  main.o
    0x08000a16   0x08000a16   0x00000002   PAD
    0x08000a18   0x08000a18   0x000000a8   Code   RO          110    .text.DS18B20_PrintROM  main.o
    0x08000ac0   0x08000ac0   0x00000064   Code   RO           40    .text.DS18B20_RawApplyResolution  main.o
    0x08000b24   0x08000b24   0x000000ec   Code   RO          104    .text.DS18B20_ReadSlotFromUart  main.o
    0x08000c10   0x08000c10   0x000001aa   Code   RO          102    .text.DS18B20_ShowSensors  main.o
    0x08000dba   0x08000dba   0x00000002   PAD
    0x08000dbc   0x08000dbc   0x00000030   Code   RO          143    .text.DelayMicro    ds18b20.o
    0x08000dec   0x08000dec   0x0000007c   Code   RO            8    .text.Get_APB1_FREQ  main.o
    0x08000e68   0x08000e68   0x000002fc   Code   RO           76    .text.HandlePcCommand  main.o
    0x08001164   0x08001164   0x0000010e   Code   RO           26    .text.I2C1_Init_LM75B  main.o
    0x08001272   0x08001272   0x00000002   PAD
    0x08001274   0x08001274   0x000001a8   Code   RO           96    .text.I2C1_ReadData  main.o
    0x0800141c   0x0800141c   0x0000011e   Code   RO           98    .text.I2C1_SelectRegisterForRead  main.o
    0x0800153a   0x0800153a   0x00000002   PAD
    0x0800153c   0x0800153c   0x00000032   Code   RO           64    .text.I2C1_StopAndClearErrors  main.o
    0x0800156e   0x0800156e   0x00000002   PAD
    0x08001570   0x08001570   0x0000016a   Code   RO           60    .text.I2C1_WriteData  main.o
    0x080016da   0x080016da   0x00000002   PAD
    0x080016dc   0x080016dc   0x0000003a   Code   RO           62    .text.I2C_WaitSet   main.o
    0x08001716   0x08001716   0x00000002   PAD
    0x08001718   0x08001718   0x000000e8   Code   RO            2    .text.Init_Sensors  main.o
    0x08001800   0x08001800   0x0000001e   Code   RO           48    .text.LED_Blink     main.o
    0x0800181e   0x0800181e   0x00000002   PAD
    0x08001820   0x08001820   0x0000002a   Code   RO           24    .text.LED_Init      main.o
    0x0800184a   0x0800184a   0x00000002   PAD
    0x0800184c   0x0800184c   0x00000010   Code   RO           50    .text.LED_Off       main.o
    0x0800185c   0x0800185c   0x0000000e   Code   RO          114    .text.LED_On        main.o
    0x0800186a   0x0800186a   0x00000002   PAD
    0x0800186c   0x0800186c   0x0000008a   Code   RO           54    .text.LM75B_ApplySettings  main.o
    0x080018f6   0x080018f6   0x00000002   PAD
    0x080018f8   0x080018f8   0x0000025e   Code   RO           72    .text.LM75B_ConfigMenu  main.o
    0x08001b56   0x08001b56   0x00000002   PAD
    0x08001b58   0x08001b58   0x00000034   Code   RO           30    .text.LM75B_ConfigOS  main.o
    0x08001b8c   0x08001b8c   0x0000003a   Code   RO           28    .text.LM75B_OS_Init  main.o
    0x08001bc6   0x08001bc6   0x00000002   PAD
    0x08001bc8   0x08001bc8   0x00000016   Code   RO           34    .text.LM75B_OS_IsActive  main.o
    0x08001bde   0x08001bde   0x00000002   PAD
    0x08001be0   0x08001be0   0x0000011e   Code   RO           84    .text.LM75B_PrintCurrentSettings  main.o
    0x08001cfe   0x08001cfe   0x00000002   PAD
    0x08001d00   0x08001d00   0x0000003c   Code   RO           92    .text.LM75B_ReadConfig  main.o
    0x08001d3c   0x08001d3c   0x0000008a   Code   RO           80    .text.LM75B_ReadFloatFromUart  main.o
    0x08001dc6   0x08001dc6   0x00000002   PAD
    0x08001dc8   0x08001dc8   0x00000046   Code   RO           94    .text.LM75B_ReadSetpoint  main.o
    0x08001e0e   0x08001e0e   0x00000002   PAD
    0x08001e10   0x08001e10   0x00000056   Code   RO           44    .text.LM75B_ReadTemperature  main.o
    0x08001e66   0x08001e66   0x00000002   PAD
    0x08001e68   0x08001e68   0x00000032   Code   RO          100    .text.LM75B_RegisterToTemp  main.o
    0x08001e9a   0x08001e9a   0x00000002   PAD
    0x08001e9c   0x08001e9c   0x00000066   Code   RO           66    .text.LM75B_TempToRegister  main.o
    0x08001f02   0x08001f02   0x00000002   PAD
    0x08001f04   0x08001f04   0x00000046   Code   RO           56    .text.LM75B_WriteConfig  main.o
    0x08001f4a   0x08001f4a   0x00000002   PAD
    0x08001f4c   0x08001f4c   0x00000026   Code   RO           58    .text.LM75B_WriteSetpoint  main.o
    0x08001f72   0x08001f72   0x00000002   PAD
    0x08001f74   0x08001f74   0x00000064   Code   RO          112    .text.NextField     main.o
    0x08001fd8   0x08001fd8   0x0000021a   Code   RO           90    .text.ParseFloatSimple  main.o
    0x080021f2   0x080021f2   0x00000002   PAD
    0x080021f4   0x080021f4   0x000001a4   Code   RO           82    .text.ParseHexByteSimple  main.o
    0x08002398   0x08002398   0x0000015c   Code   RO          106    .text.ParseIntSimple  main.o
    0x080024f4   0x080024f4   0x00000134   Code   RO           36    .text.ProcessUartCommands  main.o
    0x08002628   0x08002628   0x000001fe   Code   RO          175    .text.Search_ROM    ds18b20.o
    0x08002826   0x08002826   0x00000002   PAD
    0x08002828   0x08002828   0x00000142   Code   RO           46    .text.Send_Data_To_PC  main.o
    0x0800296a   0x0800296a   0x00000002   PAD
    0x0800296c   0x0800296c   0x00000008   Code   RO          197    .text.SetSysClock   system_stm32f10x.o
    0x08002974   0x08002974   0x00000122   Code   RO          201    .text.SetSysClockTo72  system_stm32f10x.o
    0x08002a96   0x08002a96   0x00000002   PAD
    0x08002a98   0x08002a98   0x00000052   Code   RO           22    .text.SysTick_Config  main.o
    0x08002aea   0x08002aea   0x00000002   PAD
    0x08002aec   0x08002aec   0x00000010   Code   RO          141    .text.SysTick_Handler  ds18b20.o
    0x08002afc   0x08002afc   0x00000066   Code   RO          195    .text.SystemInit    system_stm32f10x.o
    0x08002b62   0x08002b62   0x00000002   PAD
    0x08002b64   0x08002b64   0x00000010   Code   RO           88    .text.USART2_CharAvailable  main.o
    0x08002b74   0x08002b74   0x0000001c   Code   RO           86    .text.USART2_GetCharBlocking  main.o
    0x08002b90   0x08002b90   0x0000009e   Code   RO            4    .text.USART2_IRQHandler  main.o
    0x08002c2e   0x08002c2e   0x00000002   PAD
    0x08002c30   0x08002c30   0x0000007c   Code   RO            6    .text.USART2_Init   main.o
    0x08002cac   0x08002cac   0x00000022   Code   RO           14    .text.USART2_Print  main.o
    0x08002cce   0x08002cce   0x00000002   PAD
    0x08002cd0   0x08002cd0   0x000000be   Code   RO           16    .text.USART2_PrintFloat  main.o
    0x08002d8e   0x08002d8e   0x00000002   PAD
    0x08002d90   0x08002d90   0x00000028   Code   RO           42    .text.USART2_PrintInt  main.o
    0x08002db8   0x08002db8   0x00000074   Code   RO           18    .text.USART2_PrintUInt  main.o
    0x08002e2c   0x08002e2c   0x00000058   Code   RO           70    .text.USART2_ReadChar  main.o
    0x08002e84   0x08002e84   0x000000fc   Code   RO           78    .text.USART2_ReadLine  main.o
    0x08002f80   0x08002f80   0x0000002e   Code   RO           12    .text.USART2_Send   main.o
    0x08002fae   0x08002fae   0x00000002   PAD
    0x08002fb0   0x08002fb0   0x00000030   Code   RO           10    .text.__NVIC_EnableIRQ  main.o
    0x08002fe0   0x08002fe0   0x00000042   Code   RO           52    .text.__NVIC_SetPriority  main.o
    0x08003022   0x08003022   0x00000002   PAD
    0x08003024   0x08003024   0x00000030   Code   RO          167    .text.ds18b20_ConvertTemp  ds18b20.o
    0x08003054   0x08003054   0x00000040   Code   RO          157    .text.ds18b20_MatchRom  ds18b20.o
    0x08003094   0x08003094   0x00000032   Code   RO          145    .text.ds18b20_PortInit  ds18b20.o
    0x080030c6   0x080030c6   0x00000002   PAD
    0x080030c8   0x080030c8   0x0000004e   Code   RO          149    .text.ds18b20_ReadBit  ds18b20.o
    0x08003116   0x08003116   0x00000002   PAD
    0x08003118   0x08003118   0x00000046   Code   RO          151    .text.ds18b20_ReadByte  ds18b20.o
    0x0800315e   0x0800315e   0x00000002   PAD
    0x08003160   0x08003160   0x0000005e   Code   RO          169    .text.ds18b20_ReadStratchpad  ds18b20.o
    0x080031be   0x080031be   0x00000002   PAD
    0x080031c0   0x080031c0   0x00000052   Code   RO          147    .text.ds18b20_Reset  ds18b20.o
    0x08003212   0x08003212   0x00000002   PAD
    0x08003214   0x08003214   0x0000005e   Code   RO          161    .text.ds18b20_ResolutionToConfig  ds18b20.o
    0x08003272   0x08003272   0x00000002   PAD
    0x08003274   0x08003274   0x0000006e   Code   RO          163    .text.ds18b20_SelectDevice  ds18b20.o
    0x080032e2   0x080032e2   0x00000002   PAD
    0x080032e4   0x080032e4   0x00000044   Code   RO          153    .text.ds18b20_WriteBit  ds18b20.o
    0x08003328   0x08003328   0x00000044   Code   RO          155    .text.ds18b20_WriteByte  ds18b20.o
    0x0800336c   0x0800336c   0x000000e4   Code   RO          159    .text.ds18b20_WriteConfig  ds18b20.o
    0x08003450   0x08003450   0x000005d4   Code   RO           20    .text.main          main.o
    0x08003a24   0x08003a24   0x000000c4   Code   RO          217    x$fpl$fadd          fz_ws.l(faddsub_clz.o)
    0x08003ae8   0x08003ae8   0x00000054   Code   RO          223    x$fpl$fcmp          fz_ws.l(fcmp.o)
    0x08003b3c   0x08003b3c   0x00000018   Code   RO          268    x$fpl$fcmpinf       fz_ws.l(fcmpi.o)
    0x08003b54   0x08003b54   0x00000184   Code   RO          226    x$fpl$fdiv          fz_ws.l(fdiv.o)
    0x08003cd8   0x08003cd8   0x00000068   Code   RO          242    x$fpl$feqf          fz_ws.l(feqf.o)
    0x08003d40   0x08003d40   0x00000036   Code   RO          229    x$fpl$ffix          fz_ws.l(ffix.o)
    0x08003d76   0x08003d76   0x00000002   PAD
    0x08003d78   0x08003d78   0x00000030   Code   RO          234    x$fpl$fflt          fz_ws.l(fflt_clz.o)
    0x08003da8   0x08003da8   0x00000026   Code   RO          233    x$fpl$ffltu         fz_ws.l(fflt_clz.o)
    0x08003dce   0x08003dce   0x00000002   PAD
    0x08003dd0   0x08003dd0   0x00000068   Code   RO          244    x$fpl$fgeqf         fz_ws.l(fgeqf.o)
    0x08003e38   0x08003e38   0x00000068   Code   RO          246    x$fpl$fleqf         fz_ws.l(fleqf.o)
    0x08003ea0   0x08003ea0   0x00000102   Code   RO          239    x$fpl$fmul          fz_ws.l(fmul.o)
    0x08003fa2   0x08003fa2   0x0000008c   Code   RO          248    x$fpl$fnaninf       fz_ws.l(fnaninf.o)
    0x0800402e   0x0800402e   0x0000000a   Code   RO          250    x$fpl$fretinf       fz_ws.l(fretinf.o)
    0x08004038   0x08004038   0x000000ea   Code   RO          219    x$fpl$fsub          fz_ws.l(faddsub_clz.o)
    0x08004122   0x08004122   0x00000000   Code   RO          252    x$fpl$usenofp       fz_ws.l(usenofp.o)
    0x08004122   0x08004122   0x000008ca   Data   RO          125    .rodata.str1.1      main.o
    0x080049ec   0x080049ec   0x00000020   Data   RO          416    Region$$Table       anon$$obj.o


    Execution Region ER_RW (Exec base: 0x20000000, Load base: 0x08004a0c, Size: 0x00000010, Max: 0xffffffff, ABSOLUTE)

    Exec Addr    Load Addr    Size         Type   Attr      Idx    E Section Name        Object

    0x20000000   0x08004a0c   0x00000004   Data   RW          203    .data.SystemCoreClock  system_stm32f10x.o
    0x20000004   0x08004a10   0x00000004   Data   RW          128    .data.alarm_off_c   main.o
    0x20000008   0x08004a14   0x00000004   Data   RW          126    .data.alarm_on_c    main.o
    0x2000000c   0x08004a18   0x00000002   Data   RW          122    .data.ds18b20_resolution_bits  main.o
    0x2000000e   0x08004a1a   0x00000002   Data   RW          124    .data.ds18b20_th_c  main.o


    Execution Region ER_ZI (Exec base: 0x20000010, Load base: 0x08004a1c, Size: 0x00000770, Max: 0xffffffff, ABSOLUTE)

    Exec Addr    Load Addr    Size         Type   Attr      Idx    E Section Name        Object

    0x20000010        -       0x00000060   Zero   RW          281    .bss                c_w.l(libspace.o)
    0x20000070        -       0x00000001   Zero   RW          132    .bss.ProcessUartCommands.pc_cmd_active  main.o
    0x20000071        -       0x00000040   Zero   RW          130    .bss.ProcessUartCommands.pc_cmd_buf  main.o
    0x200000b1        -       0x00000001   Zero   RW          131    .bss.ProcessUartCommands.pc_cmd_pos  main.o
    0x200000b2        -       0x00000001   Zero   RW          127    .bss.alarm_latched  main.o
    0x200000b3        -       0x00000002   Zero   RW          123    .bss.ds18b20_tl_c   main.o
    0x200000b5        -       0x00000001   Zero   RW          129    .bss.lm75b_conf_value  main.o
    0x200000b6        -       0x00000001   Zero   RW          120    .bss.lm75b_ok       main.o
    0x200000b7        -       0x00000001   Zero   RW          121    .bss.lm75b_os_config_ok  main.o
    0x200000b8        -       0x00000004   Zero   RW          177    .bss.msTicks        ds18b20.o
    0x200000bc        -       0x00000040   Zero   RW          116    .bss.sensors        main.o
    0x200000fc        -       0x00000080   Zero   RW          119    .bss.uart_rx_buf    main.o
    0x2000017c        -       0x00000001   Zero   RW          117    .bss.uart_rx_head   main.o
    0x2000017d        -       0x00000001   Zero   RW          118    .bss.uart_rx_tail   main.o
    0x2000017e   0x08004a1c   0x00000002   PAD
    0x20000180        -       0x00000200   Zero   RW          186    HEAP                startup_stm32f10x_md.o
    0x20000380        -       0x00000400   Zero   RW          185    STACK               startup_stm32f10x_md.o


==============================================================================

Image component sizes


      Code (inc. data)   RO Data    RW Data    ZI Data      Debug   Object Name

      1806          0          0          0          4       5855   ds18b20.o
     12008          4       2250         12        266      20957   main.o
        64         26        236          0       1536        804   startup_stm32f10x_md.o
       400          0          0          4          0       2838   system_stm32f10x.o

    ----------------------------------------------------------------------
     14368         30       2518         16       1808      30454   Object Totals
         0          0         32          0          0          0   (incl. Generated)
        90          0          0          0          2          0   (incl. Padding)

    ----------------------------------------------------------------------

      Code (inc. data)   RO Data    RW Data    ZI Data      Debug   Library Member Name

         8          0          0          0          0         68   __main.o
         0          0          0          0          0          0   __rtentry.o
        12          0          0          0          0          0   __rtentry2.o
         6          0          0          0          0          0   __rtentry4.o
        52          8          0          0          0          0   __scatter.o
        26          0          0          0          0          0   __scatter_copy.o
        28          0          0          0          0          0   __scatter_zi.o
        18          0          0          0          0         80   exit.o
         6          0          0          0          0        152   heapauxi.o
         0          0          0          0          0          0   indicate_semi.o
         2          0          0          0          0          0   libinit.o
         2          0          0          0          0          0   libinit2.o
         2          0          0          0          0          0   libshutdown.o
         2          0          0          0          0          0   libshutdown2.o
         8          4          0          0         96         68   libspace.o
         2          0          0          0          0          0   rtexit.o
        10          0          0          0          0          0   rtexit2.o
        12          4          0          0          0         68   sys_exit.o
        74          0          0          0          0         80   sys_stackheap_outer.o
         2          0          0          0          0         68   use_no_semi.o
       430          8          0          0          0        168   faddsub_clz.o
        84          0          0          0          0        196   fcmp.o
        24          0          0          0          0         68   fcmpi.o
       388         76          0          0          0         96   fdiv.o
       104          4          0          0          0         84   feqf.o
        54          4          0          0          0         84   ffix.o
        86          0          0          0          0        136   fflt_clz.o
       104          4          0          0          0         84   fgeqf.o
       104          4          0          0          0         84   fleqf.o
       258          4          0          0          0         84   fmul.o
       140          4          0          0          0         84   fnaninf.o
        10          0          0          0          0         68   fretinf.o
         0          0          0          0          0          0   usenofp.o

    ----------------------------------------------------------------------
      2070        124          0          0         96       1820   Library Totals
        12          0          0          0          0          0   (incl. Padding)

    ----------------------------------------------------------------------

      Code (inc. data)   RO Data    RW Data    ZI Data      Debug   Library Name

       272         16          0          0         96        584   c_w.l
      1786        108          0          0          0       1236   fz_ws.l

    ----------------------------------------------------------------------
      2070        124          0          0         96       1820   Library Totals

    ----------------------------------------------------------------------

==============================================================================


      Code (inc. data)   RO Data    RW Data    ZI Data      Debug   

     16438        154       2518         16       1904      31398   Grand Totals
     16438        154       2518         16       1904      31398   ELF Image Totals
     16438        154       2518         16          0          0   ROM Totals

==============================================================================

    Total RO  Size (Code + RO Data)                18956 (  18.51kB)
    Total RW  Size (RW Data + ZI Data)              1920 (   1.88kB)
    Total ROM Size (Code + RO Data + RW Data)      18972 (  18.53kB)

==============================================================================

