Component: Arm Compiler for Embedded 6.18 Tool: armlink [5e4cc100]

==============================================================================

Section Cross References

    main.o(.text.Init_Sensors) refers to main.o(.bss.sensors) for sensors
    main.o(.ARM.exidx.text.Init_Sensors) refers to main.o(.text.Init_Sensors) for [Anonymous Symbol]
    main.o(.text.USART2_Init) refers to main.o(.text.Get_APB1_FREQ) for Get_APB1_FREQ
    main.o(.ARM.exidx.text.USART2_Init) refers to main.o(.text.USART2_Init) for [Anonymous Symbol]
    main.o(.text.Get_APB1_FREQ) refers to system_stm32f10x.o(.data.SystemCoreClock) for SystemCoreClock
    main.o(.ARM.exidx.text.Get_APB1_FREQ) refers to main.o(.text.Get_APB1_FREQ) for [Anonymous Symbol]
    main.o(.ARM.exidx.text.USART2_Send) refers to main.o(.text.USART2_Send) for [Anonymous Symbol]
    main.o(.text.USART2_Print) refers to main.o(.text.USART2_Send) for USART2_Send
    main.o(.ARM.exidx.text.USART2_Print) refers to main.o(.text.USART2_Print) for [Anonymous Symbol]
    main.o(.text.USART2_PrintFloat) refers to fcmp.o(x$fpl$fcmp) for __aeabi_fcmpge
    main.o(.text.USART2_PrintFloat) refers to main.o(.text.USART2_Send) for USART2_Send
    main.o(.text.USART2_PrintFloat) refers to ffix.o(x$fpl$ffix) for __aeabi_f2iz
    main.o(.text.USART2_PrintFloat) refers to fflt_clz.o(x$fpl$fflt) for __aeabi_i2f
    main.o(.text.USART2_PrintFloat) refers to faddsub_clz.o(x$fpl$fsub) for __aeabi_fsub
    main.o(.text.USART2_PrintFloat) refers to fmul.o(x$fpl$fmul) for __aeabi_fmul
    main.o(.text.USART2_PrintFloat) refers to faddsub_clz.o(x$fpl$fadd) for __aeabi_fadd
    main.o(.text.USART2_PrintFloat) refers to main.o(.text.USART2_PrintUInt) for USART2_PrintUInt
    main.o(.text.USART2_PrintFloat) refers to main.o(.text.USART2_Print) for USART2_Print
    main.o(.ARM.exidx.text.USART2_PrintFloat) refers to main.o(.text.USART2_PrintFloat) for [Anonymous Symbol]
    main.o(.text.USART2_PrintUInt) refers to main.o(.text.USART2_Send) for USART2_Send
    main.o(.ARM.exidx.text.USART2_PrintUInt) refers to main.o(.text.USART2_PrintUInt) for [Anonymous Symbol]
    main.o(.text.main) refers to system_stm32f10x.o(.data.SystemCoreClock) for SystemCoreClock
    main.o(.text.main) refers to main.o(.text.SysTick_Config) for SysTick_Config
    main.o(.text.main) refers to main.o(.text.LED_Init) for LED_Init
    main.o(.text.main) refers to main.o(.text.USART2_Init) for USART2_Init
    main.o(.text.main) refers to main.o(.text.I2C1_Init_LM75B) for I2C1_Init_LM75B
    main.o(.text.main) refers to main.o(.text.LM75B_OS_Init) for LM75B_OS_Init
    main.o(.text.main) refers to main.o(.bss.lm75b_ok) for lm75b_ok
    main.o(.text.main) refers to main.o(.text.LM75B_ConfigOS) for LM75B_ConfigOS
    main.o(.text.main) refers to main.o(.bss.lm75b_os_config_ok) for lm75b_os_config_ok
    main.o(.text.main) refers to ds18b20.o(.text.ds18b20_PortInit) for ds18b20_PortInit
    main.o(.text.main) refers to ds18b20.o(.text.ds18b20_Reset) for ds18b20_Reset
    main.o(.text.main) refers to main.o(.text.Init_Sensors) for Init_Sensors
    main.o(.text.main) refers to main.o(.bss.sensors) for sensors
    main.o(.text.main) refers to ds18b20.o(.text.Search_ROM) for Search_ROM
    main.o(.text.main) refers to ds18b20.o(.text.ds18b20_Init) for ds18b20_Init
    main.o(.text.main) refers to main.o(.rodata.str1.1) for .L.str
    main.o(.text.main) refers to main.o(.text.USART2_Print) for USART2_Print
    main.o(.text.main) refers to main.o(.text.LM75B_OS_IsActive) for LM75B_OS_IsActive
    main.o(.text.main) refers to ds18b20.o(.text.ds18b20_ConvertTemp) for ds18b20_ConvertTemp
    main.o(.text.main) refers to ds18b20.o(.text.DelayMicro) for DelayMicro
    main.o(.text.main) refers to ds18b20.o(.text.ds18b20_ReadStratchpad) for ds18b20_ReadStratchpad
    main.o(.text.main) refers to ds18b20.o(.text.Compute_CRC8) for Compute_CRC8
    main.o(.text.main) refers to main.o(.text.USART2_Send) for USART2_Send
    main.o(.text.main) refers to fflt_clz.o(x$fpl$fflt) for __aeabi_i2f
    main.o(.text.main) refers to fmul.o(x$fpl$fmul) for __aeabi_fmul
    main.o(.text.main) refers to main.o(.text.USART2_PrintFloat) for USART2_PrintFloat
    main.o(.text.main) refers to main.o(.text.USART2_PrintUInt) for USART2_PrintUInt
    main.o(.text.main) refers to fcmp.o(x$fpl$fcmp) for __aeabi_fcmple
    main.o(.text.main) refers to main.o(.text.LM75B_ReadTemperature) for LM75B_ReadTemperature
    main.o(.text.main) refers to main.o(.text.LED_Blink) for LED_Blink
    main.o(.text.main) refers to main.o(.text.LED_Off) for LED_Off
    main.o(.ARM.exidx.text.main) refers to main.o(.text.main) for [Anonymous Symbol]
    main.o(.text.SysTick_Config) refers to main.o(.text.__NVIC_SetPriority) for __NVIC_SetPriority
    main.o(.ARM.exidx.text.SysTick_Config) refers to main.o(.text.SysTick_Config) for [Anonymous Symbol]
    main.o(.ARM.exidx.text.LED_Init) refers to main.o(.text.LED_Init) for [Anonymous Symbol]
    main.o(.text.I2C1_Init_LM75B) refers to main.o(.text.Get_APB1_FREQ) for Get_APB1_FREQ
    main.o(.text.I2C1_Init_LM75B) refers to main.o(.bss.lm75b_ok) for lm75b_ok
    main.o(.ARM.exidx.text.I2C1_Init_LM75B) refers to main.o(.text.I2C1_Init_LM75B) for [Anonymous Symbol]
    main.o(.ARM.exidx.text.LM75B_OS_Init) refers to main.o(.text.LM75B_OS_Init) for [Anonymous Symbol]
    main.o(.text.LM75B_ConfigOS) refers to main.o(.text.I2C1_WriteData) for I2C1_WriteData
    main.o(.ARM.exidx.text.LM75B_ConfigOS) refers to main.o(.text.LM75B_ConfigOS) for [Anonymous Symbol]
    main.o(.ARM.exidx.text.LM75B_OS_IsActive) refers to main.o(.text.LM75B_OS_IsActive) for [Anonymous Symbol]
    main.o(.text.LM75B_ReadTemperature) refers to main.o(.text.I2C1_ReadData) for I2C1_ReadData
    main.o(.text.LM75B_ReadTemperature) refers to fflt_clz.o(x$fpl$fflt) for __aeabi_i2f
    main.o(.text.LM75B_ReadTemperature) refers to fdiv.o(x$fpl$fdiv) for __aeabi_fdiv
    main.o(.ARM.exidx.text.LM75B_ReadTemperature) refers to main.o(.text.LM75B_ReadTemperature) for [Anonymous Symbol]
    main.o(.text.LED_Blink) refers to main.o(.text.LED_On) for LED_On
    main.o(.text.LED_Blink) refers to ds18b20.o(.text.DelayMicro) for DelayMicro
    main.o(.text.LED_Blink) refers to main.o(.text.LED_Off) for LED_Off
    main.o(.ARM.exidx.text.LED_Blink) refers to main.o(.text.LED_Blink) for [Anonymous Symbol]
    main.o(.ARM.exidx.text.LED_Off) refers to main.o(.text.LED_Off) for [Anonymous Symbol]
    main.o(.ARM.exidx.text.__NVIC_SetPriority) refers to main.o(.text.__NVIC_SetPriority) for [Anonymous Symbol]
    main.o(.text.I2C1_WriteData) refers to main.o(.text.I2C_WaitSet) for I2C_WaitSet
    main.o(.text.I2C1_WriteData) refers to main.o(.text.I2C1_StopAndClearErrors) for I2C1_StopAndClearErrors
    main.o(.ARM.exidx.text.I2C1_WriteData) refers to main.o(.text.I2C1_WriteData) for [Anonymous Symbol]
    main.o(.ARM.exidx.text.I2C_WaitSet) refers to main.o(.text.I2C_WaitSet) for [Anonymous Symbol]
    main.o(.ARM.exidx.text.I2C1_StopAndClearErrors) refers to main.o(.text.I2C1_StopAndClearErrors) for [Anonymous Symbol]
    main.o(.text.I2C1_ReadData) refers to main.o(.text.I2C1_SelectRegisterForRead) for I2C1_SelectRegisterForRead
    main.o(.text.I2C1_ReadData) refers to main.o(.text.I2C_WaitSet) for I2C_WaitSet
    main.o(.text.I2C1_ReadData) refers to main.o(.text.I2C1_StopAndClearErrors) for I2C1_StopAndClearErrors
    main.o(.ARM.exidx.text.I2C1_ReadData) refers to main.o(.text.I2C1_ReadData) for [Anonymous Symbol]
    main.o(.text.I2C1_SelectRegisterForRead) refers to main.o(.text.I2C_WaitSet) for I2C_WaitSet
    main.o(.text.I2C1_SelectRegisterForRead) refers to main.o(.text.I2C1_StopAndClearErrors) for I2C1_StopAndClearErrors
    main.o(.ARM.exidx.text.I2C1_SelectRegisterForRead) refers to main.o(.text.I2C1_SelectRegisterForRead) for [Anonymous Symbol]
    main.o(.ARM.exidx.text.LED_On) refers to main.o(.text.LED_On) for [Anonymous Symbol]
    ds18b20.o(.text.SysTick_Handler) refers to ds18b20.o(.bss.msTicks) for msTicks
    ds18b20.o(.ARM.exidx.text.SysTick_Handler) refers to ds18b20.o(.text.SysTick_Handler) for [Anonymous Symbol]
    ds18b20.o(.text.DelayMicro) refers to ds18b20.o(.bss.msTicks) for msTicks
    ds18b20.o(.ARM.exidx.text.DelayMicro) refers to ds18b20.o(.text.DelayMicro) for [Anonymous Symbol]
    ds18b20.o(.ARM.exidx.text.ds18b20_PortInit) refers to ds18b20.o(.text.ds18b20_PortInit) for [Anonymous Symbol]
    ds18b20.o(.text.ds18b20_Reset) refers to ds18b20.o(.text.DelayMicro) for DelayMicro
    ds18b20.o(.ARM.exidx.text.ds18b20_Reset) refers to ds18b20.o(.text.ds18b20_Reset) for [Anonymous Symbol]
    ds18b20.o(.text.ds18b20_ReadBit) refers to ds18b20.o(.text.DelayMicro) for DelayMicro
    ds18b20.o(.ARM.exidx.text.ds18b20_ReadBit) refers to ds18b20.o(.text.ds18b20_ReadBit) for [Anonymous Symbol]
    ds18b20.o(.text.ds18b20_ReadByte) refers to ds18b20.o(.text.ds18b20_ReadBit) for ds18b20_ReadBit
    ds18b20.o(.ARM.exidx.text.ds18b20_ReadByte) refers to ds18b20.o(.text.ds18b20_ReadByte) for [Anonymous Symbol]
    ds18b20.o(.text.ds18b20_WriteBit) refers to ds18b20.o(.text.DelayMicro) for DelayMicro
    ds18b20.o(.ARM.exidx.text.ds18b20_WriteBit) refers to ds18b20.o(.text.ds18b20_WriteBit) for [Anonymous Symbol]
    ds18b20.o(.text.ds18b20_WriteByte) refers to ds18b20.o(.text.ds18b20_WriteBit) for ds18b20_WriteBit
    ds18b20.o(.text.ds18b20_WriteByte) refers to ds18b20.o(.text.DelayMicro) for DelayMicro
    ds18b20.o(.ARM.exidx.text.ds18b20_WriteByte) refers to ds18b20.o(.text.ds18b20_WriteByte) for [Anonymous Symbol]
    ds18b20.o(.text.ds18b20_MatchRom) refers to ds18b20.o(.text.ds18b20_Reset) for ds18b20_Reset
    ds18b20.o(.text.ds18b20_MatchRom) refers to ds18b20.o(.text.ds18b20_WriteByte) for ds18b20_WriteByte
    ds18b20.o(.ARM.exidx.text.ds18b20_MatchRom) refers to ds18b20.o(.text.ds18b20_MatchRom) for [Anonymous Symbol]
    ds18b20.o(.text.ds18b20_Init) refers to ds18b20.o(.text.ds18b20_Reset) for ds18b20_Reset
    ds18b20.o(.text.ds18b20_Init) refers to ds18b20.o(.text.ds18b20_WriteByte) for ds18b20_WriteByte
    ds18b20.o(.text.ds18b20_Init) refers to ds18b20.o(.text.ds18b20_MatchRom) for ds18b20_MatchRom
    ds18b20.o(.text.ds18b20_Init) refers to ds18b20.o(.text.DelayMicro) for DelayMicro
    ds18b20.o(.ARM.exidx.text.ds18b20_Init) refers to ds18b20.o(.text.ds18b20_Init) for [Anonymous Symbol]
    ds18b20.o(.text.ds18b20_ConvertTemp) refers to ds18b20.o(.text.ds18b20_Reset) for ds18b20_Reset
    ds18b20.o(.text.ds18b20_ConvertTemp) refers to ds18b20.o(.text.ds18b20_WriteByte) for ds18b20_WriteByte
    ds18b20.o(.text.ds18b20_ConvertTemp) refers to ds18b20.o(.text.ds18b20_MatchRom) for ds18b20_MatchRom
    ds18b20.o(.ARM.exidx.text.ds18b20_ConvertTemp) refers to ds18b20.o(.text.ds18b20_ConvertTemp) for [Anonymous Symbol]
    ds18b20.o(.text.ds18b20_ReadStratchpad) refers to ds18b20.o(.text.ds18b20_Reset) for ds18b20_Reset
    ds18b20.o(.text.ds18b20_ReadStratchpad) refers to ds18b20.o(.text.ds18b20_WriteByte) for ds18b20_WriteByte
    ds18b20.o(.text.ds18b20_ReadStratchpad) refers to ds18b20.o(.text.ds18b20_MatchRom) for ds18b20_MatchRom
    ds18b20.o(.text.ds18b20_ReadStratchpad) refers to ds18b20.o(.text.ds18b20_ReadByte) for ds18b20_ReadByte
    ds18b20.o(.ARM.exidx.text.ds18b20_ReadStratchpad) refers to ds18b20.o(.text.ds18b20_ReadStratchpad) for [Anonymous Symbol]
    ds18b20.o(.text.ds18b20_ReadROM) refers to ds18b20.o(.text.ds18b20_Reset) for ds18b20_Reset
    ds18b20.o(.text.ds18b20_ReadROM) refers to ds18b20.o(.text.ds18b20_WriteByte) for ds18b20_WriteByte
    ds18b20.o(.text.ds18b20_ReadROM) refers to ds18b20.o(.text.ds18b20_ReadByte) for ds18b20_ReadByte
    ds18b20.o(.ARM.exidx.text.ds18b20_ReadROM) refers to ds18b20.o(.text.ds18b20_ReadROM) for [Anonymous Symbol]
    ds18b20.o(.ARM.exidx.text.Compute_CRC8) refers to ds18b20.o(.text.Compute_CRC8) for [Anonymous Symbol]
    ds18b20.o(.text.Search_ROM) refers to ds18b20.o(.text.ds18b20_Reset) for ds18b20_Reset
    ds18b20.o(.text.Search_ROM) refers to ds18b20.o(.text.ds18b20_WriteBit) for ds18b20_WriteBit
    ds18b20.o(.text.Search_ROM) refers to ds18b20.o(.text.ds18b20_ReadBit) for ds18b20_ReadBit
    ds18b20.o(.ARM.exidx.text.Search_ROM) refers to ds18b20.o(.text.Search_ROM) for [Anonymous Symbol]
    startup_stm32f10x_md.o(STACK) refers (Special) to heapauxi.o(.text) for __use_two_region_memory
    startup_stm32f10x_md.o(HEAP) refers (Special) to heapauxi.o(.text) for __use_two_region_memory
    startup_stm32f10x_md.o(RESET) refers (Special) to heapauxi.o(.text) for __use_two_region_memory
    startup_stm32f10x_md.o(RESET) refers to startup_stm32f10x_md.o(STACK) for __initial_sp
    startup_stm32f10x_md.o(RESET) refers to startup_stm32f10x_md.o(.text) for Reset_Handler
    startup_stm32f10x_md.o(RESET) refers to ds18b20.o(.text.SysTick_Handler) for SysTick_Handler
    startup_stm32f10x_md.o(.text) refers (Special) to heapauxi.o(.text) for __use_two_region_memory
    startup_stm32f10x_md.o(.text) refers to system_stm32f10x.o(.text.SystemInit) for SystemInit
    startup_stm32f10x_md.o(.text) refers to __main.o(!!!main) for __main
    startup_stm32f10x_md.o(.text) refers to startup_stm32f10x_md.o(HEAP) for Heap_Mem
    startup_stm32f10x_md.o(.text) refers to startup_stm32f10x_md.o(STACK) for Stack_Mem
    system_stm32f10x.o(.text.SystemInit) refers to system_stm32f10x.o(.text.SetSysClock) for SetSysClock
    system_stm32f10x.o(.ARM.exidx.text.SystemInit) refers to system_stm32f10x.o(.text.SystemInit) for [Anonymous Symbol]
    system_stm32f10x.o(.text.SetSysClock) refers to system_stm32f10x.o(.text.SetSysClockTo72) for SetSysClockTo72
    system_stm32f10x.o(.ARM.exidx.text.SetSysClock) refers to system_stm32f10x.o(.text.SetSysClock) for [Anonymous Symbol]
    system_stm32f10x.o(.text.SystemCoreClockUpdate) refers to system_stm32f10x.o(.data.SystemCoreClock) for SystemCoreClock
    system_stm32f10x.o(.text.SystemCoreClockUpdate) refers to system_stm32f10x.o(.rodata.AHBPrescTable) for AHBPrescTable
    system_stm32f10x.o(.ARM.exidx.text.SystemCoreClockUpdate) refers to system_stm32f10x.o(.text.SystemCoreClockUpdate) for [Anonymous Symbol]
    system_stm32f10x.o(.ARM.exidx.text.SetSysClockTo72) refers to system_stm32f10x.o(.text.SetSysClockTo72) for [Anonymous Symbol]
    __main.o(!!!main) refers to __rtentry.o(.ARM.Collect$$rtentry$$00000000) for __rt_entry
    faddsub_clz.o(x$fpl$fadd) refers (Special) to usenofp.o(x$fpl$usenofp) for __I$use$fp
    faddsub_clz.o(x$fpl$fadd) refers to faddsub_clz.o(x$fpl$fsub) for _fsub1
    faddsub_clz.o(x$fpl$fadd) refers to fretinf.o(x$fpl$fretinf) for __fpl_fretinf
    faddsub_clz.o(x$fpl$fadd) refers to fnaninf.o(x$fpl$fnaninf) for __fpl_fnaninf
    faddsub_clz.o(x$fpl$frsb) refers (Special) to usenofp.o(x$fpl$usenofp) for __I$use$fp
    faddsub_clz.o(x$fpl$frsb) refers to faddsub_clz.o(x$fpl$fadd) for _fadd1
    faddsub_clz.o(x$fpl$frsb) refers to faddsub_clz.o(x$fpl$fsub) for _fsub1
    faddsub_clz.o(x$fpl$fsub) refers (Special) to usenofp.o(x$fpl$usenofp) for __I$use$fp
    faddsub_clz.o(x$fpl$fsub) refers to faddsub_clz.o(x$fpl$fadd) for _fadd1
    faddsub_clz.o(x$fpl$fsub) refers to fnaninf.o(x$fpl$fnaninf) for __fpl_fnaninf
    fcmp.o(x$fpl$fcmp) refers (Special) to usenofp.o(x$fpl$usenofp) for __I$use$fp
    fcmp.o(x$fpl$fcmp) refers to feqf.o(x$fpl$feqf) for _fcmpeq
    fcmp.o(x$fpl$fcmp) refers to fgeqf.o(x$fpl$fgeqf) for _fcmpge
    fcmp.o(x$fpl$fcmp) refers to fleqf.o(x$fpl$fleqf) for _fcmple
    fdiv.o(x$fpl$frdiv) refers (Special) to usenofp.o(x$fpl$usenofp) for __I$use$fp
    fdiv.o(x$fpl$frdiv) refers to fdiv.o(x$fpl$fdiv) for _fdiv1
    fdiv.o(x$fpl$fdiv) refers (Special) to usenofp.o(x$fpl$usenofp) for __I$use$fp
    fdiv.o(x$fpl$fdiv) refers to fretinf.o(x$fpl$fretinf) for __fpl_fretinf
    fdiv.o(x$fpl$fdiv) refers to fnaninf.o(x$fpl$fnaninf) for __fpl_fnaninf
    ffix.o(x$fpl$ffix) refers (Special) to usenofp.o(x$fpl$usenofp) for __I$use$fp
    ffix.o(x$fpl$ffix) refers to fnaninf.o(x$fpl$fnaninf) for __fpl_fnaninf
    ffix.o(x$fpl$ffixr) refers (Special) to usenofp.o(x$fpl$usenofp) for __I$use$fp
    ffix.o(x$fpl$ffixr) refers to fnaninf.o(x$fpl$fnaninf) for __fpl_fnaninf
    fflt_clz.o(x$fpl$ffltu) refers (Special) to usenofp.o(x$fpl$usenofp) for __I$use$fp
    fflt_clz.o(x$fpl$fflt) refers (Special) to usenofp.o(x$fpl$usenofp) for __I$use$fp
    fflt_clz.o(x$fpl$ffltn) refers (Special) to usenofp.o(x$fpl$usenofp) for __I$use$fp
    fmul.o(x$fpl$fmul) refers (Special) to usenofp.o(x$fpl$usenofp) for __I$use$fp
    fmul.o(x$fpl$fmul) refers to fretinf.o(x$fpl$fretinf) for __fpl_fretinf
    fmul.o(x$fpl$fmul) refers to fnaninf.o(x$fpl$fnaninf) for __fpl_fnaninf
    __rtentry.o(.ARM.Collect$$rtentry$$00000000) refers (Special) to __rtentry2.o(.ARM.Collect$$rtentry$$0000000A) for __rt_entry_li
    __rtentry.o(.ARM.Collect$$rtentry$$00000000) refers (Special) to __rtentry2.o(.ARM.Collect$$rtentry$$0000000D) for __rt_entry_main
    __rtentry.o(.ARM.Collect$$rtentry$$00000000) refers (Special) to __rtentry2.o(.ARM.Collect$$rtentry$$0000000C) for __rt_entry_postli_1
    __rtentry.o(.ARM.Collect$$rtentry$$00000000) refers (Special) to __rtentry2.o(.ARM.Collect$$rtentry$$00000009) for __rt_entry_postsh_1
    __rtentry.o(.ARM.Collect$$rtentry$$00000000) refers (Special) to __rtentry2.o(.ARM.Collect$$rtentry$$00000002) for __rt_entry_presh_1
    __rtentry.o(.ARM.Collect$$rtentry$$00000000) refers (Special) to __rtentry4.o(.ARM.Collect$$rtentry$$00000004) for __rt_entry_sh
    feqf.o(x$fpl$feqf) refers (Special) to usenofp.o(x$fpl$usenofp) for __I$use$fp
    feqf.o(x$fpl$feqf) refers to fnaninf.o(x$fpl$fnaninf) for __fpl_fnaninf
    feqf.o(x$fpl$feqf) refers to fcmpi.o(x$fpl$fcmpinf) for __fpl_fcmp_Inf
    fgeqf.o(x$fpl$fgeqf) refers (Special) to usenofp.o(x$fpl$usenofp) for __I$use$fp
    fgeqf.o(x$fpl$fgeqf) refers to fnaninf.o(x$fpl$fnaninf) for __fpl_fnaninf
    fgeqf.o(x$fpl$fgeqf) refers to fcmpi.o(x$fpl$fcmpinf) for __fpl_fcmp_Inf
    fleqf.o(x$fpl$fleqf) refers (Special) to usenofp.o(x$fpl$usenofp) for __I$use$fp
    fleqf.o(x$fpl$fleqf) refers to fnaninf.o(x$fpl$fnaninf) for __fpl_fnaninf
    fleqf.o(x$fpl$fleqf) refers to fcmpi.o(x$fpl$fcmpinf) for __fpl_fcmp_Inf
    fnaninf.o(x$fpl$fnaninf) refers (Special) to usenofp.o(x$fpl$usenofp) for __I$use$fp
    fretinf.o(x$fpl$fretinf) refers (Special) to usenofp.o(x$fpl$usenofp) for __I$use$fp
    __rtentry2.o(.ARM.Collect$$rtentry$$00000008) refers to boardinit2.o(.text) for _platform_post_stackheap_init
    __rtentry2.o(.ARM.Collect$$rtentry$$0000000A) refers to libinit.o(.ARM.Collect$$libinit$$00000000) for __rt_lib_init
    __rtentry2.o(.ARM.Collect$$rtentry$$0000000B) refers to boardinit3.o(.text) for _platform_post_lib_init
    __rtentry2.o(.ARM.Collect$$rtentry$$0000000D) refers to main.o(.text.main) for main
    __rtentry2.o(.ARM.Collect$$rtentry$$0000000D) refers to exit.o(.text) for exit
    __rtentry2.o(.ARM.exidx) refers to __rtentry2.o(.ARM.Collect$$rtentry$$00000001) for .ARM.Collect$$rtentry$$00000001
    __rtentry2.o(.ARM.exidx) refers to __rtentry2.o(.ARM.Collect$$rtentry$$00000008) for .ARM.Collect$$rtentry$$00000008
    __rtentry2.o(.ARM.exidx) refers to __rtentry2.o(.ARM.Collect$$rtentry$$0000000A) for .ARM.Collect$$rtentry$$0000000A
    __rtentry2.o(.ARM.exidx) refers to __rtentry2.o(.ARM.Collect$$rtentry$$0000000B) for .ARM.Collect$$rtentry$$0000000B
    __rtentry2.o(.ARM.exidx) refers to __rtentry2.o(.ARM.Collect$$rtentry$$0000000D) for .ARM.Collect$$rtentry$$0000000D
    __rtentry4.o(.ARM.Collect$$rtentry$$00000004) refers to sys_stackheap_outer.o(.text) for __user_setup_stackheap
    __rtentry4.o(.ARM.exidx) refers to __rtentry4.o(.ARM.Collect$$rtentry$$00000004) for .ARM.Collect$$rtentry$$00000004
    fcmpi.o(x$fpl$fcmpinf) refers (Special) to usenofp.o(x$fpl$usenofp) for __I$use$fp
    sys_stackheap_outer.o(.text) refers to libspace.o(.text) for __user_perproc_libspace
    sys_stackheap_outer.o(.text) refers to startup_stm32f10x_md.o(.text) for __user_initial_stackheap
    exit.o(.text) refers to rtexit.o(.ARM.Collect$$rtexit$$00000000) for __rt_exit
    libinit.o(.ARM.Collect$$libinit$$00000000) refers (Special) to libinit2.o(.ARM.Collect$$libinit$$00000030) for __rt_lib_init_alloca_1
    libinit.o(.ARM.Collect$$libinit$$00000000) refers (Special) to libinit2.o(.ARM.Collect$$libinit$$0000002E) for __rt_lib_init_argv_1
    libinit.o(.ARM.Collect$$libinit$$00000000) refers (Special) to libinit2.o(.ARM.Collect$$libinit$$0000001D) for __rt_lib_init_atexit_1
    libinit.o(.ARM.Collect$$libinit$$00000000) refers (Special) to libinit2.o(.ARM.Collect$$libinit$$00000023) for __rt_lib_init_clock_1
    libinit.o(.ARM.Collect$$libinit$$00000000) refers (Special) to libinit2.o(.ARM.Collect$$libinit$$00000034) for __rt_lib_init_cpp_1
    libinit.o(.ARM.Collect$$libinit$$00000000) refers (Special) to libinit2.o(.ARM.Collect$$libinit$$00000032) for __rt_lib_init_exceptions_1
    libinit.o(.ARM.Collect$$libinit$$00000000) refers (Special) to libinit2.o(.ARM.Collect$$libinit$$00000002) for __rt_lib_init_fp_1
    libinit.o(.ARM.Collect$$libinit$$00000000) refers (Special) to libinit2.o(.ARM.Collect$$libinit$$00000021) for __rt_lib_init_fp_trap_1
    libinit.o(.ARM.Collect$$libinit$$00000000) refers (Special) to libinit2.o(.ARM.Collect$$libinit$$00000025) for __rt_lib_init_getenv_1
    libinit.o(.ARM.Collect$$libinit$$00000000) refers (Special) to libinit2.o(.ARM.Collect$$libinit$$0000000C) for __rt_lib_init_heap_1
    libinit.o(.ARM.Collect$$libinit$$00000000) refers (Special) to libinit2.o(.ARM.Collect$$libinit$$00000013) for __rt_lib_init_lc_collate_1
    libinit.o(.ARM.Collect$$libinit$$00000000) refers (Special) to libinit2.o(.ARM.Collect$$libinit$$00000015) for __rt_lib_init_lc_ctype_1
    libinit.o(.ARM.Collect$$libinit$$00000000) refers (Special) to libinit2.o(.ARM.Collect$$libinit$$00000017) for __rt_lib_init_lc_monetary_1
    libinit.o(.ARM.Collect$$libinit$$00000000) refers (Special) to libinit2.o(.ARM.Collect$$libinit$$00000019) for __rt_lib_init_lc_numeric_1
    libinit.o(.ARM.Collect$$libinit$$00000000) refers (Special) to libinit2.o(.ARM.Collect$$libinit$$0000001B) for __rt_lib_init_lc_time_1
    libinit.o(.ARM.Collect$$libinit$$00000000) refers (Special) to libinit2.o(.ARM.Collect$$libinit$$00000006) for __rt_lib_init_preinit_1
    libinit.o(.ARM.Collect$$libinit$$00000000) refers (Special) to libinit2.o(.ARM.Collect$$libinit$$00000010) for __rt_lib_init_rand_1
    libinit.o(.ARM.Collect$$libinit$$00000000) refers (Special) to libinit2.o(.ARM.Collect$$libinit$$00000004) for __rt_lib_init_relocate_pie_1
    libinit.o(.ARM.Collect$$libinit$$00000000) refers (Special) to libinit2.o(.ARM.Collect$$libinit$$00000035) for __rt_lib_init_return
    libinit.o(.ARM.Collect$$libinit$$00000000) refers (Special) to libinit2.o(.ARM.Collect$$libinit$$0000001F) for __rt_lib_init_signal_1
    libinit.o(.ARM.Collect$$libinit$$00000000) refers (Special) to libinit2.o(.ARM.Collect$$libinit$$00000027) for __rt_lib_init_stdio_1
    libinit.o(.ARM.Collect$$libinit$$00000000) refers (Special) to libinit2.o(.ARM.Collect$$libinit$$0000000E) for __rt_lib_init_user_alloc_1
    libspace.o(.text) refers to libspace.o(.bss) for __libspace_start
    rtexit.o(.ARM.Collect$$rtexit$$00000000) refers (Special) to rtexit2.o(.ARM.Collect$$rtexit$$00000004) for __rt_exit_exit
    rtexit.o(.ARM.Collect$$rtexit$$00000000) refers (Special) to rtexit2.o(.ARM.Collect$$rtexit$$00000003) for __rt_exit_ls
    rtexit.o(.ARM.Collect$$rtexit$$00000000) refers (Special) to rtexit2.o(.ARM.Collect$$rtexit$$00000002) for __rt_exit_prels_1
    rtexit.o(.ARM.exidx) refers (Special) to rtexit2.o(.ARM.Collect$$rtexit$$00000004) for __rt_exit_exit
    rtexit.o(.ARM.exidx) refers (Special) to rtexit2.o(.ARM.Collect$$rtexit$$00000003) for __rt_exit_ls
    rtexit.o(.ARM.exidx) refers (Special) to rtexit2.o(.ARM.Collect$$rtexit$$00000002) for __rt_exit_prels_1
    rtexit.o(.ARM.exidx) refers to rtexit.o(.ARM.Collect$$rtexit$$00000000) for .ARM.Collect$$rtexit$$00000000
    libinit2.o(.ARM.Collect$$libinit$$00000012) refers to libinit2.o(.ARM.Collect$$libinit$$00000011) for .ARM.Collect$$libinit$$00000011
    libinit2.o(.ARM.Collect$$libinit$$00000014) refers to libinit2.o(.ARM.Collect$$libinit$$00000011) for .ARM.Collect$$libinit$$00000011
    libinit2.o(.ARM.Collect$$libinit$$00000016) refers to libinit2.o(.ARM.Collect$$libinit$$00000011) for .ARM.Collect$$libinit$$00000011
    libinit2.o(.ARM.Collect$$libinit$$00000018) refers to libinit2.o(.ARM.Collect$$libinit$$00000011) for .ARM.Collect$$libinit$$00000011
    libinit2.o(.ARM.Collect$$libinit$$0000001A) refers to libinit2.o(.ARM.Collect$$libinit$$00000011) for .ARM.Collect$$libinit$$00000011
    libinit2.o(.ARM.Collect$$libinit$$00000028) refers to argv_veneer.o(.emb_text) for __ARM_argv_veneer
    libinit2.o(.ARM.Collect$$libinit$$00000029) refers to argv_veneer.o(.emb_text) for __ARM_argv_veneer
    rtexit2.o(.ARM.Collect$$rtexit$$00000003) refers to libshutdown.o(.ARM.Collect$$libshutdown$$00000000) for __rt_lib_shutdown
    rtexit2.o(.ARM.Collect$$rtexit$$00000004) refers to sys_exit.o(.text) for _sys_exit
    rtexit2.o(.ARM.exidx) refers to rtexit2.o(.ARM.Collect$$rtexit$$00000001) for .ARM.Collect$$rtexit$$00000001
    rtexit2.o(.ARM.exidx) refers to rtexit2.o(.ARM.Collect$$rtexit$$00000003) for .ARM.Collect$$rtexit$$00000003
    rtexit2.o(.ARM.exidx) refers to rtexit2.o(.ARM.Collect$$rtexit$$00000004) for .ARM.Collect$$rtexit$$00000004
    argv_veneer.o(.emb_text) refers to no_argv.o(.text) for __ARM_get_argv
    sys_exit.o(.text) refers (Special) to use_no_semi.o(.text) for __I$use$semihosting
    sys_exit.o(.text) refers (Special) to indicate_semi.o(.text) for __semihosting_library_function
    sys_exit_hlt.o(.text) refers (Special) to use_no_semi.o(.text) for __I$use$semihosting
    sys_exit_hlt.o(.text) refers (Special) to indicate_semi.o(.text) for __semihosting_library_function
    _get_argv_nomalloc.o(.text) refers (Special) to hrguard.o(.text) for __heap_region$guard
    _get_argv_nomalloc.o(.text) refers to defsig_rtmem_outer.o(.text) for __rt_SIGRTMEM
    _get_argv_nomalloc.o(.text) refers to sys_command.o(.text) for _sys_command_string
    libshutdown.o(.ARM.Collect$$libshutdown$$00000000) refers (Special) to libshutdown2.o(.ARM.Collect$$libshutdown$$00000002) for __rt_lib_shutdown_cpp_1
    libshutdown.o(.ARM.Collect$$libshutdown$$00000000) refers (Special) to libshutdown2.o(.ARM.Collect$$libshutdown$$00000007) for __rt_lib_shutdown_fp_trap_1
    libshutdown.o(.ARM.Collect$$libshutdown$$00000000) refers (Special) to libshutdown2.o(.ARM.Collect$$libshutdown$$0000000F) for __rt_lib_shutdown_heap_1
    libshutdown.o(.ARM.Collect$$libshutdown$$00000000) refers (Special) to libshutdown2.o(.ARM.Collect$$libshutdown$$00000010) for __rt_lib_shutdown_return
    libshutdown.o(.ARM.Collect$$libshutdown$$00000000) refers (Special) to libshutdown2.o(.ARM.Collect$$libshutdown$$0000000A) for __rt_lib_shutdown_signal_1
    libshutdown.o(.ARM.Collect$$libshutdown$$00000000) refers (Special) to libshutdown2.o(.ARM.Collect$$libshutdown$$00000004) for __rt_lib_shutdown_stdio_1
    libshutdown.o(.ARM.Collect$$libshutdown$$00000000) refers (Special) to libshutdown2.o(.ARM.Collect$$libshutdown$$0000000C) for __rt_lib_shutdown_user_alloc_1
    sys_command.o(.text) refers (Special) to use_no_semi.o(.text) for __I$use$semihosting
    sys_command.o(.text) refers (Special) to indicate_semi.o(.text) for __semihosting_library_function
    sys_command_hlt.o(.text) refers (Special) to use_no_semi.o(.text) for __I$use$semihosting
    sys_command_hlt.o(.text) refers (Special) to indicate_semi.o(.text) for __semihosting_library_function
    defsig_rtmem_outer.o(.text) refers to defsig_rtmem_inner.o(.text) for __rt_SIGRTMEM_inner
    defsig_rtmem_outer.o(.text) refers to defsig_exit.o(.text) for __sig_exit
    defsig_rtmem_formal.o(.text) refers to rt_raise.o(.text) for __rt_raise
    rt_raise.o(.text) refers to __raise.o(.text) for __raise
    rt_raise.o(.text) refers to sys_exit.o(.text) for _sys_exit
    defsig_exit.o(.text) refers to sys_exit.o(.text) for _sys_exit
    defsig_rtmem_inner.o(.text) refers to defsig_general.o(.text) for __default_signal_display
    __raise.o(.text) refers to defsig.o(CL$$defsig) for __default_signal_handler
    defsig_general.o(.text) refers to sys_wrch.o(.text) for _ttywrch
    sys_wrch.o(.text) refers (Special) to use_no_semi.o(.text) for __I$use$semihosting
    sys_wrch.o(.text) refers (Special) to indicate_semi.o(.text) for __semihosting_library_function
    sys_wrch_hlt.o(.text) refers (Special) to use_no_semi.o(.text) for __I$use$semihosting
    sys_wrch_hlt.o(.text) refers (Special) to indicate_semi.o(.text) for __semihosting_library_function
    defsig.o(CL$$defsig) refers to defsig_rtmem_inner.o(.text) for __rt_SIGRTMEM_inner
    defsig_abrt_inner.o(.text) refers to defsig_general.o(.text) for __default_signal_display
    defsig_fpe_inner.o(.text) refers to defsig_general.o(.text) for __default_signal_display
    defsig_rtred_inner.o(.text) refers to defsig_general.o(.text) for __default_signal_display
    defsig_stak_inner.o(.text) refers to defsig_general.o(.text) for __default_signal_display
    defsig_pvfn_inner.o(.text) refers to defsig_general.o(.text) for __default_signal_display
    defsig_cppl_inner.o(.text) refers to defsig_general.o(.text) for __default_signal_display
    defsig_segv_inner.o(.text) refers to defsig_general.o(.text) for __default_signal_display
    defsig_other.o(.text) refers to defsig_general.o(.text) for __default_signal_display


==============================================================================

Removing Unused input sections from the image.

    Removing main.o(.text), (0 bytes).
    Removing main.o(.ARM.exidx.text.Init_Sensors), (8 bytes).
    Removing main.o(.ARM.exidx.text.USART2_Init), (8 bytes).
    Removing main.o(.ARM.exidx.text.Get_APB1_FREQ), (8 bytes).
    Removing main.o(.ARM.exidx.text.USART2_Send), (8 bytes).
    Removing main.o(.ARM.exidx.text.USART2_Print), (8 bytes).
    Removing main.o(.ARM.exidx.text.USART2_PrintFloat), (8 bytes).
    Removing main.o(.ARM.exidx.text.USART2_PrintUInt), (8 bytes).
    Removing main.o(.ARM.exidx.text.main), (8 bytes).
    Removing main.o(.ARM.exidx.text.SysTick_Config), (8 bytes).
    Removing main.o(.ARM.exidx.text.LED_Init), (8 bytes).
    Removing main.o(.ARM.exidx.text.I2C1_Init_LM75B), (8 bytes).
    Removing main.o(.ARM.exidx.text.LM75B_OS_Init), (8 bytes).
    Removing main.o(.ARM.exidx.text.LM75B_ConfigOS), (8 bytes).
    Removing main.o(.ARM.exidx.text.LM75B_OS_IsActive), (8 bytes).
    Removing main.o(.ARM.exidx.text.LM75B_ReadTemperature), (8 bytes).
    Removing main.o(.ARM.exidx.text.LED_Blink), (8 bytes).
    Removing main.o(.ARM.exidx.text.LED_Off), (8 bytes).
    Removing main.o(.ARM.exidx.text.__NVIC_SetPriority), (8 bytes).
    Removing main.o(.ARM.exidx.text.I2C1_WriteData), (8 bytes).
    Removing main.o(.ARM.exidx.text.I2C_WaitSet), (8 bytes).
    Removing main.o(.ARM.exidx.text.I2C1_StopAndClearErrors), (8 bytes).
    Removing main.o(.ARM.exidx.text.I2C1_ReadData), (8 bytes).
    Removing main.o(.ARM.exidx.text.I2C1_SelectRegisterForRead), (8 bytes).
    Removing main.o(.ARM.exidx.text.LED_On), (8 bytes).
    Removing main.o(.ARM.use_no_argv), (4 bytes).
    Removing ds18b20.o(.text), (0 bytes).
    Removing ds18b20.o(.ARM.exidx.text.SysTick_Handler), (8 bytes).
    Removing ds18b20.o(.ARM.exidx.text.DelayMicro), (8 bytes).
    Removing ds18b20.o(.ARM.exidx.text.ds18b20_PortInit), (8 bytes).
    Removing ds18b20.o(.ARM.exidx.text.ds18b20_Reset), (8 bytes).
    Removing ds18b20.o(.ARM.exidx.text.ds18b20_ReadBit), (8 bytes).
    Removing ds18b20.o(.ARM.exidx.text.ds18b20_ReadByte), (8 bytes).
    Removing ds18b20.o(.ARM.exidx.text.ds18b20_WriteBit), (8 bytes).
    Removing ds18b20.o(.ARM.exidx.text.ds18b20_WriteByte), (8 bytes).
    Removing ds18b20.o(.ARM.exidx.text.ds18b20_MatchRom), (8 bytes).
    Removing ds18b20.o(.ARM.exidx.text.ds18b20_Init), (8 bytes).
    Removing ds18b20.o(.ARM.exidx.text.ds18b20_ConvertTemp), (8 bytes).
    Removing ds18b20.o(.ARM.exidx.text.ds18b20_ReadStratchpad), (8 bytes).
    Removing ds18b20.o(.text.ds18b20_ReadROM), (64 bytes).
    Removing ds18b20.o(.ARM.exidx.text.ds18b20_ReadROM), (8 bytes).
    Removing ds18b20.o(.ARM.exidx.text.Compute_CRC8), (8 bytes).
    Removing ds18b20.o(.ARM.exidx.text.Search_ROM), (8 bytes).
    Removing ds18b20.o(.bss.onewire_enum_fork_bit), (1 bytes).
    Removing system_stm32f10x.o(.text), (0 bytes).
    Removing system_stm32f10x.o(.ARM.exidx.text.SystemInit), (8 bytes).
    Removing system_stm32f10x.o(.ARM.exidx.text.SetSysClock), (8 bytes).
    Removing system_stm32f10x.o(.text.SystemCoreClockUpdate), (290 bytes).
    Removing system_stm32f10x.o(.ARM.exidx.text.SystemCoreClockUpdate), (8 bytes).
    Removing system_stm32f10x.o(.ARM.exidx.text.SetSysClockTo72), (8 bytes).
    Removing system_stm32f10x.o(.rodata.AHBPrescTable), (16 bytes).

51 unused section(s) (total 719 bytes) removed from the image.

==============================================================================

Image Symbol Table

    Local Symbols

    Symbol Name                              Value     Ov Type        Size  Object(Section)

    ../clib/angel/boardlib.s                 0x00000000   Number         0  boardinit1.o ABSOLUTE
    ../clib/angel/boardlib.s                 0x00000000   Number         0  boardinit2.o ABSOLUTE
    ../clib/angel/boardlib.s                 0x00000000   Number         0  boardinit3.o ABSOLUTE
    ../clib/angel/boardlib.s                 0x00000000   Number         0  boardshut.o ABSOLUTE
    ../clib/angel/handlers.s                 0x00000000   Number         0  __scatter_copy.o ABSOLUTE
    ../clib/angel/handlers.s                 0x00000000   Number         0  __scatter_zi.o ABSOLUTE
    ../clib/angel/kernel.s                   0x00000000   Number         0  __rtentry.o ABSOLUTE
    ../clib/angel/kernel.s                   0x00000000   Number         0  __rtentry2.o ABSOLUTE
    ../clib/angel/kernel.s                   0x00000000   Number         0  __rtentry4.o ABSOLUTE
    ../clib/angel/kernel.s                   0x00000000   Number         0  rtexit.o ABSOLUTE
    ../clib/angel/kernel.s                   0x00000000   Number         0  rtexit2.o ABSOLUTE
    ../clib/angel/rt.s                       0x00000000   Number         0  rt_raise.o ABSOLUTE
    ../clib/angel/scatter.s                  0x00000000   Number         0  __scatter.o ABSOLUTE
    ../clib/angel/startup.s                  0x00000000   Number         0  __main.o ABSOLUTE
    ../clib/angel/sys.s                      0x00000000   Number         0  sys_stackheap_outer.o ABSOLUTE
    ../clib/angel/sys.s                      0x00000000   Number         0  libspace.o ABSOLUTE
    ../clib/angel/sys.s                      0x00000000   Number         0  use_no_semi.o ABSOLUTE
    ../clib/angel/sys.s                      0x00000000   Number         0  indicate_semi.o ABSOLUTE
    ../clib/angel/sysapp.c                   0x00000000   Number         0  sys_exit.o ABSOLUTE
    ../clib/angel/sysapp.c                   0x00000000   Number         0  sys_exit_hlt.o ABSOLUTE
    ../clib/angel/sysapp.c                   0x00000000   Number         0  sys_command.o ABSOLUTE
    ../clib/angel/sysapp.c                   0x00000000   Number         0  sys_command_hlt.o ABSOLUTE
    ../clib/angel/sysapp.c                   0x00000000   Number         0  sys_wrch.o ABSOLUTE
    ../clib/angel/sysapp.c                   0x00000000   Number         0  sys_wrch_hlt.o ABSOLUTE
    ../clib/armsys.c                         0x00000000   Number         0  argv_veneer.o ABSOLUTE
    ../clib/armsys.c                         0x00000000   Number         0  argv_veneer.o ABSOLUTE
    ../clib/armsys.c                         0x00000000   Number         0  _get_argv_nomalloc.o ABSOLUTE
    ../clib/armsys.c                         0x00000000   Number         0  no_argv.o ABSOLUTE
    ../clib/heapalloc.c                      0x00000000   Number         0  hrguard.o ABSOLUTE
    ../clib/heapaux.c                        0x00000000   Number         0  heapauxi.o ABSOLUTE
    ../clib/libinit.s                        0x00000000   Number         0  libinit.o ABSOLUTE
    ../clib/libinit.s                        0x00000000   Number         0  libinit2.o ABSOLUTE
    ../clib/libinit.s                        0x00000000   Number         0  libshutdown.o ABSOLUTE
    ../clib/libinit.s                        0x00000000   Number         0  libshutdown2.o ABSOLUTE
    ../clib/signal.c                         0x00000000   Number         0  defsig_rtmem_outer.o ABSOLUTE
    ../clib/signal.c                         0x00000000   Number         0  defsig_rtmem_formal.o ABSOLUTE
    ../clib/signal.c                         0x00000000   Number         0  defsig_exit.o ABSOLUTE
    ../clib/signal.c                         0x00000000   Number         0  defsig_rtmem_inner.o ABSOLUTE
    ../clib/signal.c                         0x00000000   Number         0  __raise.o ABSOLUTE
    ../clib/signal.c                         0x00000000   Number         0  defsig_general.o ABSOLUTE
    ../clib/signal.c                         0x00000000   Number         0  defsig_abrt_inner.o ABSOLUTE
    ../clib/signal.c                         0x00000000   Number         0  defsig_fpe_inner.o ABSOLUTE
    ../clib/signal.c                         0x00000000   Number         0  defsig_rtred_inner.o ABSOLUTE
    ../clib/signal.c                         0x00000000   Number         0  defsig_stak_inner.o ABSOLUTE
    ../clib/signal.c                         0x00000000   Number         0  defsig_pvfn_inner.o ABSOLUTE
    ../clib/signal.c                         0x00000000   Number         0  defsig_cppl_inner.o ABSOLUTE
    ../clib/signal.c                         0x00000000   Number         0  defsig_segv_inner.o ABSOLUTE
    ../clib/signal.c                         0x00000000   Number         0  defsig_other.o ABSOLUTE
    ../clib/signal.s                         0x00000000   Number         0  defsig.o ABSOLUTE
    ../clib/stdlib.c                         0x00000000   Number         0  exit.o ABSOLUTE
    ../fplib/faddsub.s                       0x00000000   Number         0  faddsub_clz.o ABSOLUTE
    ../fplib/fcmp.s                          0x00000000   Number         0  fcmp.o ABSOLUTE
    ../fplib/fcmpi.s                         0x00000000   Number         0  fcmpi.o ABSOLUTE
    ../fplib/fdiv.s                          0x00000000   Number         0  fdiv.o ABSOLUTE
    ../fplib/feqf.s                          0x00000000   Number         0  feqf.o ABSOLUTE
    ../fplib/ffix.s                          0x00000000   Number         0  ffix.o ABSOLUTE
    ../fplib/fflt.s                          0x00000000   Number         0  fflt_clz.o ABSOLUTE
    ../fplib/fgeqf.s                         0x00000000   Number         0  fgeqf.o ABSOLUTE
    ../fplib/fleqf.s                         0x00000000   Number         0  fleqf.o ABSOLUTE
    ../fplib/fmul.s                          0x00000000   Number         0  fmul.o ABSOLUTE
    ../fplib/fnaninf.s                       0x00000000   Number         0  fnaninf.o ABSOLUTE
    ../fplib/fpinit.s                        0x00000000   Number         0  fpinit.o ABSOLUTE
    ../fplib/fpinit_empty.s                  0x00000000   Number         0  fpinit_empty.o ABSOLUTE
    ../fplib/fretinf.s                       0x00000000   Number         0  fretinf.o ABSOLUTE
    ../fplib/usenofp.s                       0x00000000   Number         0  usenofp.o ABSOLUTE
    RTE/Device/STM32F103RB/startup_stm32f10x_md.s 0x00000000   Number         0  startup_stm32f10x_md.o ABSOLUTE
    dc.s                                     0x00000000   Number         0  dc.o ABSOLUTE
    ds18b20.c                                0x00000000   Number         0  ds18b20.o ABSOLUTE
    main.c                                   0x00000000   Number         0  main.o ABSOLUTE
    system_stm32f10x.c                       0x00000000   Number         0  system_stm32f10x.o ABSOLUTE
    RESET                                    0x08000000   Section      236  startup_stm32f10x_md.o(RESET)
    !!!main                                  0x080000ec   Section        8  __main.o(!!!main)
    !!!scatter                               0x080000f4   Section       52  __scatter.o(!!!scatter)
    !!handler_copy                           0x08000128   Section       26  __scatter_copy.o(!!handler_copy)
    !!handler_zi                             0x08000144   Section       28  __scatter_zi.o(!!handler_zi)
    .ARM.Collect$$libinit$$00000000          0x08000160   Section        2  libinit.o(.ARM.Collect$$libinit$$00000000)
    .ARM.Collect$$libinit$$00000002          0x08000162   Section        0  libinit2.o(.ARM.Collect$$libinit$$00000002)
    .ARM.Collect$$libinit$$00000004          0x08000162   Section        0  libinit2.o(.ARM.Collect$$libinit$$00000004)
    .ARM.Collect$$libinit$$00000006          0x08000162   Section        0  libinit2.o(.ARM.Collect$$libinit$$00000006)
    .ARM.Collect$$libinit$$0000000C          0x08000162   Section        0  libinit2.o(.ARM.Collect$$libinit$$0000000C)
    .ARM.Collect$$libinit$$0000000E          0x08000162   Section        0  libinit2.o(.ARM.Collect$$libinit$$0000000E)
    .ARM.Collect$$libinit$$00000010          0x08000162   Section        0  libinit2.o(.ARM.Collect$$libinit$$00000010)
    .ARM.Collect$$libinit$$00000013          0x08000162   Section        0  libinit2.o(.ARM.Collect$$libinit$$00000013)
    .ARM.Collect$$libinit$$00000015          0x08000162   Section        0  libinit2.o(.ARM.Collect$$libinit$$00000015)
    .ARM.Collect$$libinit$$00000017          0x08000162   Section        0  libinit2.o(.ARM.Collect$$libinit$$00000017)
    .ARM.Collect$$libinit$$00000019          0x08000162   Section        0  libinit2.o(.ARM.Collect$$libinit$$00000019)
    .ARM.Collect$$libinit$$0000001B          0x08000162   Section        0  libinit2.o(.ARM.Collect$$libinit$$0000001B)
    .ARM.Collect$$libinit$$0000001D          0x08000162   Section        0  libinit2.o(.ARM.Collect$$libinit$$0000001D)
    .ARM.Collect$$libinit$$0000001F          0x08000162   Section        0  libinit2.o(.ARM.Collect$$libinit$$0000001F)
    .ARM.Collect$$libinit$$00000021          0x08000162   Section        0  libinit2.o(.ARM.Collect$$libinit$$00000021)
    .ARM.Collect$$libinit$$00000023          0x08000162   Section        0  libinit2.o(.ARM.Collect$$libinit$$00000023)
    .ARM.Collect$$libinit$$00000025          0x08000162   Section        0  libinit2.o(.ARM.Collect$$libinit$$00000025)
    .ARM.Collect$$libinit$$00000027          0x08000162   Section        0  libinit2.o(.ARM.Collect$$libinit$$00000027)
    .ARM.Collect$$libinit$$0000002E          0x08000162   Section        0  libinit2.o(.ARM.Collect$$libinit$$0000002E)
    .ARM.Collect$$libinit$$00000030          0x08000162   Section        0  libinit2.o(.ARM.Collect$$libinit$$00000030)
    .ARM.Collect$$libinit$$00000032          0x08000162   Section        0  libinit2.o(.ARM.Collect$$libinit$$00000032)
    .ARM.Collect$$libinit$$00000034          0x08000162   Section        0  libinit2.o(.ARM.Collect$$libinit$$00000034)
    .ARM.Collect$$libinit$$00000035          0x08000162   Section        2  libinit2.o(.ARM.Collect$$libinit$$00000035)
    .ARM.Collect$$libshutdown$$00000000      0x08000164   Section        2  libshutdown.o(.ARM.Collect$$libshutdown$$00000000)
    .ARM.Collect$$libshutdown$$00000002      0x08000166   Section        0  libshutdown2.o(.ARM.Collect$$libshutdown$$00000002)
    .ARM.Collect$$libshutdown$$00000004      0x08000166   Section        0  libshutdown2.o(.ARM.Collect$$libshutdown$$00000004)
    .ARM.Collect$$libshutdown$$00000007      0x08000166   Section        0  libshutdown2.o(.ARM.Collect$$libshutdown$$00000007)
    .ARM.Collect$$libshutdown$$0000000A      0x08000166   Section        0  libshutdown2.o(.ARM.Collect$$libshutdown$$0000000A)
    .ARM.Collect$$libshutdown$$0000000C      0x08000166   Section        0  libshutdown2.o(.ARM.Collect$$libshutdown$$0000000C)
    .ARM.Collect$$libshutdown$$0000000F      0x08000166   Section        0  libshutdown2.o(.ARM.Collect$$libshutdown$$0000000F)
    .ARM.Collect$$libshutdown$$00000010      0x08000166   Section        2  libshutdown2.o(.ARM.Collect$$libshutdown$$00000010)
    .ARM.Collect$$rtentry$$00000000          0x08000168   Section        0  __rtentry.o(.ARM.Collect$$rtentry$$00000000)
    .ARM.Collect$$rtentry$$00000002          0x08000168   Section        0  __rtentry2.o(.ARM.Collect$$rtentry$$00000002)
    .ARM.Collect$$rtentry$$00000004          0x08000168   Section        6  __rtentry4.o(.ARM.Collect$$rtentry$$00000004)
    .ARM.Collect$$rtentry$$00000009          0x0800016e   Section        0  __rtentry2.o(.ARM.Collect$$rtentry$$00000009)
    .ARM.Collect$$rtentry$$0000000A          0x0800016e   Section        4  __rtentry2.o(.ARM.Collect$$rtentry$$0000000A)
    .ARM.Collect$$rtentry$$0000000C          0x08000172   Section        0  __rtentry2.o(.ARM.Collect$$rtentry$$0000000C)
    .ARM.Collect$$rtentry$$0000000D          0x08000172   Section        8  __rtentry2.o(.ARM.Collect$$rtentry$$0000000D)
    .ARM.Collect$$rtexit$$00000000           0x0800017a   Section        2  rtexit.o(.ARM.Collect$$rtexit$$00000000)
    .ARM.Collect$$rtexit$$00000002           0x0800017c   Section        0  rtexit2.o(.ARM.Collect$$rtexit$$00000002)
    .ARM.Collect$$rtexit$$00000003           0x0800017c   Section        4  rtexit2.o(.ARM.Collect$$rtexit$$00000003)
    .ARM.Collect$$rtexit$$00000004           0x08000180   Section        6  rtexit2.o(.ARM.Collect$$rtexit$$00000004)
    .text                                    0x08000188   Section       64  startup_stm32f10x_md.o(.text)
    .text                                    0x080001c8   Section        0  heapauxi.o(.text)
    .text                                    0x080001ce   Section       74  sys_stackheap_outer.o(.text)
    .text                                    0x08000218   Section        0  exit.o(.text)
    .text                                    0x0800022c   Section        8  libspace.o(.text)
    .text                                    0x08000234   Section        0  sys_exit.o(.text)
    .text                                    0x08000240   Section        2  use_no_semi.o(.text)
    .text                                    0x08000242   Section        0  indicate_semi.o(.text)
    [Anonymous Symbol]                       0x08000244   Section        0  ds18b20.o(.text.Compute_CRC8)
    [Anonymous Symbol]                       0x080002f8   Section        0  ds18b20.o(.text.DelayMicro)
    Get_APB1_FREQ                            0x08000329   Thumb Code   124  main.o(.text.Get_APB1_FREQ)
    [Anonymous Symbol]                       0x08000328   Section        0  main.o(.text.Get_APB1_FREQ)
    I2C1_Init_LM75B                          0x080003a5   Thumb Code   270  main.o(.text.I2C1_Init_LM75B)
    [Anonymous Symbol]                       0x080003a4   Section        0  main.o(.text.I2C1_Init_LM75B)
    I2C1_ReadData                            0x080004b5   Thumb Code   424  main.o(.text.I2C1_ReadData)
    [Anonymous Symbol]                       0x080004b4   Section        0  main.o(.text.I2C1_ReadData)
    I2C1_SelectRegisterForRead               0x0800065d   Thumb Code   286  main.o(.text.I2C1_SelectRegisterForRead)
    [Anonymous Symbol]                       0x0800065c   Section        0  main.o(.text.I2C1_SelectRegisterForRead)
    I2C1_StopAndClearErrors                  0x0800077d   Thumb Code    50  main.o(.text.I2C1_StopAndClearErrors)
    [Anonymous Symbol]                       0x0800077c   Section        0  main.o(.text.I2C1_StopAndClearErrors)
    I2C1_WriteData                           0x080007b1   Thumb Code   362  main.o(.text.I2C1_WriteData)
    [Anonymous Symbol]                       0x080007b0   Section        0  main.o(.text.I2C1_WriteData)
    I2C_WaitSet                              0x0800091d   Thumb Code    58  main.o(.text.I2C_WaitSet)
    [Anonymous Symbol]                       0x0800091c   Section        0  main.o(.text.I2C_WaitSet)
    [Anonymous Symbol]                       0x08000958   Section        0  main.o(.text.Init_Sensors)
    LED_Blink                                0x08000a41   Thumb Code    30  main.o(.text.LED_Blink)
    [Anonymous Symbol]                       0x08000a40   Section        0  main.o(.text.LED_Blink)
    LED_Init                                 0x08000a61   Thumb Code    42  main.o(.text.LED_Init)
    [Anonymous Symbol]                       0x08000a60   Section        0  main.o(.text.LED_Init)
    LED_Off                                  0x08000a8d   Thumb Code    16  main.o(.text.LED_Off)
    [Anonymous Symbol]                       0x08000a8c   Section        0  main.o(.text.LED_Off)
    LED_On                                   0x08000a9d   Thumb Code    14  main.o(.text.LED_On)
    [Anonymous Symbol]                       0x08000a9c   Section        0  main.o(.text.LED_On)
    LM75B_ConfigOS                           0x08000aad   Thumb Code   108  main.o(.text.LM75B_ConfigOS)
    [Anonymous Symbol]                       0x08000aac   Section        0  main.o(.text.LM75B_ConfigOS)
    LM75B_OS_Init                            0x08000b19   Thumb Code    58  main.o(.text.LM75B_OS_Init)
    [Anonymous Symbol]                       0x08000b18   Section        0  main.o(.text.LM75B_OS_Init)
    LM75B_OS_IsActive                        0x08000b55   Thumb Code    22  main.o(.text.LM75B_OS_IsActive)
    [Anonymous Symbol]                       0x08000b54   Section        0  main.o(.text.LM75B_OS_IsActive)
    LM75B_ReadTemperature                    0x08000b6d   Thumb Code    86  main.o(.text.LM75B_ReadTemperature)
    [Anonymous Symbol]                       0x08000b6c   Section        0  main.o(.text.LM75B_ReadTemperature)
    [Anonymous Symbol]                       0x08000bc4   Section        0  ds18b20.o(.text.Search_ROM)
    SetSysClock                              0x08000dc5   Thumb Code     8  system_stm32f10x.o(.text.SetSysClock)
    [Anonymous Symbol]                       0x08000dc4   Section        0  system_stm32f10x.o(.text.SetSysClock)
    SetSysClockTo72                          0x08000dcd   Thumb Code   290  system_stm32f10x.o(.text.SetSysClockTo72)
    [Anonymous Symbol]                       0x08000dcc   Section        0  system_stm32f10x.o(.text.SetSysClockTo72)
    SysTick_Config                           0x08000ef1   Thumb Code    82  main.o(.text.SysTick_Config)
    [Anonymous Symbol]                       0x08000ef0   Section        0  main.o(.text.SysTick_Config)
    [Anonymous Symbol]                       0x08000f44   Section        0  ds18b20.o(.text.SysTick_Handler)
    [Anonymous Symbol]                       0x08000f54   Section        0  system_stm32f10x.o(.text.SystemInit)
    [Anonymous Symbol]                       0x08000fbc   Section        0  main.o(.text.USART2_Init)
    [Anonymous Symbol]                       0x08001034   Section        0  main.o(.text.USART2_Print)
    [Anonymous Symbol]                       0x08001058   Section        0  main.o(.text.USART2_PrintFloat)
    USART2_PrintUInt                         0x08001119   Thumb Code   116  main.o(.text.USART2_PrintUInt)
    [Anonymous Symbol]                       0x08001118   Section        0  main.o(.text.USART2_PrintUInt)
    [Anonymous Symbol]                       0x0800118c   Section        0  main.o(.text.USART2_Send)
    __NVIC_SetPriority                       0x080011bd   Thumb Code    66  main.o(.text.__NVIC_SetPriority)
    [Anonymous Symbol]                       0x080011bc   Section        0  main.o(.text.__NVIC_SetPriority)
    [Anonymous Symbol]                       0x08001200   Section        0  ds18b20.o(.text.ds18b20_ConvertTemp)
    [Anonymous Symbol]                       0x08001230   Section        0  ds18b20.o(.text.ds18b20_Init)
    [Anonymous Symbol]                       0x080012f4   Section        0  ds18b20.o(.text.ds18b20_MatchRom)
    [Anonymous Symbol]                       0x08001334   Section        0  ds18b20.o(.text.ds18b20_PortInit)
    [Anonymous Symbol]                       0x08001368   Section        0  ds18b20.o(.text.ds18b20_ReadBit)
    [Anonymous Symbol]                       0x080013b8   Section        0  ds18b20.o(.text.ds18b20_ReadByte)
    [Anonymous Symbol]                       0x08001400   Section        0  ds18b20.o(.text.ds18b20_ReadStratchpad)
    [Anonymous Symbol]                       0x08001460   Section        0  ds18b20.o(.text.ds18b20_Reset)
    [Anonymous Symbol]                       0x080014b4   Section        0  ds18b20.o(.text.ds18b20_WriteBit)
    [Anonymous Symbol]                       0x080014f8   Section        0  ds18b20.o(.text.ds18b20_WriteByte)
    [Anonymous Symbol]                       0x0800153c   Section        0  main.o(.text.main)
    x$fpl$fadd                               0x08001920   Section      196  faddsub_clz.o(x$fpl$fadd)
    _fadd1                                   0x0800192f   Thumb Code     0  faddsub_clz.o(x$fpl$fadd)
    x$fpl$fcmp                               0x080019e4   Section       84  fcmp.o(x$fpl$fcmp)
    x$fpl$fcmpinf                            0x08001a38   Section       24  fcmpi.o(x$fpl$fcmpinf)
    _fdiv1                                   0x08001a51   Thumb Code     0  fdiv.o(x$fpl$fdiv)
    x$fpl$fdiv                               0x08001a50   Section      388  fdiv.o(x$fpl$fdiv)
    x$fpl$feqf                               0x08001bd4   Section      104  feqf.o(x$fpl$feqf)
    x$fpl$ffix                               0x08001c3c   Section       54  ffix.o(x$fpl$ffix)
    x$fpl$fflt                               0x08001c74   Section       48  fflt_clz.o(x$fpl$fflt)
    x$fpl$fgeqf                              0x08001ca4   Section      104  fgeqf.o(x$fpl$fgeqf)
    x$fpl$fleqf                              0x08001d0c   Section      104  fleqf.o(x$fpl$fleqf)
    x$fpl$fmul                               0x08001d74   Section      258  fmul.o(x$fpl$fmul)
    x$fpl$fnaninf                            0x08001e76   Section      140  fnaninf.o(x$fpl$fnaninf)
    x$fpl$fretinf                            0x08001f02   Section       10  fretinf.o(x$fpl$fretinf)
    x$fpl$fsub                               0x08001f0c   Section      234  faddsub_clz.o(x$fpl$fsub)
    _fsub1                                   0x08001f1b   Thumb Code     0  faddsub_clz.o(x$fpl$fsub)
    .L.str.1                                 0x08001ff6   Data          57  main.o(.rodata.str1.1)
    [Anonymous Symbol]                       0x08001ff6   Section        0  main.o(.rodata.str1.1)
    x$fpl$usenofp                            0x08001ff6   Section        0  usenofp.o(x$fpl$usenofp)
    .L.str.3                                 0x0800202f   Data          27  main.o(.rodata.str1.1)
    .L.str.11                                0x0800204a   Data           5  main.o(.rodata.str1.1)
    .L.str                                   0x0800204f   Data          56  main.o(.rodata.str1.1)
    .L.str.2                                 0x08002087   Data          68  main.o(.rodata.str1.1)
    .L.str.9                                 0x080020cb   Data          21  main.o(.rodata.str1.1)
    .L.str.8                                 0x080020e0   Data          12  main.o(.rodata.str1.1)
    .L.str.12                                0x080020ec   Data          24  main.o(.rodata.str1.1)
    .L.str.13                                0x08002104   Data          24  main.o(.rodata.str1.1)
    .L.str.7                                 0x0800211c   Data           7  main.o(.rodata.str1.1)
    .L.str.14                                0x08002120   Data           3  main.o(.rodata.str1.1)
    .L.str.4                                 0x08002123   Data           9  main.o(.rodata.str1.1)
    .L.str.5                                 0x0800212c   Data           3  main.o(.rodata.str1.1)
    .L.str.6                                 0x0800212f   Data          16  main.o(.rodata.str1.1)
    .L.str.10                                0x0800213f   Data          17  main.o(.rodata.str1.1)
    .bss                                     0x20000008   Section       96  libspace.o(.bss)
    lm75b_ok                                 0x20000068   Data           1  main.o(.bss.lm75b_ok)
    [Anonymous Symbol]                       0x20000068   Section        0  main.o(.bss.lm75b_ok)
    lm75b_os_config_ok                       0x20000069   Data           1  main.o(.bss.lm75b_os_config_ok)
    [Anonymous Symbol]                       0x20000069   Section        0  main.o(.bss.lm75b_os_config_ok)
    Heap_Mem                                 0x200000b0   Data         512  startup_stm32f10x_md.o(HEAP)
    HEAP                                     0x200000b0   Section      512  startup_stm32f10x_md.o(HEAP)
    Stack_Mem                                0x200002b0   Data        1024  startup_stm32f10x_md.o(STACK)
    STACK                                    0x200002b0   Section     1024  startup_stm32f10x_md.o(STACK)
    __initial_sp                             0x200006b0   Data           0  startup_stm32f10x_md.o(STACK)

    Global Symbols

    Symbol Name                              Value     Ov Type        Size  Object(Section)

    BuildAttributes$$THM_ISAv4$P$D$K$B$S$PE$A:L22UL41UL21$X:L11$S22US41US21$IEEE1$IW$~IW$USESV6$~STKCKD$USESV7$~SHL$OSPACE$ROPI$EBA8$UX$STANDARDLIB$REQ8$PRES8$EABIv2 0x00000000   Number         0  anon$$obj.o ABSOLUTE
    __fp_init_empty                          0x00000000   Number         0  fpinit_empty.o ABSOLUTE
    __ARM_exceptions_init                     - Undefined Weak Reference
    __alloca_initialize                       - Undefined Weak Reference
    __arm_preinit_                            - Undefined Weak Reference
    __arm_relocate_pie_                       - Undefined Weak Reference
    __cpp_initialize__aeabi_                  - Undefined Weak Reference
    __cxa_finalize                            - Undefined Weak Reference
    __rt_locale                               - Undefined Weak Reference
    __sigvec_lookup                           - Undefined Weak Reference
    _atexit_init                              - Undefined Weak Reference
    _call_atexit_fns                          - Undefined Weak Reference
    _clock_init                               - Undefined Weak Reference
    _fp_trap_init                             - Undefined Weak Reference
    _fp_trap_shutdown                         - Undefined Weak Reference
    _get_lc_collate                           - Undefined Weak Reference
    _get_lc_ctype                             - Undefined Weak Reference
    _get_lc_monetary                          - Undefined Weak Reference
    _get_lc_numeric                           - Undefined Weak Reference
    _get_lc_time                              - Undefined Weak Reference
    _getenv_init                              - Undefined Weak Reference
    _handle_redirection                       - Undefined Weak Reference
    _init_alloc                               - Undefined Weak Reference
    _init_user_alloc                          - Undefined Weak Reference
    _initio                                   - Undefined Weak Reference
    _rand_init                                - Undefined Weak Reference
    _signal_finish                            - Undefined Weak Reference
    _signal_init                              - Undefined Weak Reference
    _terminate_alloc                          - Undefined Weak Reference
    _terminate_user_alloc                     - Undefined Weak Reference
    _terminateio                              - Undefined Weak Reference
    __Vectors_Size                           0x000000ec   Number         0  startup_stm32f10x_md.o ABSOLUTE
    __Vectors                                0x08000000   Data           4  startup_stm32f10x_md.o(RESET)
    __Vectors_End                            0x080000ec   Data           0  startup_stm32f10x_md.o(RESET)
    __main                                   0x080000ed   Thumb Code     8  __main.o(!!!main)
    __scatterload                            0x080000f5   Thumb Code     0  __scatter.o(!!!scatter)
    __scatterload_rt2                        0x080000f5   Thumb Code    44  __scatter.o(!!!scatter)
    __scatterload_rt2_thumb_only             0x080000f5   Thumb Code     0  __scatter.o(!!!scatter)
    __scatterload_null                       0x08000103   Thumb Code     0  __scatter.o(!!!scatter)
    __scatterload_copy                       0x08000129   Thumb Code    26  __scatter_copy.o(!!handler_copy)
    __scatterload_zeroinit                   0x08000145   Thumb Code    28  __scatter_zi.o(!!handler_zi)
    __rt_lib_init                            0x08000161   Thumb Code     0  libinit.o(.ARM.Collect$$libinit$$00000000)
    __rt_lib_init_alloca_1                   0x08000163   Thumb Code     0  libinit2.o(.ARM.Collect$$libinit$$00000030)
    __rt_lib_init_argv_1                     0x08000163   Thumb Code     0  libinit2.o(.ARM.Collect$$libinit$$0000002E)
    __rt_lib_init_atexit_1                   0x08000163   Thumb Code     0  libinit2.o(.ARM.Collect$$libinit$$0000001D)
    __rt_lib_init_clock_1                    0x08000163   Thumb Code     0  libinit2.o(.ARM.Collect$$libinit$$00000023)
    __rt_lib_init_cpp_1                      0x08000163   Thumb Code     0  libinit2.o(.ARM.Collect$$libinit$$00000034)
    __rt_lib_init_exceptions_1               0x08000163   Thumb Code     0  libinit2.o(.ARM.Collect$$libinit$$00000032)
    __rt_lib_init_fp_1                       0x08000163   Thumb Code     0  libinit2.o(.ARM.Collect$$libinit$$00000002)
    __rt_lib_init_fp_trap_1                  0x08000163   Thumb Code     0  libinit2.o(.ARM.Collect$$libinit$$00000021)
    __rt_lib_init_getenv_1                   0x08000163   Thumb Code     0  libinit2.o(.ARM.Collect$$libinit$$00000025)
    __rt_lib_init_heap_1                     0x08000163   Thumb Code     0  libinit2.o(.ARM.Collect$$libinit$$0000000C)
    __rt_lib_init_lc_collate_1               0x08000163   Thumb Code     0  libinit2.o(.ARM.Collect$$libinit$$00000013)
    __rt_lib_init_lc_ctype_1                 0x08000163   Thumb Code     0  libinit2.o(.ARM.Collect$$libinit$$00000015)
    __rt_lib_init_lc_monetary_1              0x08000163   Thumb Code     0  libinit2.o(.ARM.Collect$$libinit$$00000017)
    __rt_lib_init_lc_numeric_1               0x08000163   Thumb Code     0  libinit2.o(.ARM.Collect$$libinit$$00000019)
    __rt_lib_init_lc_time_1                  0x08000163   Thumb Code     0  libinit2.o(.ARM.Collect$$libinit$$0000001B)
    __rt_lib_init_preinit_1                  0x08000163   Thumb Code     0  libinit2.o(.ARM.Collect$$libinit$$00000006)
    __rt_lib_init_rand_1                     0x08000163   Thumb Code     0  libinit2.o(.ARM.Collect$$libinit$$00000010)
    __rt_lib_init_relocate_pie_1             0x08000163   Thumb Code     0  libinit2.o(.ARM.Collect$$libinit$$00000004)
    __rt_lib_init_return                     0x08000163   Thumb Code     0  libinit2.o(.ARM.Collect$$libinit$$00000035)
    __rt_lib_init_signal_1                   0x08000163   Thumb Code     0  libinit2.o(.ARM.Collect$$libinit$$0000001F)
    __rt_lib_init_stdio_1                    0x08000163   Thumb Code     0  libinit2.o(.ARM.Collect$$libinit$$00000027)
    __rt_lib_init_user_alloc_1               0x08000163   Thumb Code     0  libinit2.o(.ARM.Collect$$libinit$$0000000E)
    __rt_lib_shutdown                        0x08000165   Thumb Code     0  libshutdown.o(.ARM.Collect$$libshutdown$$00000000)
    __rt_lib_shutdown_cpp_1                  0x08000167   Thumb Code     0  libshutdown2.o(.ARM.Collect$$libshutdown$$00000002)
    __rt_lib_shutdown_fp_trap_1              0x08000167   Thumb Code     0  libshutdown2.o(.ARM.Collect$$libshutdown$$00000007)
    __rt_lib_shutdown_heap_1                 0x08000167   Thumb Code     0  libshutdown2.o(.ARM.Collect$$libshutdown$$0000000F)
    __rt_lib_shutdown_return                 0x08000167   Thumb Code     0  libshutdown2.o(.ARM.Collect$$libshutdown$$00000010)
    __rt_lib_shutdown_signal_1               0x08000167   Thumb Code     0  libshutdown2.o(.ARM.Collect$$libshutdown$$0000000A)
    __rt_lib_shutdown_stdio_1                0x08000167   Thumb Code     0  libshutdown2.o(.ARM.Collect$$libshutdown$$00000004)
    __rt_lib_shutdown_user_alloc_1           0x08000167   Thumb Code     0  libshutdown2.o(.ARM.Collect$$libshutdown$$0000000C)
    __rt_entry                               0x08000169   Thumb Code     0  __rtentry.o(.ARM.Collect$$rtentry$$00000000)
    __rt_entry_presh_1                       0x08000169   Thumb Code     0  __rtentry2.o(.ARM.Collect$$rtentry$$00000002)
    __rt_entry_sh                            0x08000169   Thumb Code     0  __rtentry4.o(.ARM.Collect$$rtentry$$00000004)
    __rt_entry_li                            0x0800016f   Thumb Code     0  __rtentry2.o(.ARM.Collect$$rtentry$$0000000A)
    __rt_entry_postsh_1                      0x0800016f   Thumb Code     0  __rtentry2.o(.ARM.Collect$$rtentry$$00000009)
    __rt_entry_main                          0x08000173   Thumb Code     0  __rtentry2.o(.ARM.Collect$$rtentry$$0000000D)
    __rt_entry_postli_1                      0x08000173   Thumb Code     0  __rtentry2.o(.ARM.Collect$$rtentry$$0000000C)
    __rt_exit                                0x0800017b   Thumb Code     0  rtexit.o(.ARM.Collect$$rtexit$$00000000)
    __rt_exit_ls                             0x0800017d   Thumb Code     0  rtexit2.o(.ARM.Collect$$rtexit$$00000003)
    __rt_exit_prels_1                        0x0800017d   Thumb Code     0  rtexit2.o(.ARM.Collect$$rtexit$$00000002)
    __rt_exit_exit                           0x08000181   Thumb Code     0  rtexit2.o(.ARM.Collect$$rtexit$$00000004)
    Reset_Handler                            0x08000189   Thumb Code     8  startup_stm32f10x_md.o(.text)
    NMI_Handler                              0x08000191   Thumb Code     2  startup_stm32f10x_md.o(.text)
    HardFault_Handler                        0x08000193   Thumb Code     2  startup_stm32f10x_md.o(.text)
    MemManage_Handler                        0x08000195   Thumb Code     2  startup_stm32f10x_md.o(.text)
    BusFault_Handler                         0x08000197   Thumb Code     2  startup_stm32f10x_md.o(.text)
    UsageFault_Handler                       0x08000199   Thumb Code     2  startup_stm32f10x_md.o(.text)
    SVC_Handler                              0x0800019b   Thumb Code     2  startup_stm32f10x_md.o(.text)
    DebugMon_Handler                         0x0800019d   Thumb Code     2  startup_stm32f10x_md.o(.text)
    PendSV_Handler                           0x0800019f   Thumb Code     2  startup_stm32f10x_md.o(.text)
    ADC1_2_IRQHandler                        0x080001a3   Thumb Code     0  startup_stm32f10x_md.o(.text)
    CAN1_RX1_IRQHandler                      0x080001a3   Thumb Code     0  startup_stm32f10x_md.o(.text)
    CAN1_SCE_IRQHandler                      0x080001a3   Thumb Code     0  startup_stm32f10x_md.o(.text)
    DMA1_Channel1_IRQHandler                 0x080001a3   Thumb Code     0  startup_stm32f10x_md.o(.text)
    DMA1_Channel2_IRQHandler                 0x080001a3   Thumb Code     0  startup_stm32f10x_md.o(.text)
    DMA1_Channel3_IRQHandler                 0x080001a3   Thumb Code     0  startup_stm32f10x_md.o(.text)
    DMA1_Channel4_IRQHandler                 0x080001a3   Thumb Code     0  startup_stm32f10x_md.o(.text)
    DMA1_Channel5_IRQHandler                 0x080001a3   Thumb Code     0  startup_stm32f10x_md.o(.text)
    DMA1_Channel6_IRQHandler                 0x080001a3   Thumb Code     0  startup_stm32f10x_md.o(.text)
    DMA1_Channel7_IRQHandler                 0x080001a3   Thumb Code     0  startup_stm32f10x_md.o(.text)
    EXTI0_IRQHandler                         0x080001a3   Thumb Code     0  startup_stm32f10x_md.o(.text)
    EXTI15_10_IRQHandler                     0x080001a3   Thumb Code     0  startup_stm32f10x_md.o(.text)
    EXTI1_IRQHandler                         0x080001a3   Thumb Code     0  startup_stm32f10x_md.o(.text)
    EXTI2_IRQHandler                         0x080001a3   Thumb Code     0  startup_stm32f10x_md.o(.text)
    EXTI3_IRQHandler                         0x080001a3   Thumb Code     0  startup_stm32f10x_md.o(.text)
    EXTI4_IRQHandler                         0x080001a3   Thumb Code     0  startup_stm32f10x_md.o(.text)
    EXTI9_5_IRQHandler                       0x080001a3   Thumb Code     0  startup_stm32f10x_md.o(.text)
    FLASH_IRQHandler                         0x080001a3   Thumb Code     0  startup_stm32f10x_md.o(.text)
    I2C1_ER_IRQHandler                       0x080001a3   Thumb Code     0  startup_stm32f10x_md.o(.text)
    I2C1_EV_IRQHandler                       0x080001a3   Thumb Code     0  startup_stm32f10x_md.o(.text)
    I2C2_ER_IRQHandler                       0x080001a3   Thumb Code     0  startup_stm32f10x_md.o(.text)
    I2C2_EV_IRQHandler                       0x080001a3   Thumb Code     0  startup_stm32f10x_md.o(.text)
    PVD_IRQHandler                           0x080001a3   Thumb Code     0  startup_stm32f10x_md.o(.text)
    RCC_IRQHandler                           0x080001a3   Thumb Code     0  startup_stm32f10x_md.o(.text)
    RTCAlarm_IRQHandler                      0x080001a3   Thumb Code     0  startup_stm32f10x_md.o(.text)
    RTC_IRQHandler                           0x080001a3   Thumb Code     0  startup_stm32f10x_md.o(.text)
    SPI1_IRQHandler                          0x080001a3   Thumb Code     0  startup_stm32f10x_md.o(.text)
    SPI2_IRQHandler                          0x080001a3   Thumb Code     0  startup_stm32f10x_md.o(.text)
    TAMPER_IRQHandler                        0x080001a3   Thumb Code     0  startup_stm32f10x_md.o(.text)
    TIM1_BRK_IRQHandler                      0x080001a3   Thumb Code     0  startup_stm32f10x_md.o(.text)
    TIM1_CC_IRQHandler                       0x080001a3   Thumb Code     0  startup_stm32f10x_md.o(.text)
    TIM1_TRG_COM_IRQHandler                  0x080001a3   Thumb Code     0  startup_stm32f10x_md.o(.text)
    TIM1_UP_IRQHandler                       0x080001a3   Thumb Code     0  startup_stm32f10x_md.o(.text)
    TIM2_IRQHandler                          0x080001a3   Thumb Code     0  startup_stm32f10x_md.o(.text)
    TIM3_IRQHandler                          0x080001a3   Thumb Code     0  startup_stm32f10x_md.o(.text)
    TIM4_IRQHandler                          0x080001a3   Thumb Code     0  startup_stm32f10x_md.o(.text)
    USART1_IRQHandler                        0x080001a3   Thumb Code     0  startup_stm32f10x_md.o(.text)
    USART2_IRQHandler                        0x080001a3   Thumb Code     0  startup_stm32f10x_md.o(.text)
    USART3_IRQHandler                        0x080001a3   Thumb Code     0  startup_stm32f10x_md.o(.text)
    USBWakeUp_IRQHandler                     0x080001a3   Thumb Code     0  startup_stm32f10x_md.o(.text)
    USB_HP_CAN1_TX_IRQHandler                0x080001a3   Thumb Code     0  startup_stm32f10x_md.o(.text)
    USB_LP_CAN1_RX0_IRQHandler               0x080001a3   Thumb Code     0  startup_stm32f10x_md.o(.text)
    WWDG_IRQHandler                          0x080001a3   Thumb Code     0  startup_stm32f10x_md.o(.text)
    __user_initial_stackheap                 0x080001a5   Thumb Code     0  startup_stm32f10x_md.o(.text)
    __use_two_region_memory                  0x080001c9   Thumb Code     2  heapauxi.o(.text)
    __rt_heap_escrow$2region                 0x080001cb   Thumb Code     2  heapauxi.o(.text)
    __rt_heap_expand$2region                 0x080001cd   Thumb Code     2  heapauxi.o(.text)
    __user_setup_stackheap                   0x080001cf   Thumb Code    74  sys_stackheap_outer.o(.text)
    exit                                     0x08000219   Thumb Code    18  exit.o(.text)
    __user_libspace                          0x0800022d   Thumb Code     8  libspace.o(.text)
    __user_perproc_libspace                  0x0800022d   Thumb Code     0  libspace.o(.text)
    __user_perthread_libspace                0x0800022d   Thumb Code     0  libspace.o(.text)
    _sys_exit                                0x08000235   Thumb Code     8  sys_exit.o(.text)
    __I$use$semihosting                      0x08000241   Thumb Code     0  use_no_semi.o(.text)
    __use_no_semihosting_swi                 0x08000241   Thumb Code     2  use_no_semi.o(.text)
    __semihosting_library_function           0x08000243   Thumb Code     0  indicate_semi.o(.text)
    Compute_CRC8                             0x08000245   Thumb Code   178  ds18b20.o(.text.Compute_CRC8)
    DelayMicro                               0x080002f9   Thumb Code    48  ds18b20.o(.text.DelayMicro)
    Init_Sensors                             0x08000959   Thumb Code   232  main.o(.text.Init_Sensors)
    Search_ROM                               0x08000bc5   Thumb Code   510  ds18b20.o(.text.Search_ROM)
    SysTick_Handler                          0x08000f45   Thumb Code    16  ds18b20.o(.text.SysTick_Handler)
    SystemInit                               0x08000f55   Thumb Code   102  system_stm32f10x.o(.text.SystemInit)
    USART2_Init                              0x08000fbd   Thumb Code   118  main.o(.text.USART2_Init)
    USART2_Print                             0x08001035   Thumb Code    34  main.o(.text.USART2_Print)
    USART2_PrintFloat                        0x08001059   Thumb Code   190  main.o(.text.USART2_PrintFloat)
    USART2_Send                              0x0800118d   Thumb Code    46  main.o(.text.USART2_Send)
    ds18b20_ConvertTemp                      0x08001201   Thumb Code    48  ds18b20.o(.text.ds18b20_ConvertTemp)
    ds18b20_Init                             0x08001231   Thumb Code   196  ds18b20.o(.text.ds18b20_Init)
    ds18b20_MatchRom                         0x080012f5   Thumb Code    64  ds18b20.o(.text.ds18b20_MatchRom)
    ds18b20_PortInit                         0x08001335   Thumb Code    50  ds18b20.o(.text.ds18b20_PortInit)
    ds18b20_ReadBit                          0x08001369   Thumb Code    78  ds18b20.o(.text.ds18b20_ReadBit)
    ds18b20_ReadByte                         0x080013b9   Thumb Code    70  ds18b20.o(.text.ds18b20_ReadByte)
    ds18b20_ReadStratchpad                   0x08001401   Thumb Code    94  ds18b20.o(.text.ds18b20_ReadStratchpad)
    ds18b20_Reset                            0x08001461   Thumb Code    82  ds18b20.o(.text.ds18b20_Reset)
    ds18b20_WriteBit                         0x080014b5   Thumb Code    68  ds18b20.o(.text.ds18b20_WriteBit)
    ds18b20_WriteByte                        0x080014f9   Thumb Code    68  ds18b20.o(.text.ds18b20_WriteByte)
    main                                     0x0800153d   Thumb Code   994  main.o(.text.main)
    __aeabi_fadd                             0x08001921   Thumb Code     0  faddsub_clz.o(x$fpl$fadd)
    _fadd                                    0x08001921   Thumb Code   196  faddsub_clz.o(x$fpl$fadd)
    __aeabi_fcmpeq                           0x080019e5   Thumb Code     0  fcmp.o(x$fpl$fcmp)
    _feq                                     0x080019e5   Thumb Code    14  fcmp.o(x$fpl$fcmp)
    _fneq                                    0x080019f3   Thumb Code    14  fcmp.o(x$fpl$fcmp)
    __aeabi_fcmpgt                           0x08001a01   Thumb Code     0  fcmp.o(x$fpl$fcmp)
    _fgr                                     0x08001a01   Thumb Code    14  fcmp.o(x$fpl$fcmp)
    __aeabi_fcmpge                           0x08001a0f   Thumb Code     0  fcmp.o(x$fpl$fcmp)
    _fgeq                                    0x08001a0f   Thumb Code    14  fcmp.o(x$fpl$fcmp)
    __aeabi_fcmple                           0x08001a1d   Thumb Code     0  fcmp.o(x$fpl$fcmp)
    _fleq                                    0x08001a1d   Thumb Code    14  fcmp.o(x$fpl$fcmp)
    __aeabi_fcmplt                           0x08001a2b   Thumb Code     0  fcmp.o(x$fpl$fcmp)
    _fls                                     0x08001a2b   Thumb Code    14  fcmp.o(x$fpl$fcmp)
    __fpl_fcmp_Inf                           0x08001a39   Thumb Code    24  fcmpi.o(x$fpl$fcmpinf)
    __aeabi_fdiv                             0x08001a51   Thumb Code     0  fdiv.o(x$fpl$fdiv)
    _fdiv                                    0x08001a51   Thumb Code   384  fdiv.o(x$fpl$fdiv)
    __aeabi_cfcmpeq                          0x08001bd5   Thumb Code     0  feqf.o(x$fpl$feqf)
    _fcmpeq                                  0x08001bd5   Thumb Code   104  feqf.o(x$fpl$feqf)
    __aeabi_f2iz                             0x08001c3d   Thumb Code     0  ffix.o(x$fpl$ffix)
    _ffix                                    0x08001c3d   Thumb Code    54  ffix.o(x$fpl$ffix)
    __aeabi_i2f                              0x08001c75   Thumb Code     0  fflt_clz.o(x$fpl$fflt)
    _fflt                                    0x08001c75   Thumb Code    48  fflt_clz.o(x$fpl$fflt)
    _fcmpge                                  0x08001ca5   Thumb Code   104  fgeqf.o(x$fpl$fgeqf)
    __aeabi_cfcmple                          0x08001d0d   Thumb Code     0  fleqf.o(x$fpl$fleqf)
    _fcmple                                  0x08001d0d   Thumb Code   104  fleqf.o(x$fpl$fleqf)
    __fpl_fcmple_InfNaN                      0x08001d5f   Thumb Code     0  fleqf.o(x$fpl$fleqf)
    __aeabi_fmul                             0x08001d75   Thumb Code     0  fmul.o(x$fpl$fmul)
    _fmul                                    0x08001d75   Thumb Code   258  fmul.o(x$fpl$fmul)
    __fpl_fnaninf                            0x08001e77   Thumb Code   140  fnaninf.o(x$fpl$fnaninf)
    __fpl_fretinf                            0x08001f03   Thumb Code    10  fretinf.o(x$fpl$fretinf)
    __aeabi_fsub                             0x08001f0d   Thumb Code     0  faddsub_clz.o(x$fpl$fsub)
    _fsub                                    0x08001f0d   Thumb Code   234  faddsub_clz.o(x$fpl$fsub)
    __I$use$fp                               0x08001ff6   Number         0  usenofp.o(x$fpl$usenofp)
    Region$$Table$$Base                      0x08002150   Number         0  anon$$obj.o(Region$$Table)
    Region$$Table$$Limit                     0x08002170   Number         0  anon$$obj.o(Region$$Table)
    SystemCoreClock                          0x20000000   Data           4  system_stm32f10x.o(.data.SystemCoreClock)
    __libspace_start                         0x20000008   Data          96  libspace.o(.bss)
    __temporary_stack_top$libspace           0x20000068   Data           0  libspace.o(.bss)
    msTicks                                  0x2000006c   Data           4  ds18b20.o(.bss.msTicks)
    sensors                                  0x20000070   Data          64  main.o(.bss.sensors)



==============================================================================

Memory Map of the image

  Image Entry point : 0x08000189

  Load Region LR_1 (Base: 0x08000000, Size: 0x00002174, Max: 0xffffffff, ABSOLUTE)

    Execution Region ER_RO (Exec base: 0x08000000, Load base: 0x08000000, Size: 0x00002170, Max: 0xffffffff, ABSOLUTE)

    Exec Addr    Load Addr    Size         Type   Attr      Idx    E Section Name        Object

    0x08000000   0x08000000   0x000000ec   Data   RO          102    RESET               startup_stm32f10x_md.o
    0x080000ec   0x080000ec   0x00000008   Code   RO          130  * !!!main             c_w.l(__main.o)
    0x080000f4   0x080000f4   0x00000034   Code   RO          332    !!!scatter          c_w.l(__scatter.o)
    0x08000128   0x08000128   0x0000001a   Code   RO          334    !!handler_copy      c_w.l(__scatter_copy.o)
    0x08000142   0x08000142   0x00000002   PAD
    0x08000144   0x08000144   0x0000001c   Code   RO          336    !!handler_zi        c_w.l(__scatter_zi.o)
    0x08000160   0x08000160   0x00000002   Code   RO          194    .ARM.Collect$$libinit$$00000000  c_w.l(libinit.o)
    0x08000162   0x08000162   0x00000000   Code   RO          201    .ARM.Collect$$libinit$$00000002  c_w.l(libinit2.o)
    0x08000162   0x08000162   0x00000000   Code   RO          203    .ARM.Collect$$libinit$$00000004  c_w.l(libinit2.o)
    0x08000162   0x08000162   0x00000000   Code   RO          205    .ARM.Collect$$libinit$$00000006  c_w.l(libinit2.o)
    0x08000162   0x08000162   0x00000000   Code   RO          208    .ARM.Collect$$libinit$$0000000C  c_w.l(libinit2.o)
    0x08000162   0x08000162   0x00000000   Code   RO          210    .ARM.Collect$$libinit$$0000000E  c_w.l(libinit2.o)
    0x08000162   0x08000162   0x00000000   Code   RO          212    .ARM.Collect$$libinit$$00000010  c_w.l(libinit2.o)
    0x08000162   0x08000162   0x00000000   Code   RO          215    .ARM.Collect$$libinit$$00000013  c_w.l(libinit2.o)
    0x08000162   0x08000162   0x00000000   Code   RO          217    .ARM.Collect$$libinit$$00000015  c_w.l(libinit2.o)
    0x08000162   0x08000162   0x00000000   Code   RO          219    .ARM.Collect$$libinit$$00000017  c_w.l(libinit2.o)
    0x08000162   0x08000162   0x00000000   Code   RO          221    .ARM.Collect$$libinit$$00000019  c_w.l(libinit2.o)
    0x08000162   0x08000162   0x00000000   Code   RO          223    .ARM.Collect$$libinit$$0000001B  c_w.l(libinit2.o)
    0x08000162   0x08000162   0x00000000   Code   RO          225    .ARM.Collect$$libinit$$0000001D  c_w.l(libinit2.o)
    0x08000162   0x08000162   0x00000000   Code   RO          227    .ARM.Collect$$libinit$$0000001F  c_w.l(libinit2.o)
    0x08000162   0x08000162   0x00000000   Code   RO          229    .ARM.Collect$$libinit$$00000021  c_w.l(libinit2.o)
    0x08000162   0x08000162   0x00000000   Code   RO          231    .ARM.Collect$$libinit$$00000023  c_w.l(libinit2.o)
    0x08000162   0x08000162   0x00000000   Code   RO          233    .ARM.Collect$$libinit$$00000025  c_w.l(libinit2.o)
    0x08000162   0x08000162   0x00000000   Code   RO          235    .ARM.Collect$$libinit$$00000027  c_w.l(libinit2.o)
    0x08000162   0x08000162   0x00000000   Code   RO          239    .ARM.Collect$$libinit$$0000002E  c_w.l(libinit2.o)
    0x08000162   0x08000162   0x00000000   Code   RO          241    .ARM.Collect$$libinit$$00000030  c_w.l(libinit2.o)
    0x08000162   0x08000162   0x00000000   Code   RO          243    .ARM.Collect$$libinit$$00000032  c_w.l(libinit2.o)
    0x08000162   0x08000162   0x00000000   Code   RO          245    .ARM.Collect$$libinit$$00000034  c_w.l(libinit2.o)
    0x08000162   0x08000162   0x00000002   Code   RO          246    .ARM.Collect$$libinit$$00000035  c_w.l(libinit2.o)
    0x08000164   0x08000164   0x00000002   Code   RO          268    .ARM.Collect$$libshutdown$$00000000  c_w.l(libshutdown.o)
    0x08000166   0x08000166   0x00000000   Code   RO          283    .ARM.Collect$$libshutdown$$00000002  c_w.l(libshutdown2.o)
    0x08000166   0x08000166   0x00000000   Code   RO          285    .ARM.Collect$$libshutdown$$00000004  c_w.l(libshutdown2.o)
    0x08000166   0x08000166   0x00000000   Code   RO          288    .ARM.Collect$$libshutdown$$00000007  c_w.l(libshutdown2.o)
    0x08000166   0x08000166   0x00000000   Code   RO          291    .ARM.Collect$$libshutdown$$0000000A  c_w.l(libshutdown2.o)
    0x08000166   0x08000166   0x00000000   Code   RO          293    .ARM.Collect$$libshutdown$$0000000C  c_w.l(libshutdown2.o)
    0x08000166   0x08000166   0x00000000   Code   RO          296    .ARM.Collect$$libshutdown$$0000000F  c_w.l(libshutdown2.o)
    0x08000166   0x08000166   0x00000002   Code   RO          297    .ARM.Collect$$libshutdown$$00000010  c_w.l(libshutdown2.o)
    0x08000168   0x08000168   0x00000000   Code   RO          156    .ARM.Collect$$rtentry$$00000000  c_w.l(__rtentry.o)
    0x08000168   0x08000168   0x00000000   Code   RO          169    .ARM.Collect$$rtentry$$00000002  c_w.l(__rtentry2.o)
    0x08000168   0x08000168   0x00000006   Code   RO          181    .ARM.Collect$$rtentry$$00000004  c_w.l(__rtentry4.o)
    0x0800016e   0x0800016e   0x00000000   Code   RO          171    .ARM.Collect$$rtentry$$00000009  c_w.l(__rtentry2.o)
    0x0800016e   0x0800016e   0x00000004   Code   RO          172    .ARM.Collect$$rtentry$$0000000A  c_w.l(__rtentry2.o)
    0x08000172   0x08000172   0x00000000   Code   RO          174    .ARM.Collect$$rtentry$$0000000C  c_w.l(__rtentry2.o)
    0x08000172   0x08000172   0x00000008   Code   RO          175    .ARM.Collect$$rtentry$$0000000D  c_w.l(__rtentry2.o)
    0x0800017a   0x0800017a   0x00000002   Code   RO          198    .ARM.Collect$$rtexit$$00000000  c_w.l(rtexit.o)
    0x0800017c   0x0800017c   0x00000000   Code   RO          248    .ARM.Collect$$rtexit$$00000002  c_w.l(rtexit2.o)
    0x0800017c   0x0800017c   0x00000004   Code   RO          249    .ARM.Collect$$rtexit$$00000003  c_w.l(rtexit2.o)
    0x08000180   0x08000180   0x00000006   Code   RO          250    .ARM.Collect$$rtexit$$00000004  c_w.l(rtexit2.o)
    0x08000186   0x08000186   0x00000002   PAD
    0x08000188   0x08000188   0x00000040   Code   RO          103  * .text               startup_stm32f10x_md.o
    0x080001c8   0x080001c8   0x00000006   Code   RO          128    .text               c_w.l(heapauxi.o)
    0x080001ce   0x080001ce   0x0000004a   Code   RO          185    .text               c_w.l(sys_stackheap_outer.o)
    0x08000218   0x08000218   0x00000012   Code   RO          187    .text               c_w.l(exit.o)
    0x0800022a   0x0800022a   0x00000002   PAD
    0x0800022c   0x0800022c   0x00000008   Code   RO          195    .text               c_w.l(libspace.o)
    0x08000234   0x08000234   0x0000000c   Code   RO          258    .text               c_w.l(sys_exit.o)
    0x08000240   0x08000240   0x00000002   Code   RO          273    .text               c_w.l(use_no_semi.o)
    0x08000242   0x08000242   0x00000000   Code   RO          275    .text               c_w.l(indicate_semi.o)
    0x08000242   0x08000242   0x00000002   PAD
    0x08000244   0x08000244   0x000000b2   Code   RO           88    .text.Compute_CRC8  ds18b20.o
    0x080002f6   0x080002f6   0x00000002   PAD
    0x080002f8   0x080002f8   0x00000030   Code   RO           64    .text.DelayMicro    ds18b20.o
    0x08000328   0x08000328   0x0000007c   Code   RO            6    .text.Get_APB1_FREQ  main.o
    0x080003a4   0x080003a4   0x0000010e   Code   RO           22    .text.I2C1_Init_LM75B  main.o
    0x080004b2   0x080004b2   0x00000002   PAD
    0x080004b4   0x080004b4   0x000001a8   Code   RO           44    .text.I2C1_ReadData  main.o
    0x0800065c   0x0800065c   0x0000011e   Code   RO           46    .text.I2C1_SelectRegisterForRead  main.o
    0x0800077a   0x0800077a   0x00000002   PAD
    0x0800077c   0x0800077c   0x00000032   Code   RO           42    .text.I2C1_StopAndClearErrors  main.o
    0x080007ae   0x080007ae   0x00000002   PAD
    0x080007b0   0x080007b0   0x0000016a   Code   RO           38    .text.I2C1_WriteData  main.o
    0x0800091a   0x0800091a   0x00000002   PAD
    0x0800091c   0x0800091c   0x0000003a   Code   RO           40    .text.I2C_WaitSet   main.o
    0x08000956   0x08000956   0x00000002   PAD
    0x08000958   0x08000958   0x000000e8   Code   RO            2    .text.Init_Sensors  main.o
    0x08000a40   0x08000a40   0x0000001e   Code   RO           32    .text.LED_Blink     main.o
    0x08000a5e   0x08000a5e   0x00000002   PAD
    0x08000a60   0x08000a60   0x0000002a   Code   RO           20    .text.LED_Init      main.o
    0x08000a8a   0x08000a8a   0x00000002   PAD
    0x08000a8c   0x08000a8c   0x00000010   Code   RO           34    .text.LED_Off       main.o
    0x08000a9c   0x08000a9c   0x0000000e   Code   RO           48    .text.LED_On        main.o
    0x08000aaa   0x08000aaa   0x00000002   PAD
    0x08000aac   0x08000aac   0x0000006c   Code   RO           26    .text.LM75B_ConfigOS  main.o
    0x08000b18   0x08000b18   0x0000003a   Code   RO           24    .text.LM75B_OS_Init  main.o
    0x08000b52   0x08000b52   0x00000002   PAD
    0x08000b54   0x08000b54   0x00000016   Code   RO           28    .text.LM75B_OS_IsActive  main.o
    0x08000b6a   0x08000b6a   0x00000002   PAD
    0x08000b6c   0x08000b6c   0x00000056   Code   RO           30    .text.LM75B_ReadTemperature  main.o
    0x08000bc2   0x08000bc2   0x00000002   PAD
    0x08000bc4   0x08000bc4   0x000001fe   Code   RO           90    .text.Search_ROM    ds18b20.o
    0x08000dc2   0x08000dc2   0x00000002   PAD
    0x08000dc4   0x08000dc4   0x00000008   Code   RO          112    .text.SetSysClock   system_stm32f10x.o
    0x08000dcc   0x08000dcc   0x00000122   Code   RO          116    .text.SetSysClockTo72  system_stm32f10x.o
    0x08000eee   0x08000eee   0x00000002   PAD
    0x08000ef0   0x08000ef0   0x00000052   Code   RO           18    .text.SysTick_Config  main.o
    0x08000f42   0x08000f42   0x00000002   PAD
    0x08000f44   0x08000f44   0x00000010   Code   RO           62    .text.SysTick_Handler  ds18b20.o
    0x08000f54   0x08000f54   0x00000066   Code   RO          110    .text.SystemInit    system_stm32f10x.o
    0x08000fba   0x08000fba   0x00000002   PAD
    0x08000fbc   0x08000fbc   0x00000076   Code   RO            4    .text.USART2_Init   main.o
    0x08001032   0x08001032   0x00000002   PAD
    0x08001034   0x08001034   0x00000022   Code   RO           10    .text.USART2_Print  main.o
    0x08001056   0x08001056   0x00000002   PAD
    0x08001058   0x08001058   0x000000be   Code   RO           12    .text.USART2_PrintFloat  main.o
    0x08001116   0x08001116   0x00000002   PAD
    0x08001118   0x08001118   0x00000074   Code   RO           14    .text.USART2_PrintUInt  main.o
    0x0800118c   0x0800118c   0x0000002e   Code   RO            8    .text.USART2_Send   main.o
    0x080011ba   0x080011ba   0x00000002   PAD
    0x080011bc   0x080011bc   0x00000042   Code   RO           36    .text.__NVIC_SetPriority  main.o
    0x080011fe   0x080011fe   0x00000002   PAD
    0x08001200   0x08001200   0x00000030   Code   RO           82    .text.ds18b20_ConvertTemp  ds18b20.o
    0x08001230   0x08001230   0x000000c4   Code   RO           80    .text.ds18b20_Init  ds18b20.o
    0x080012f4   0x080012f4   0x00000040   Code   RO           78    .text.ds18b20_MatchRom  ds18b20.o
    0x08001334   0x08001334   0x00000032   Code   RO           66    .text.ds18b20_PortInit  ds18b20.o
    0x08001366   0x08001366   0x00000002   PAD
    0x08001368   0x08001368   0x0000004e   Code   RO           70    .text.ds18b20_ReadBit  ds18b20.o
    0x080013b6   0x080013b6   0x00000002   PAD
    0x080013b8   0x080013b8   0x00000046   Code   RO           72    .text.ds18b20_ReadByte  ds18b20.o
    0x080013fe   0x080013fe   0x00000002   PAD
    0x08001400   0x08001400   0x0000005e   Code   RO           84    .text.ds18b20_ReadStratchpad  ds18b20.o
    0x0800145e   0x0800145e   0x00000002   PAD
    0x08001460   0x08001460   0x00000052   Code   RO           68    .text.ds18b20_Reset  ds18b20.o
    0x080014b2   0x080014b2   0x00000002   PAD
    0x080014b4   0x080014b4   0x00000044   Code   RO           74    .text.ds18b20_WriteBit  ds18b20.o
    0x080014f8   0x080014f8   0x00000044   Code   RO           76    .text.ds18b20_WriteByte  ds18b20.o
    0x0800153c   0x0800153c   0x000003e2   Code   RO           16    .text.main          main.o
    0x0800191e   0x0800191e   0x00000002   PAD
    0x08001920   0x08001920   0x000000c4   Code   RO          132    x$fpl$fadd          fz_ws.l(faddsub_clz.o)
    0x080019e4   0x080019e4   0x00000054   Code   RO          138    x$fpl$fcmp          fz_ws.l(fcmp.o)
    0x08001a38   0x08001a38   0x00000018   Code   RO          183    x$fpl$fcmpinf       fz_ws.l(fcmpi.o)
    0x08001a50   0x08001a50   0x00000184   Code   RO          141    x$fpl$fdiv          fz_ws.l(fdiv.o)
    0x08001bd4   0x08001bd4   0x00000068   Code   RO          157    x$fpl$feqf          fz_ws.l(feqf.o)
    0x08001c3c   0x08001c3c   0x00000036   Code   RO          144    x$fpl$ffix          fz_ws.l(ffix.o)
    0x08001c72   0x08001c72   0x00000002   PAD
    0x08001c74   0x08001c74   0x00000030   Code   RO          149    x$fpl$fflt          fz_ws.l(fflt_clz.o)
    0x08001ca4   0x08001ca4   0x00000068   Code   RO          159    x$fpl$fgeqf         fz_ws.l(fgeqf.o)
    0x08001d0c   0x08001d0c   0x00000068   Code   RO          161    x$fpl$fleqf         fz_ws.l(fleqf.o)
    0x08001d74   0x08001d74   0x00000102   Code   RO          154    x$fpl$fmul          fz_ws.l(fmul.o)
    0x08001e76   0x08001e76   0x0000008c   Code   RO          163    x$fpl$fnaninf       fz_ws.l(fnaninf.o)
    0x08001f02   0x08001f02   0x0000000a   Code   RO          165    x$fpl$fretinf       fz_ws.l(fretinf.o)
    0x08001f0c   0x08001f0c   0x000000ea   Code   RO          134    x$fpl$fsub          fz_ws.l(faddsub_clz.o)
    0x08001ff6   0x08001ff6   0x00000000   Code   RO          167    x$fpl$usenofp       fz_ws.l(usenofp.o)
    0x08001ff6   0x08001ff6   0x0000015a   Data   RO           53    .rodata.str1.1      main.o
    0x08002150   0x08002150   0x00000020   Data   RO          331    Region$$Table       anon$$obj.o


    Execution Region ER_RW (Exec base: 0x20000000, Load base: 0x08002170, Size: 0x00000004, Max: 0xffffffff, ABSOLUTE)

    Exec Addr    Load Addr    Size         Type   Attr      Idx    E Section Name        Object

    0x20000000   0x08002170   0x00000004   Data   RW          118    .data.SystemCoreClock  system_stm32f10x.o


    Execution Region ER_ZI (Exec base: 0x20000008, Load base: 0x08002174, Size: 0x000006a8, Max: 0xffffffff, ABSOLUTE)

    Exec Addr    Load Addr    Size         Type   Attr      Idx    E Section Name        Object

    0x20000008        -       0x00000060   Zero   RW          196    .bss                c_w.l(libspace.o)
    0x20000068        -       0x00000001   Zero   RW           51    .bss.lm75b_ok       main.o
    0x20000069        -       0x00000001   Zero   RW           52    .bss.lm75b_os_config_ok  main.o
    0x2000006a   0x08002174   0x00000002   PAD
    0x2000006c        -       0x00000004   Zero   RW           92    .bss.msTicks        ds18b20.o
    0x20000070        -       0x00000040   Zero   RW           50    .bss.sensors        main.o
    0x200000b0        -       0x00000200   Zero   RW          101    HEAP                startup_stm32f10x_md.o
    0x200002b0        -       0x00000400   Zero   RW          100    STACK               startup_stm32f10x_md.o


==============================================================================

Image component sizes


      Code (inc. data)   RO Data    RW Data    ZI Data      Debug   Object Name

      1570          0          0          0          4       5175   ds18b20.o
      3828          4        346          0         66       9874   main.o
        64         26        236          0       1536        852   startup_stm32f10x_md.o
       400          0          0          4          0       2880   system_stm32f10x.o

    ----------------------------------------------------------------------
      5916         30        614          4       1608      18781   Object Totals
         0          0         32          0          0          0   (incl. Generated)
        54          0          0          0          2          0   (incl. Padding)

    ----------------------------------------------------------------------

      Code (inc. data)   RO Data    RW Data    ZI Data      Debug   Library Member Name

         8          0          0          0          0         68   __main.o
         0          0          0          0          0          0   __rtentry.o
        12          0          0          0          0          0   __rtentry2.o
         6          0          0          0          0          0   __rtentry4.o
        52          8          0          0          0          0   __scatter.o
        26          0          0          0          0          0   __scatter_copy.o
        28          0          0          0          0          0   __scatter_zi.o
        18          0          0          0          0         80   exit.o
         6          0          0          0          0        152   heapauxi.o
         0          0          0          0          0          0   indicate_semi.o
         2          0          0          0          0          0   libinit.o
         2          0          0          0          0          0   libinit2.o
         2          0          0          0          0          0   libshutdown.o
         2          0          0          0          0          0   libshutdown2.o
         8          4          0          0         96         68   libspace.o
         2          0          0          0          0          0   rtexit.o
        10          0          0          0          0          0   rtexit2.o
        12          4          0          0          0         68   sys_exit.o
        74          0          0          0          0         80   sys_stackheap_outer.o
         2          0          0          0          0         68   use_no_semi.o
       430          8          0          0          0        168   faddsub_clz.o
        84          0          0          0          0        196   fcmp.o
        24          0          0          0          0         68   fcmpi.o
       388         76          0          0          0         96   fdiv.o
       104          4          0          0          0         84   feqf.o
        54          4          0          0          0         84   ffix.o
        48          0          0          0          0         68   fflt_clz.o
       104          4          0          0          0         84   fgeqf.o
       104          4          0          0          0         84   fleqf.o
       258          4          0          0          0         84   fmul.o
       140          4          0          0          0         84   fnaninf.o
        10          0          0          0          0         68   fretinf.o
         0          0          0          0          0          0   usenofp.o

    ----------------------------------------------------------------------
      2030        124          0          0         96       1752   Library Totals
        10          0          0          0          0          0   (incl. Padding)

    ----------------------------------------------------------------------

      Code (inc. data)   RO Data    RW Data    ZI Data      Debug   Library Name

       272         16          0          0         96        584   c_w.l
      1748        108          0          0          0       1168   fz_ws.l

    ----------------------------------------------------------------------
      2030        124          0          0         96       1752   Library Totals

    ----------------------------------------------------------------------

==============================================================================


      Code (inc. data)   RO Data    RW Data    ZI Data      Debug   

      7946        154        614          4       1704      19709   Grand Totals
      7946        154        614          4       1704      19709   ELF Image Totals
      7946        154        614          4          0          0   ROM Totals

==============================================================================

    Total RO  Size (Code + RO Data)                 8560 (   8.36kB)
    Total RW  Size (RW Data + ZI Data)              1708 (   1.67kB)
    Total ROM Size (Code + RO Data + RW Data)       8564 (   8.36kB)

==============================================================================

